<html>
<body>
<pre>
<h1>µVision Build Log</h1>
<h2>Project:</h2>
C:\Users\Cruz Monrreal II\Desktop\Dropbox\EE345M\Lab1\procedure\Lab1-procedure.uvproj
Project File Date:  02/06/2012

<h2>Output:</h2>
Build target 'OLED'
assembling Startup.s...
compiling uart_echo_mod.c...
compiling rit128x96x4.c...
linking...
Program Size: Code=4762 RO-data=762 RW-data=48 ZI-data=744  
"Lab1.axf" - 0 Error(s), 0 Warning(s).
Load "C:\\Users\\Cruz Monrreal II\\Desktop\\Dropbox\\EE345M\\Lab1\\procedure\\Lab1.AXF" 
Connecting: Mode=JTAG, Speed=1000000Hz
Erase Done.
Programming Done.
Verify OK.
Build target 'OLED'
assembling Startup.s...
compiling uart_echo_mod.c...
compiling rit128x96x4.c...
linking...
Program Size: Code=4762 RO-data=762 RW-data=48 ZI-data=744  
"Lab1.axf" - 0 Error(s), 0 Warning(s).
Load "C:\\Users\\Cruz Monrreal II\\Desktop\\Dropbox\\EE345M\\Lab1\\procedure\\Lab1.AXF" 
Connecting: Mode=JTAG, Speed=1000000Hz
Erase Done.
Programming Done.
Verify OK.
Build target 'OLED'
assembling Startup.s...
compiling uart_echo_mod.c...
compiling rit128x96x4.c...
linking...
Program Size: Code=4774 RO-data=762 RW-data=48 ZI-data=744  
"Lab1.axf" - 0 Error(s), 0 Warning(s).
Load "C:\\Users\\Cruz Monrreal II\\Desktop\\Dropbox\\EE345M\\Lab1\\procedure\\Lab1.AXF" 
Connecting: Mode=JTAG, Speed=1000000Hz
Erase Done.
Programming Done.
Verify OK.
Build target 'OLED'
assembling Startup.s...
compiling uart_echo_mod.c...
compiling rit128x96x4.c...
linking...
Program Size: Code=4782 RO-data=762 RW-data=48 ZI-data=744  
"Lab1.axf" - 0 Error(s), 0 Warning(s).
Load "C:\\Users\\Cruz Monrreal II\\Desktop\\Dropbox\\EE345M\\Lab1\\procedure\\Lab1.AXF" 
Connecting: Mode=JTAG, Speed=1000000Hz
Erase Done.
Programming Done.
Verify OK.
Build target 'OLED'
assembling Startup.s...
compiling uart_echo_mod.c...
compiling rit128x96x4.c...
linking...
Program Size: Code=4782 RO-data=762 RW-data=48 ZI-data=744  
"Lab1.axf" - 0 Error(s), 0 Warning(s).
Load "C:\\Users\\Cruz Monrreal II\\Desktop\\Dropbox\\EE345M\\Lab1\\procedure\\Lab1.AXF" 
Connecting: Mode=JTAG, Speed=1000000Hz
Erase Done.
Programming Done.
Verify OK.
Build target 'OLED'
assembling Startup.s...
compiling uart_echo_mod.c...
compiling rit128x96x4.c...
linking...
Program Size: Code=4806 RO-data=762 RW-data=48 ZI-data=744  
"Lab1.axf" - 0 Error(s), 0 Warning(s).
Load "C:\\Users\\Cruz Monrreal II\\Desktop\\Dropbox\\EE345M\\Lab1\\procedure\\Lab1.AXF" 
Connecting: Mode=JTAG, Speed=1000000Hz
Erase Done.
Programming Done.
Verify OK.
Build target 'OLED'
assembling Startup.s...
compiling uart_echo_mod.c...
compiling rit128x96x4.c...
linking...
Program Size: Code=4798 RO-data=762 RW-data=48 ZI-data=744  
"Lab1.axf" - 0 Error(s), 0 Warning(s).
Build target 'OLED'
assembling Startup.s...
compiling uart_echo_mod.c...
compiling rit128x96x4.c...
linking...
Program Size: Code=4798 RO-data=762 RW-data=48 ZI-data=744  
"Lab1.axf" - 0 Error(s), 0 Warning(s).
Load "C:\\Users\\Cruz Monrreal II\\Desktop\\Dropbox\\EE345M\\Lab1\\procedure\\Lab1.AXF" 
Connecting: Mode=JTAG, Speed=1000000Hz
Erase Done.
Programming Done.
Verify OK.
Build target 'OLED'
assembling Startup.s...
compiling uart_echo_mod.c...
compiling rit128x96x4.c...
linking...
Program Size: Code=4806 RO-data=762 RW-data=48 ZI-data=744  
"Lab1.axf" - 0 Error(s), 0 Warning(s).
Load "C:\\Users\\Cruz Monrreal II\\Desktop\\Dropbox\\EE345M\\Lab1\\procedure\\Lab1.AXF" 
Connecting: Mode=JTAG, Speed=1000000Hz
Erase Done.
Programming Done.
Verify OK.
Build target 'OLED'
assembling Startup.s...
compiling uart_echo_mod.c...
compiling rit128x96x4.c...
linking...
Program Size: Code=4814 RO-data=762 RW-data=48 ZI-data=744  
"Lab1.axf" - 0 Error(s), 0 Warning(s).
Load "C:\\Users\\Cruz Monrreal II\\Desktop\\Dropbox\\EE345M\\Lab1\\procedure\\Lab1.AXF" 
Connecting: Mode=JTAG, Speed=1000000Hz
Erase Done.
Programming Done.
Verify OK.
Build target 'OLED'
assembling Startup.s...
compiling uart_echo_mod.c...
compiling rit128x96x4.c...
linking...
Program Size: Code=4886 RO-data=762 RW-data=48 ZI-data=744  
"Lab1.axf" - 0 Error(s), 0 Warning(s).
Load "C:\\Users\\Cruz Monrreal II\\Desktop\\Dropbox\\EE345M\\Lab1\\procedure\\Lab1.AXF" 
Connecting: Mode=JTAG, Speed=1000000Hz
Erase Done.
Programming Done.
Verify OK.
Build target 'OLED'
assembling Startup.s...
compiling uart_echo_mod.c...
uart_echo_mod.c(219): error:  #137: expression must be a modifiable lvalue
compiling rit128x96x4.c...
Target not created
Build target 'OLED'
assembling Startup.s...
compiling uart_echo_mod.c...
compiling rit128x96x4.c...
linking...
Program Size: Code=4898 RO-data=762 RW-data=48 ZI-data=744  
"Lab1.axf" - 0 Error(s), 0 Warning(s).
Load "C:\\Users\\Cruz Monrreal II\\Desktop\\Dropbox\\EE345M\\Lab1\\procedure\\Lab1.AXF" 
Connecting: Mode=JTAG, Speed=1000000Hz
Erase Done.
Programming Done.
Verify OK.
Build target 'OLED'
assembling Startup.s...
compiling uart_echo_mod.c...
compiling rit128x96x4.c...
linking...
Program Size: Code=4930 RO-data=762 RW-data=48 ZI-data=744  
"Lab1.axf" - 0 Error(s), 0 Warning(s).
Load "C:\\Users\\Cruz Monrreal II\\Desktop\\Dropbox\\EE345M\\Lab1\\procedure\\Lab1.AXF" 
Connecting: Mode=JTAG, Speed=1000000Hz
Erase Done.
Programming Done.
Verify OK.
Build target 'OLED'
assembling Startup.s...
compiling uart_echo_mod.c...
compiling rit128x96x4.c...
linking...
Program Size: Code=4930 RO-data=762 RW-data=48 ZI-data=744  
"Lab1.axf" - 0 Error(s), 0 Warning(s).
Load "C:\\Users\\Cruz Monrreal II\\Desktop\\Dropbox\\EE345M\\Lab1\\procedure\\Lab1.AXF" 
Connecting: Mode=JTAG, Speed=1000000Hz
Erase Done.
Programming Done.
Verify OK.
Build target 'OLED'
assembling Startup.s...
compiling uart_echo_mod.c...
compiling rit128x96x4.c...
linking...
Program Size: Code=4930 RO-data=762 RW-data=48 ZI-data=744  
"Lab1.axf" - 0 Error(s), 0 Warning(s).
Load "C:\\Users\\Cruz Monrreal II\\Desktop\\Dropbox\\EE345M\\Lab1\\procedure\\Lab1.AXF" 
Connecting: Mode=JTAG, Speed=1000000Hz
Erase Done.
Programming Done.
Verify OK.
