ARM Linker, RVCT4.0 [Build 728] [Standard]

==============================================================================

Section Cross References

    startup.o(RESET) refers to startup.o(STACK) for StackMem
    startup.o(RESET) refers to uart_echo_mod.o(.text) for UARTIntHandler
    startup.o(RESET) refers to os.o(.text) for Timer2A_Handler
    startup.o(RESET) refers to entry.o(.ARM.Collect$$$$00000000) for __main
    uart_echo_mod.o(.text) refers to startup.o(RESET) for StartCritical
    uart_echo_mod.o(.text) refers to uart.o(i.UARTIntStatus) for UARTIntStatus
    uart_echo_mod.o(.text) refers to uart.o(i.UARTIntClear) for UARTIntClear
    uart_echo_mod.o(.text) refers to uart.o(i.UARTCharGetNonBlocking) for UARTCharGetNonBlocking
    uart_echo_mod.o(.text) refers to uart.o(i.UARTCharsAvail) for UARTCharsAvail
    uart_echo_mod.o(.text) refers to uart.o(i.UARTCharPutNonBlocking) for UARTCharPutNonBlocking
    uart_echo_mod.o(.text) refers to rit128x96x4.o(.text) for oLED_Message
    uart_echo_mod.o(.text) refers to uart.o(i.UARTSpaceAvail) for UARTSpaceAvail
    uart_echo_mod.o(.text) refers to sysctl.o(i.SysCtlClockSet) for SysCtlClockSet
    uart_echo_mod.o(.text) refers to sysctl.o(i.SysCtlPeripheralEnable) for SysCtlPeripheralEnable
    uart_echo_mod.o(.text) refers to interrupt.o(i.IntMasterEnable) for IntMasterEnable
    uart_echo_mod.o(.text) refers to os.o(.text) for OS_AddPeriodicThread
    uart_echo_mod.o(.text) refers to gpio.o(i.GPIOPinTypeUART) for GPIOPinTypeUART
    uart_echo_mod.o(.text) refers to sysctl.o(i.SysCtlClockGet) for SysCtlClockGet
    uart_echo_mod.o(.text) refers to uart.o(i.UARTConfigSetExpClk) for UARTConfigSetExpClk
    uart_echo_mod.o(.text) refers to interrupt.o(i.IntEnable) for IntEnable
    uart_echo_mod.o(.text) refers to uart.o(i.UARTIntEnable) for UARTIntEnable
    uart_echo_mod.o(.text) refers to strstr.o(.text) for strstr
    uart_echo_mod.o(.text) refers to strlen.o(.text) for strlen
    uart_echo_mod.o(.text) refers to strncpy.o(.text) for strncpy
    uart_echo_mod.o(.text) refers to memseta.o(.text) for __aeabi_memclr4
    uart_echo_mod.o(.text) refers to uart_echo_mod.o(.data) for InGetI
    uart_echo_mod.o(.text) refers to uart_echo_mod.o(.bss) for .bss
    rit128x96x4.o(.text) refers to ssi.o(i.SSIBusy) for SSIBusy
    rit128x96x4.o(.text) refers to gpio.o(i.GPIOPinWrite) for GPIOPinWrite
    rit128x96x4.o(.text) refers to ssi.o(i.SSIDataPut) for SSIDataPut
    rit128x96x4.o(.text) refers to ssi.o(i.SSIDisable) for SSIDisable
    rit128x96x4.o(.text) refers to sysctl.o(i.SysCtlClockGet) for SysCtlClockGet
    rit128x96x4.o(.text) refers to ssi.o(i.SSIConfigSetExpClk) for SSIConfigSetExpClk
    rit128x96x4.o(.text) refers to gpio.o(i.GPIOPinTypeSSI) for GPIOPinTypeSSI
    rit128x96x4.o(.text) refers to gpio.o(i.GPIOPadConfigSet) for GPIOPadConfigSet
    rit128x96x4.o(.text) refers to ssi.o(i.SSIEnable) for SSIEnable
    rit128x96x4.o(.text) refers to ssi.o(i.SSIDataGetNonBlocking) for SSIDataGetNonBlocking
    rit128x96x4.o(.text) refers to gpio.o(i.GPIOPinTypeGPIOOutput) for GPIOPinTypeGPIOOutput
    rit128x96x4.o(.text) refers to sysctl.o(i.SysCtlPeripheralEnable) for SysCtlPeripheralEnable
    rit128x96x4.o(.text) refers to rit128x96x4.o(.data) for .data
    rit128x96x4.o(.text) refers to rit128x96x4.o(.constdata) for .constdata
    rit128x96x4.o(.text) refers to printf1.o(i.__0sprintf$1) for __2sprintf
    rit128x96x4.o(.text) refers to strlen.o(.text) for strlen
    rit128x96x4.o(.text) refers to rit128x96x4.o(.bss) for scrollLines
    os.o(.text) refers to gpio.o(i.GPIOPinWrite) for GPIOPinWrite
    os.o(.text) refers to timer.o(i.TimerIntClear) for TimerIntClear
    os.o(.text) refers to sysctl.o(i.SysCtlPeripheralEnable) for SysCtlPeripheralEnable
    os.o(.text) refers to timer.o(i.TimerConfigure) for TimerConfigure
    os.o(.text) refers to timer.o(i.TimerLoadSet) for TimerLoadSet
    os.o(.text) refers to timer.o(i.TimerEnable) for TimerEnable
    os.o(.text) refers to timer.o(i.TimerIntEnable) for TimerIntEnable
    os.o(.text) refers to interrupt.o(i.IntEnable) for IntEnable
    os.o(.text) refers to gpio.o(i.GPIOPinTypeGPIOOutput) for GPIOPinTypeGPIOOutput
    os.o(.text) refers to timer.o(i.TimerDisable) for TimerDisable
    os.o(.text) refers to os.o(.data) for os_counter
    gpio.o(i.GPIOPinConfigure) refers to gpio.o(.constdata) for .constdata
    gpio.o(i.GPIOPinTypeADC) refers to gpio.o(i.GPIODirModeSet) for GPIODirModeSet
    gpio.o(i.GPIOPinTypeADC) refers to gpio.o(i.GPIOPadConfigSet) for GPIOPadConfigSet
    gpio.o(i.GPIOPinTypeCAN) refers to gpio.o(i.GPIODirModeSet) for GPIODirModeSet
    gpio.o(i.GPIOPinTypeCAN) refers to gpio.o(i.GPIOPadConfigSet) for GPIOPadConfigSet
    gpio.o(i.GPIOPinTypeComparator) refers to gpio.o(i.GPIODirModeSet) for GPIODirModeSet
    gpio.o(i.GPIOPinTypeComparator) refers to gpio.o(i.GPIOPadConfigSet) for GPIOPadConfigSet
    gpio.o(i.GPIOPinTypeEPI) refers to gpio.o(i.GPIODirModeSet) for GPIODirModeSet
    gpio.o(i.GPIOPinTypeEPI) refers to gpio.o(i.GPIOPadConfigSet) for GPIOPadConfigSet
    gpio.o(i.GPIOPinTypeEthernetLED) refers to gpio.o(i.GPIODirModeSet) for GPIODirModeSet
    gpio.o(i.GPIOPinTypeEthernetLED) refers to gpio.o(i.GPIOPadConfigSet) for GPIOPadConfigSet
    gpio.o(i.GPIOPinTypeGPIOInput) refers to gpio.o(i.GPIODirModeSet) for GPIODirModeSet
    gpio.o(i.GPIOPinTypeGPIOInput) refers to gpio.o(i.GPIOPadConfigSet) for GPIOPadConfigSet
    gpio.o(i.GPIOPinTypeGPIOOutput) refers to gpio.o(i.GPIOPadConfigSet) for GPIOPadConfigSet
    gpio.o(i.GPIOPinTypeGPIOOutput) refers to gpio.o(i.GPIODirModeSet) for GPIODirModeSet
    gpio.o(i.GPIOPinTypeGPIOOutputOD) refers to gpio.o(i.GPIOPadConfigSet) for GPIOPadConfigSet
    gpio.o(i.GPIOPinTypeGPIOOutputOD) refers to gpio.o(i.GPIODirModeSet) for GPIODirModeSet
    gpio.o(i.GPIOPinTypeI2C) refers to gpio.o(i.GPIODirModeSet) for GPIODirModeSet
    gpio.o(i.GPIOPinTypeI2C) refers to gpio.o(i.GPIOPadConfigSet) for GPIOPadConfigSet
    gpio.o(i.GPIOPinTypeI2S) refers to gpio.o(i.GPIODirModeSet) for GPIODirModeSet
    gpio.o(i.GPIOPinTypeI2S) refers to gpio.o(i.GPIOPadConfigSet) for GPIOPadConfigSet
    gpio.o(i.GPIOPinTypePWM) refers to gpio.o(i.GPIODirModeSet) for GPIODirModeSet
    gpio.o(i.GPIOPinTypePWM) refers to gpio.o(i.GPIOPadConfigSet) for GPIOPadConfigSet
    gpio.o(i.GPIOPinTypeQEI) refers to gpio.o(i.GPIODirModeSet) for GPIODirModeSet
    gpio.o(i.GPIOPinTypeQEI) refers to gpio.o(i.GPIOPadConfigSet) for GPIOPadConfigSet
    gpio.o(i.GPIOPinTypeSSI) refers to gpio.o(i.GPIODirModeSet) for GPIODirModeSet
    gpio.o(i.GPIOPinTypeSSI) refers to gpio.o(i.GPIOPadConfigSet) for GPIOPadConfigSet
    gpio.o(i.GPIOPinTypeTimer) refers to gpio.o(i.GPIODirModeSet) for GPIODirModeSet
    gpio.o(i.GPIOPinTypeTimer) refers to gpio.o(i.GPIOPadConfigSet) for GPIOPadConfigSet
    gpio.o(i.GPIOPinTypeUART) refers to gpio.o(i.GPIODirModeSet) for GPIODirModeSet
    gpio.o(i.GPIOPinTypeUART) refers to gpio.o(i.GPIOPadConfigSet) for GPIOPadConfigSet
    gpio.o(i.GPIOPinTypeUSBAnalog) refers to gpio.o(i.GPIODirModeSet) for GPIODirModeSet
    gpio.o(i.GPIOPinTypeUSBAnalog) refers to gpio.o(i.GPIOPadConfigSet) for GPIOPadConfigSet
    gpio.o(i.GPIOPinTypeUSBDigital) refers to gpio.o(i.GPIODirModeSet) for GPIODirModeSet
    gpio.o(i.GPIOPinTypeUSBDigital) refers to gpio.o(i.GPIOPadConfigSet) for GPIOPadConfigSet
    gpio.o(i.GPIOPortIntRegister) refers to gpio.o(i.GPIOGetIntNumber) for GPIOGetIntNumber
    gpio.o(i.GPIOPortIntRegister) refers to interrupt.o(i.IntRegister) for IntRegister
    gpio.o(i.GPIOPortIntRegister) refers to interrupt.o(i.IntEnable) for IntEnable
    gpio.o(i.GPIOPortIntUnregister) refers to gpio.o(i.GPIOGetIntNumber) for GPIOGetIntNumber
    gpio.o(i.GPIOPortIntUnregister) refers to interrupt.o(i.IntDisable) for IntDisable
    gpio.o(i.GPIOPortIntUnregister) refers to interrupt.o(i.IntUnregister) for IntUnregister
    interrupt.o(i.IntMasterDisable) refers to cpu.o(.emb_text) for CPUcpsid
    interrupt.o(i.IntMasterEnable) refers to cpu.o(.emb_text) for CPUcpsie
    interrupt.o(i.IntPriorityGet) refers to interrupt.o(.constdata) for .constdata
    interrupt.o(i.IntPriorityGroupingGet) refers to interrupt.o(.constdata) for .constdata
    interrupt.o(i.IntPriorityGroupingSet) refers to interrupt.o(.constdata) for .constdata
    interrupt.o(i.IntPriorityMaskGet) refers to cpu.o(.emb_text) for CPUbasepriGet
    interrupt.o(i.IntPriorityMaskSet) refers to cpu.o(.emb_text) for CPUbasepriSet
    interrupt.o(i.IntPrioritySet) refers to interrupt.o(.constdata) for .constdata
    interrupt.o(i.IntRegister) refers to interrupt.o(vtable) for vtable
    interrupt.o(i.IntUnregister) refers to interrupt.o(i.IntDefaultHandler) for IntDefaultHandler
    interrupt.o(i.IntUnregister) refers to interrupt.o(vtable) for vtable
    ssi.o(i.SSIIntRegister) refers to interrupt.o(i.IntRegister) for IntRegister
    ssi.o(i.SSIIntRegister) refers to interrupt.o(i.IntEnable) for IntEnable
    ssi.o(i.SSIIntUnregister) refers to interrupt.o(i.IntDisable) for IntDisable
    ssi.o(i.SSIIntUnregister) refers to interrupt.o(i.IntUnregister) for IntUnregister
    sysctl.o(i.SysCtlClockGet) refers to sysctl.o(.constdata) for .constdata
    sysctl.o(i.SysCtlClockSet) refers to sysctl.o(.emb_text) for SysCtlDelay
    sysctl.o(i.SysCtlDeepSleep) refers to cpu.o(.emb_text) for CPUwfi
    sysctl.o(i.SysCtlI2SMClkSet) refers to sysctl.o(.constdata) for .constdata
    sysctl.o(i.SysCtlIntRegister) refers to interrupt.o(i.IntRegister) for IntRegister
    sysctl.o(i.SysCtlIntRegister) refers to interrupt.o(i.IntEnable) for IntEnable
    sysctl.o(i.SysCtlIntUnregister) refers to interrupt.o(i.IntDisable) for IntDisable
    sysctl.o(i.SysCtlIntUnregister) refers to interrupt.o(i.IntUnregister) for IntUnregister
    sysctl.o(i.SysCtlPeripheralDeepSleepDisable) refers to sysctl.o(.constdata) for .constdata
    sysctl.o(i.SysCtlPeripheralDeepSleepEnable) refers to sysctl.o(.constdata) for .constdata
    sysctl.o(i.SysCtlPeripheralDisable) refers to sysctl.o(.constdata) for .constdata
    sysctl.o(i.SysCtlPeripheralEnable) refers to sysctl.o(.constdata) for .constdata
    sysctl.o(i.SysCtlPeripheralPresent) refers to sysctl.o(.constdata) for .constdata
    sysctl.o(i.SysCtlPeripheralReset) refers to sysctl.o(.constdata) for .constdata
    sysctl.o(i.SysCtlPeripheralSleepDisable) refers to sysctl.o(.constdata) for .constdata
    sysctl.o(i.SysCtlPeripheralSleepEnable) refers to sysctl.o(.constdata) for .constdata
    sysctl.o(i.SysCtlSleep) refers to cpu.o(.emb_text) for CPUwfi
    timer.o(i.TimerIntRegister) refers to interrupt.o(i.IntRegister) for IntRegister
    timer.o(i.TimerIntRegister) refers to interrupt.o(i.IntEnable) for IntEnable
    timer.o(i.TimerIntUnregister) refers to interrupt.o(i.IntDisable) for IntDisable
    timer.o(i.TimerIntUnregister) refers to interrupt.o(i.IntUnregister) for IntUnregister
    timer.o(i.TimerQuiesce) refers to interrupt.o(i.IntDisable) for IntDisable
    timer.o(i.TimerQuiesce) refers to interrupt.o(i.IntUnregister) for IntUnregister
    uart.o(i.UARTIntRegister) refers to interrupt.o(i.IntRegister) for IntRegister
    uart.o(i.UARTIntRegister) refers to interrupt.o(i.IntEnable) for IntEnable
    uart.o(i.UARTIntUnregister) refers to interrupt.o(i.IntDisable) for IntDisable
    uart.o(i.UARTIntUnregister) refers to interrupt.o(i.IntUnregister) for IntUnregister
    entry.o(.ARM.Collect$$$$00000000) refers (Special) to entry7.o(.ARM.Collect$$$$00000007) for _main_init
    entry.o(.ARM.Collect$$$$00000000) refers (Special) to entry5.o(.ARM.Collect$$$$00000004) for _main_scatterload
    entry.o(.ARM.Collect$$$$00000000) refers (Special) to entry2.o(.ARM.Collect$$$$00000001) for _main_stk
    printfb.o(i.__0fprintf$bare) refers to printfb.o(i._printf_core) for _printf_core
    printfb.o(i.__0fprintf$bare) refers to fputc.o(i.fputc) for fputc
    printfb.o(i.__0printf$bare) refers to printfb.o(i._printf_core) for _printf_core
    printfb.o(i.__0printf$bare) refers to fputc.o(i.fputc) for fputc
    printfb.o(i.__0printf$bare) refers to stdout.o(.data) for __stdout
    printfb.o(i.__0snprintf$bare) refers to printfb.o(i._printf_core) for _printf_core
    printfb.o(i.__0snprintf$bare) refers to printfb.o(i._snputc) for _snputc
    printfb.o(i.__0sprintf$bare) refers to printfb.o(i._printf_core) for _printf_core
    printfb.o(i.__0sprintf$bare) refers to printfb.o(i._sputc) for _sputc
    printfb.o(i.__0vfprintf$bare) refers to printfb.o(i._printf_core) for _printf_core
    printfb.o(i.__0vfprintf$bare) refers to fputc.o(i.fputc) for fputc
    printfb.o(i.__0vprintf$bare) refers to printfb.o(i._printf_core) for _printf_core
    printfb.o(i.__0vprintf$bare) refers to fputc.o(i.fputc) for fputc
    printfb.o(i.__0vprintf$bare) refers to stdout.o(.data) for __stdout
    printfb.o(i.__0vsnprintf$bare) refers to printfb.o(i._printf_core) for _printf_core
    printfb.o(i.__0vsnprintf$bare) refers to printfb.o(i._snputc) for _snputc
    printfb.o(i.__0vsprintf$bare) refers to printfb.o(i._printf_core) for _printf_core
    printfb.o(i.__0vsprintf$bare) refers to printfb.o(i._sputc) for _sputc
    printf0.o(i.__0fprintf$0) refers to printf0.o(i._printf_core) for _printf_core
    printf0.o(i.__0fprintf$0) refers to fputc.o(i.fputc) for fputc
    printf0.o(i.__0printf$0) refers to printf0.o(i._printf_core) for _printf_core
    printf0.o(i.__0printf$0) refers to fputc.o(i.fputc) for fputc
    printf0.o(i.__0printf$0) refers to stdout.o(.data) for __stdout
    printf0.o(i.__0snprintf$0) refers to printf0.o(i._printf_core) for _printf_core
    printf0.o(i.__0snprintf$0) refers to printf0.o(i._snputc) for _snputc
    printf0.o(i.__0sprintf$0) refers to printf0.o(i._printf_core) for _printf_core
    printf0.o(i.__0sprintf$0) refers to printf0.o(i._sputc) for _sputc
    printf0.o(i.__0vfprintf$0) refers to printf0.o(i._printf_core) for _printf_core
    printf0.o(i.__0vfprintf$0) refers to fputc.o(i.fputc) for fputc
    printf0.o(i.__0vprintf$0) refers to printf0.o(i._printf_core) for _printf_core
    printf0.o(i.__0vprintf$0) refers to fputc.o(i.fputc) for fputc
    printf0.o(i.__0vprintf$0) refers to stdout.o(.data) for __stdout
    printf0.o(i.__0vsnprintf$0) refers to printf0.o(i._printf_core) for _printf_core
    printf0.o(i.__0vsnprintf$0) refers to printf0.o(i._snputc) for _snputc
    printf0.o(i.__0vsprintf$0) refers to printf0.o(i._printf_core) for _printf_core
    printf0.o(i.__0vsprintf$0) refers to printf0.o(i._sputc) for _sputc
    printf1.o(i.__0fprintf$1) refers to printf1.o(i._printf_core) for _printf_core
    printf1.o(i.__0fprintf$1) refers to fputc.o(i.fputc) for fputc
    printf1.o(i.__0printf$1) refers to printf1.o(i._printf_core) for _printf_core
    printf1.o(i.__0printf$1) refers to fputc.o(i.fputc) for fputc
    printf1.o(i.__0printf$1) refers to stdout.o(.data) for __stdout
    printf1.o(i.__0snprintf$1) refers to printf1.o(i._printf_core) for _printf_core
    printf1.o(i.__0snprintf$1) refers to printf1.o(i._snputc) for _snputc
    printf1.o(i.__0sprintf$1) refers to printf1.o(i._printf_core) for _printf_core
    printf1.o(i.__0sprintf$1) refers to printf1.o(i._sputc) for _sputc
    printf1.o(i.__0vfprintf$1) refers to printf1.o(i._printf_core) for _printf_core
    printf1.o(i.__0vfprintf$1) refers to fputc.o(i.fputc) for fputc
    printf1.o(i.__0vprintf$1) refers to printf1.o(i._printf_core) for _printf_core
    printf1.o(i.__0vprintf$1) refers to fputc.o(i.fputc) for fputc
    printf1.o(i.__0vprintf$1) refers to stdout.o(.data) for __stdout
    printf1.o(i.__0vsnprintf$1) refers to printf1.o(i._printf_core) for _printf_core
    printf1.o(i.__0vsnprintf$1) refers to printf1.o(i._snputc) for _snputc
    printf1.o(i.__0vsprintf$1) refers to printf1.o(i._printf_core) for _printf_core
    printf1.o(i.__0vsprintf$1) refers to printf1.o(i._sputc) for _sputc
    printf1.o(i._printf_core) refers to uidiv.o(.text) for __aeabi_uidivmod
    printf2.o(i.__0fprintf$2) refers to printf2.o(i._printf_core) for _printf_core
    printf2.o(i.__0fprintf$2) refers to fputc.o(i.fputc) for fputc
    printf2.o(i.__0printf$2) refers to printf2.o(i._printf_core) for _printf_core
    printf2.o(i.__0printf$2) refers to fputc.o(i.fputc) for fputc
    printf2.o(i.__0printf$2) refers to stdout.o(.data) for __stdout
    printf2.o(i.__0snprintf$2) refers to printf2.o(i._printf_core) for _printf_core
    printf2.o(i.__0snprintf$2) refers to printf2.o(i._snputc) for _snputc
    printf2.o(i.__0sprintf$2) refers to printf2.o(i._printf_core) for _printf_core
    printf2.o(i.__0sprintf$2) refers to printf2.o(i._sputc) for _sputc
    printf2.o(i.__0vfprintf$2) refers to printf2.o(i._printf_core) for _printf_core
    printf2.o(i.__0vfprintf$2) refers to fputc.o(i.fputc) for fputc
    printf2.o(i.__0vprintf$2) refers to printf2.o(i._printf_core) for _printf_core
    printf2.o(i.__0vprintf$2) refers to fputc.o(i.fputc) for fputc
    printf2.o(i.__0vprintf$2) refers to stdout.o(.data) for __stdout
    printf2.o(i.__0vsnprintf$2) refers to printf2.o(i._printf_core) for _printf_core
    printf2.o(i.__0vsnprintf$2) refers to printf2.o(i._snputc) for _snputc
    printf2.o(i.__0vsprintf$2) refers to printf2.o(i._printf_core) for _printf_core
    printf2.o(i.__0vsprintf$2) refers to printf2.o(i._sputc) for _sputc
    printf3.o(i.__0fprintf$3) refers to printf3.o(i._printf_core) for _printf_core
    printf3.o(i.__0fprintf$3) refers to fputc.o(i.fputc) for fputc
    printf3.o(i.__0printf$3) refers to printf3.o(i._printf_core) for _printf_core
    printf3.o(i.__0printf$3) refers to fputc.o(i.fputc) for fputc
    printf3.o(i.__0printf$3) refers to stdout.o(.data) for __stdout
    printf3.o(i.__0snprintf$3) refers to printf3.o(i._printf_core) for _printf_core
    printf3.o(i.__0snprintf$3) refers to printf3.o(i._snputc) for _snputc
    printf3.o(i.__0sprintf$3) refers to printf3.o(i._printf_core) for _printf_core
    printf3.o(i.__0sprintf$3) refers to printf3.o(i._sputc) for _sputc
    printf3.o(i.__0vfprintf$3) refers to printf3.o(i._printf_core) for _printf_core
    printf3.o(i.__0vfprintf$3) refers to fputc.o(i.fputc) for fputc
    printf3.o(i.__0vprintf$3) refers to printf3.o(i._printf_core) for _printf_core
    printf3.o(i.__0vprintf$3) refers to fputc.o(i.fputc) for fputc
    printf3.o(i.__0vprintf$3) refers to stdout.o(.data) for __stdout
    printf3.o(i.__0vsnprintf$3) refers to printf3.o(i._printf_core) for _printf_core
    printf3.o(i.__0vsnprintf$3) refers to printf3.o(i._snputc) for _snputc
    printf3.o(i.__0vsprintf$3) refers to printf3.o(i._printf_core) for _printf_core
    printf3.o(i.__0vsprintf$3) refers to printf3.o(i._sputc) for _sputc
    printf3.o(i._printf_core) refers to uidiv.o(.text) for __aeabi_uidivmod
    printf4.o(i.__0fprintf$4) refers to printf4.o(i._printf_core) for _printf_core
    printf4.o(i.__0fprintf$4) refers to fputc.o(i.fputc) for fputc
    printf4.o(i.__0printf$4) refers to printf4.o(i._printf_core) for _printf_core
    printf4.o(i.__0printf$4) refers to fputc.o(i.fputc) for fputc
    printf4.o(i.__0printf$4) refers to stdout.o(.data) for __stdout
    printf4.o(i.__0snprintf$4) refers to printf4.o(i._printf_core) for _printf_core
    printf4.o(i.__0snprintf$4) refers to printf4.o(i._snputc) for _snputc
    printf4.o(i.__0sprintf$4) refers to printf4.o(i._printf_core) for _printf_core
    printf4.o(i.__0sprintf$4) refers to printf4.o(i._sputc) for _sputc
    printf4.o(i.__0vfprintf$4) refers to printf4.o(i._printf_core) for _printf_core
    printf4.o(i.__0vfprintf$4) refers to fputc.o(i.fputc) for fputc
    printf4.o(i.__0vprintf$4) refers to printf4.o(i._printf_core) for _printf_core
    printf4.o(i.__0vprintf$4) refers to fputc.o(i.fputc) for fputc
    printf4.o(i.__0vprintf$4) refers to stdout.o(.data) for __stdout
    printf4.o(i.__0vsnprintf$4) refers to printf4.o(i._printf_core) for _printf_core
    printf4.o(i.__0vsnprintf$4) refers to printf4.o(i._snputc) for _snputc
    printf4.o(i.__0vsprintf$4) refers to printf4.o(i._printf_core) for _printf_core
    printf4.o(i.__0vsprintf$4) refers to printf4.o(i._sputc) for _sputc
    printf4.o(i._printf_core) refers to uldiv.o(.text) for __aeabi_uldivmod
    printf5.o(i.__0fprintf$5) refers to printf5.o(i._printf_core) for _printf_core
    printf5.o(i.__0fprintf$5) refers to fputc.o(i.fputc) for fputc
    printf5.o(i.__0printf$5) refers to printf5.o(i._printf_core) for _printf_core
    printf5.o(i.__0printf$5) refers to fputc.o(i.fputc) for fputc
    printf5.o(i.__0printf$5) refers to stdout.o(.data) for __stdout
    printf5.o(i.__0snprintf$5) refers to printf5.o(i._printf_core) for _printf_core
    printf5.o(i.__0snprintf$5) refers to printf5.o(i._snputc) for _snputc
    printf5.o(i.__0sprintf$5) refers to printf5.o(i._printf_core) for _printf_core
    printf5.o(i.__0sprintf$5) refers to printf5.o(i._sputc) for _sputc
    printf5.o(i.__0vfprintf$5) refers to printf5.o(i._printf_core) for _printf_core
    printf5.o(i.__0vfprintf$5) refers to fputc.o(i.fputc) for fputc
    printf5.o(i.__0vprintf$5) refers to printf5.o(i._printf_core) for _printf_core
    printf5.o(i.__0vprintf$5) refers to fputc.o(i.fputc) for fputc
    printf5.o(i.__0vprintf$5) refers to stdout.o(.data) for __stdout
    printf5.o(i.__0vsnprintf$5) refers to printf5.o(i._printf_core) for _printf_core
    printf5.o(i.__0vsnprintf$5) refers to printf5.o(i._snputc) for _snputc
    printf5.o(i.__0vsprintf$5) refers to printf5.o(i._printf_core) for _printf_core
    printf5.o(i.__0vsprintf$5) refers to printf5.o(i._sputc) for _sputc
    printf5.o(i._printf_core) refers to uldiv.o(.text) for __aeabi_uldivmod
    printf6.o(i.__0fprintf$6) refers to printf6.o(i._printf_core) for _printf_core
    printf6.o(i.__0fprintf$6) refers to fputc.o(i.fputc) for fputc
    printf6.o(i.__0printf$6) refers to printf6.o(i._printf_core) for _printf_core
    printf6.o(i.__0printf$6) refers to fputc.o(i.fputc) for fputc
    printf6.o(i.__0printf$6) refers to stdout.o(.data) for __stdout
    printf6.o(i.__0snprintf$6) refers to printf6.o(i._printf_core) for _printf_core
    printf6.o(i.__0snprintf$6) refers to printf6.o(i._snputc) for _snputc
    printf6.o(i.__0sprintf$6) refers to printf6.o(i._printf_core) for _printf_core
    printf6.o(i.__0sprintf$6) refers to printf6.o(i._sputc) for _sputc
    printf6.o(i.__0vfprintf$6) refers to printf6.o(i._printf_core) for _printf_core
    printf6.o(i.__0vfprintf$6) refers to fputc.o(i.fputc) for fputc
    printf6.o(i.__0vprintf$6) refers to printf6.o(i._printf_core) for _printf_core
    printf6.o(i.__0vprintf$6) refers to fputc.o(i.fputc) for fputc
    printf6.o(i.__0vprintf$6) refers to stdout.o(.data) for __stdout
    printf6.o(i.__0vsnprintf$6) refers to printf6.o(i._printf_core) for _printf_core
    printf6.o(i.__0vsnprintf$6) refers to printf6.o(i._snputc) for _snputc
    printf6.o(i.__0vsprintf$6) refers to printf6.o(i._printf_core) for _printf_core
    printf6.o(i.__0vsprintf$6) refers to printf6.o(i._sputc) for _sputc
    printf6.o(i._printf_core) refers to printf6.o(i._printf_pre_padding) for _printf_pre_padding
    printf6.o(i._printf_core) refers to uidiv.o(.text) for __aeabi_uidivmod
    printf6.o(i._printf_core) refers to printf6.o(i._printf_post_padding) for _printf_post_padding
    printf7.o(i.__0fprintf$7) refers to printf7.o(i._printf_core) for _printf_core
    printf7.o(i.__0fprintf$7) refers to fputc.o(i.fputc) for fputc
    printf7.o(i.__0printf$7) refers to printf7.o(i._printf_core) for _printf_core
    printf7.o(i.__0printf$7) refers to fputc.o(i.fputc) for fputc
    printf7.o(i.__0printf$7) refers to stdout.o(.data) for __stdout
    printf7.o(i.__0snprintf$7) refers to printf7.o(i._printf_core) for _printf_core
    printf7.o(i.__0snprintf$7) refers to printf7.o(i._snputc) for _snputc
    printf7.o(i.__0sprintf$7) refers to printf7.o(i._printf_core) for _printf_core
    printf7.o(i.__0sprintf$7) refers to printf7.o(i._sputc) for _sputc
    printf7.o(i.__0vfprintf$7) refers to printf7.o(i._printf_core) for _printf_core
    printf7.o(i.__0vfprintf$7) refers to fputc.o(i.fputc) for fputc
    printf7.o(i.__0vprintf$7) refers to printf7.o(i._printf_core) for _printf_core
    printf7.o(i.__0vprintf$7) refers to fputc.o(i.fputc) for fputc
    printf7.o(i.__0vprintf$7) refers to stdout.o(.data) for __stdout
    printf7.o(i.__0vsnprintf$7) refers to printf7.o(i._printf_core) for _printf_core
    printf7.o(i.__0vsnprintf$7) refers to printf7.o(i._snputc) for _snputc
    printf7.o(i.__0vsprintf$7) refers to printf7.o(i._printf_core) for _printf_core
    printf7.o(i.__0vsprintf$7) refers to printf7.o(i._sputc) for _sputc
    printf7.o(i._printf_core) refers to printf7.o(i._printf_pre_padding) for _printf_pre_padding
    printf7.o(i._printf_core) refers to uldiv.o(.text) for __aeabi_uldivmod
    printf7.o(i._printf_core) refers to printf7.o(i._printf_post_padding) for _printf_post_padding
    printf8.o(i.__0fprintf$8) refers to printf8.o(i._printf_core) for _printf_core
    printf8.o(i.__0fprintf$8) refers to fputc.o(i.fputc) for fputc
    printf8.o(i.__0printf$8) refers to printf8.o(i._printf_core) for _printf_core
    printf8.o(i.__0printf$8) refers to fputc.o(i.fputc) for fputc
    printf8.o(i.__0printf$8) refers to stdout.o(.data) for __stdout
    printf8.o(i.__0snprintf$8) refers to printf8.o(i._printf_core) for _printf_core
    printf8.o(i.__0snprintf$8) refers to printf8.o(i._snputc) for _snputc
    printf8.o(i.__0sprintf$8) refers to printf8.o(i._printf_core) for _printf_core
    printf8.o(i.__0sprintf$8) refers to printf8.o(i._sputc) for _sputc
    printf8.o(i.__0vfprintf$8) refers to printf8.o(i._printf_core) for _printf_core
    printf8.o(i.__0vfprintf$8) refers to fputc.o(i.fputc) for fputc
    printf8.o(i.__0vprintf$8) refers to printf8.o(i._printf_core) for _printf_core
    printf8.o(i.__0vprintf$8) refers to fputc.o(i.fputc) for fputc
    printf8.o(i.__0vprintf$8) refers to stdout.o(.data) for __stdout
    printf8.o(i.__0vsnprintf$8) refers to printf8.o(i._printf_core) for _printf_core
    printf8.o(i.__0vsnprintf$8) refers to printf8.o(i._snputc) for _snputc
    printf8.o(i.__0vsprintf$8) refers to printf8.o(i._printf_core) for _printf_core
    printf8.o(i.__0vsprintf$8) refers to printf8.o(i._sputc) for _sputc
    printf8.o(i._printf_core) refers to printf8.o(i._printf_pre_padding) for _printf_pre_padding
    printf8.o(i._printf_core) refers to uldiv.o(.text) for __aeabi_uldivmod
    printf8.o(i._printf_core) refers to printf8.o(i._printf_post_padding) for _printf_post_padding
    printfa.o(i.__0fprintf) refers (Special) to iusefp.o(.text) for __I$use$fp
    printfa.o(i.__0fprintf) refers to printfa.o(i._printf_core) for _printf_core
    printfa.o(i.__0fprintf) refers to fputc.o(i.fputc) for fputc
    printfa.o(i.__0printf) refers (Special) to iusefp.o(.text) for __I$use$fp
    printfa.o(i.__0printf) refers to printfa.o(i._printf_core) for _printf_core
    printfa.o(i.__0printf) refers to fputc.o(i.fputc) for fputc
    printfa.o(i.__0printf) refers to stdout.o(.data) for __stdout
    printfa.o(i.__0snprintf) refers (Special) to iusefp.o(.text) for __I$use$fp
    printfa.o(i.__0snprintf) refers to printfa.o(i._printf_core) for _printf_core
    printfa.o(i.__0snprintf) refers to printfa.o(i._snputc) for _snputc
    printfa.o(i.__0sprintf) refers (Special) to iusefp.o(.text) for __I$use$fp
    printfa.o(i.__0sprintf) refers to printfa.o(i._printf_core) for _printf_core
    printfa.o(i.__0sprintf) refers to printfa.o(i._sputc) for _sputc
    printfa.o(i.__0vfprintf) refers (Special) to iusefp.o(.text) for __I$use$fp
    printfa.o(i.__0vfprintf) refers to printfa.o(i._printf_core) for _printf_core
    printfa.o(i.__0vfprintf) refers to fputc.o(i.fputc) for fputc
    printfa.o(i.__0vprintf) refers (Special) to iusefp.o(.text) for __I$use$fp
    printfa.o(i.__0vprintf) refers to printfa.o(i._printf_core) for _printf_core
    printfa.o(i.__0vprintf) refers to fputc.o(i.fputc) for fputc
    printfa.o(i.__0vprintf) refers to stdout.o(.data) for __stdout
    printfa.o(i.__0vsnprintf) refers (Special) to iusefp.o(.text) for __I$use$fp
    printfa.o(i.__0vsnprintf) refers to printfa.o(i._printf_core) for _printf_core
    printfa.o(i.__0vsnprintf) refers to printfa.o(i._snputc) for _snputc
    printfa.o(i.__0vsprintf) refers (Special) to iusefp.o(.text) for __I$use$fp
    printfa.o(i.__0vsprintf) refers to printfa.o(i._printf_core) for _printf_core
    printfa.o(i.__0vsprintf) refers to printfa.o(i._sputc) for _sputc
    printfa.o(i._fp_digits) refers (Special) to iusefp.o(.text) for __I$use$fp
    printfa.o(i._fp_digits) refers to dmul.o(.text) for __aeabi_dmul
    printfa.o(i._fp_digits) refers to ddiv.o(.text) for __aeabi_ddiv
    printfa.o(i._fp_digits) refers to cdrcmple.o(.text) for __aeabi_cdrcmple
    printfa.o(i._fp_digits) refers to dadd.o(.text) for __aeabi_dadd
    printfa.o(i._fp_digits) refers to dfixul.o(.text) for __aeabi_d2ulz
    printfa.o(i._fp_digits) refers to uldiv.o(.text) for __aeabi_uldivmod
    printfa.o(i._printf_core) refers (Special) to iusefp.o(.text) for __I$use$fp
    printfa.o(i._printf_core) refers to printfa.o(i._printf_pre_padding) for _printf_pre_padding
    printfa.o(i._printf_core) refers to uldiv.o(.text) for __aeabi_uldivmod
    printfa.o(i._printf_core) refers to printfa.o(i._printf_post_padding) for _printf_post_padding
    printfa.o(i._printf_core) refers to printfa.o(i._fp_digits) for _fp_digits
    printfa.o(i._printf_core) refers to uidiv.o(.text) for __aeabi_uidivmod
    printfa.o(i._printf_post_padding) refers (Special) to iusefp.o(.text) for __I$use$fp
    printfa.o(i._printf_pre_padding) refers (Special) to iusefp.o(.text) for __I$use$fp
    printfa.o(i._snputc) refers (Special) to iusefp.o(.text) for __I$use$fp
    printfa.o(i._sputc) refers (Special) to iusefp.o(.text) for __I$use$fp
    entry2.o(.ARM.Collect$$$$00000001) refers to entry2.o(.ARM.Collect$$$$00002712) for __lit__00000000
    entry2.o(.ARM.Collect$$$$00002712) refers to startup.o(STACK) for __initial_sp
    entry2.o(__vectab_stack_and_reset_area) refers to startup.o(STACK) for __initial_sp
    entry2.o(__vectab_stack_and_reset_area) refers to entry.o(.ARM.Collect$$$$00000000) for __main
    entry5.o(.ARM.Collect$$$$00000004) refers to init.o(.text) for __scatterload
    entry7.o(.ARM.Collect$$$$00000007) refers to uart_echo_mod.o(.text) for main
    fputc.o(i.fputc) refers (Special) to iusesemip.o(.text) for __I$use$semihosting$fputc
    uldiv.o(.text) refers to llushr.o(.text) for __aeabi_llsr
    uldiv.o(.text) refers to llshl.o(.text) for __aeabi_llsl
    dadd.o(.text) refers to llshl.o(.text) for __aeabi_llsl
    dadd.o(.text) refers to llsshr.o(.text) for __aeabi_lasr
    dadd.o(.text) refers to depilogue.o(.text) for _double_epilogue
    dmul.o(.text) refers to depilogue.o(.text) for _double_epilogue
    ddiv.o(.text) refers to depilogue.o(.text) for _double_round
    dfixul.o(.text) refers to llushr.o(.text) for __aeabi_llsr
    dfixul.o(.text) refers to llshl.o(.text) for __aeabi_llsl
    init.o(.text) refers to entry5.o(.ARM.Collect$$$$00000004) for __main_after_scatterload
    depilogue.o(.text) refers to llshl.o(.text) for __aeabi_llsl
    depilogue.o(.text) refers to llushr.o(.text) for __aeabi_llsr


==============================================================================

Removing Unused input sections from the image.

    Removing startup.o(HEAP), (0 bytes).
    Removing startup.o(.text), (0 bytes).
    Removing gpio.o(i.GPIODirModeGet), (34 bytes).
    Removing gpio.o(i.GPIOGetIntNumber), (152 bytes).
    Removing gpio.o(i.GPIOIntTypeGet), (48 bytes).
    Removing gpio.o(i.GPIOIntTypeSet), (58 bytes).
    Removing gpio.o(i.GPIOPadConfigGet), (138 bytes).
    Removing gpio.o(i.GPIOPinConfigure), (72 bytes).
    Removing gpio.o(i.GPIOPinIntClear), (6 bytes).
    Removing gpio.o(i.GPIOPinIntDisable), (14 bytes).
    Removing gpio.o(i.GPIOPinIntEnable), (12 bytes).
    Removing gpio.o(i.GPIOPinIntStatus), (14 bytes).
    Removing gpio.o(i.GPIOPinRead), (6 bytes).
    Removing gpio.o(i.GPIOPinTypeADC), (28 bytes).
    Removing gpio.o(i.GPIOPinTypeCAN), (28 bytes).
    Removing gpio.o(i.GPIOPinTypeComparator), (28 bytes).
    Removing gpio.o(i.GPIOPinTypeEPI), (28 bytes).
    Removing gpio.o(i.GPIOPinTypeEthernetLED), (28 bytes).
    Removing gpio.o(i.GPIOPinTypeGPIOInput), (28 bytes).
    Removing gpio.o(i.GPIOPinTypeGPIOOutputOD), (28 bytes).
    Removing gpio.o(i.GPIOPinTypeI2C), (28 bytes).
    Removing gpio.o(i.GPIOPinTypeI2S), (28 bytes).
    Removing gpio.o(i.GPIOPinTypePWM), (28 bytes).
    Removing gpio.o(i.GPIOPinTypeQEI), (28 bytes).
    Removing gpio.o(i.GPIOPinTypeTimer), (28 bytes).
    Removing gpio.o(i.GPIOPinTypeUSBAnalog), (28 bytes).
    Removing gpio.o(i.GPIOPinTypeUSBDigital), (28 bytes).
    Removing gpio.o(i.GPIOPortIntRegister), (26 bytes).
    Removing gpio.o(i.GPIOPortIntUnregister), (22 bytes).
    Removing gpio.o(.constdata), (72 bytes).
    Removing interrupt.o(i.IntDefaultHandler), (2 bytes).
    Removing interrupt.o(i.IntDisable), (108 bytes).
    Removing interrupt.o(i.IntMasterDisable), (10 bytes).
    Removing interrupt.o(i.IntPendClear), (76 bytes).
    Removing interrupt.o(i.IntPendSet), (94 bytes).
    Removing interrupt.o(i.IntPriorityGet), (28 bytes).
    Removing interrupt.o(i.IntPriorityGroupingGet), (40 bytes).
    Removing interrupt.o(i.IntPriorityGroupingSet), (28 bytes).
    Removing interrupt.o(i.IntPriorityMaskGet), (4 bytes).
    Removing interrupt.o(i.IntPriorityMaskSet), (4 bytes).
    Removing interrupt.o(i.IntPrioritySet), (40 bytes).
    Removing interrupt.o(i.IntRegister), (56 bytes).
    Removing interrupt.o(i.IntUnregister), (20 bytes).
    Removing interrupt.o(.constdata), (104 bytes).
    Removing interrupt.o(vtable), (284 bytes).
    Removing ssi.o(i.SSIDMADisable), (10 bytes).
    Removing ssi.o(i.SSIDMAEnable), (8 bytes).
    Removing ssi.o(i.SSIDataGet), (14 bytes).
    Removing ssi.o(i.SSIDataPutNonBlocking), (16 bytes).
    Removing ssi.o(i.SSIIntClear), (4 bytes).
    Removing ssi.o(i.SSIIntDisable), (10 bytes).
    Removing ssi.o(i.SSIIntEnable), (8 bytes).
    Removing ssi.o(i.SSIIntRegister), (32 bytes).
    Removing ssi.o(i.SSIIntStatus), (10 bytes).
    Removing ssi.o(i.SSIIntUnregister), (32 bytes).
    Removing sysctl.o(i.SysCtlADCSpeedGet), (16 bytes).
    Removing sysctl.o(i.SysCtlADCSpeedSet), (32 bytes).
    Removing sysctl.o(i.SysCtlBrownOutConfigSet), (16 bytes).
    Removing sysctl.o(i.SysCtlClkVerificationClear), (20 bytes).
    Removing sysctl.o(i.SysCtlDeepSleep), (32 bytes).
    Removing sysctl.o(i.SysCtlDeepSleepClockSet), (12 bytes).
    Removing sysctl.o(i.SysCtlFlashSizeGet), (20 bytes).
    Removing sysctl.o(i.SysCtlGPIOAHBDisable), (20 bytes).
    Removing sysctl.o(i.SysCtlGPIOAHBEnable), (16 bytes).
    Removing sysctl.o(i.SysCtlI2SMClkSet), (216 bytes).
    Removing sysctl.o(i.SysCtlIOSCVerificationSet), (24 bytes).
    Removing sysctl.o(i.SysCtlIntClear), (12 bytes).
    Removing sysctl.o(i.SysCtlIntDisable), (16 bytes).
    Removing sysctl.o(i.SysCtlIntEnable), (16 bytes).
    Removing sysctl.o(i.SysCtlIntRegister), (20 bytes).
    Removing sysctl.o(i.SysCtlIntStatus), (16 bytes).
    Removing sysctl.o(i.SysCtlIntUnregister), (18 bytes).
    Removing sysctl.o(i.SysCtlLDOConfigSet), (12 bytes).
    Removing sysctl.o(i.SysCtlLDOGet), (12 bytes).
    Removing sysctl.o(i.SysCtlLDOSet), (12 bytes).
    Removing sysctl.o(i.SysCtlMOSCConfigSet), (12 bytes).
    Removing sysctl.o(i.SysCtlMOSCVerificationSet), (24 bytes).
    Removing sysctl.o(i.SysCtlPIOSCCalibrate), (76 bytes).
    Removing sysctl.o(i.SysCtlPLLVerificationSet), (24 bytes).
    Removing sysctl.o(i.SysCtlPWMClockGet), (24 bytes).
    Removing sysctl.o(i.SysCtlPWMClockSet), (20 bytes).
    Removing sysctl.o(i.SysCtlPeripheralClockGating), (24 bytes).
    Removing sysctl.o(i.SysCtlPeripheralDeepSleepDisable), (32 bytes).
    Removing sysctl.o(i.SysCtlPeripheralDeepSleepEnable), (32 bytes).
    Removing sysctl.o(i.SysCtlPeripheralDisable), (32 bytes).
    Removing sysctl.o(i.SysCtlPeripheralPresent), (64 bytes).
    Removing sysctl.o(i.SysCtlPeripheralReset), (56 bytes).
    Removing sysctl.o(i.SysCtlPeripheralSleepDisable), (32 bytes).
    Removing sysctl.o(i.SysCtlPeripheralSleepEnable), (32 bytes).
    Removing sysctl.o(i.SysCtlPinPresent), (16 bytes).
    Removing sysctl.o(i.SysCtlReset), (16 bytes).
    Removing sysctl.o(i.SysCtlResetCauseClear), (16 bytes).
    Removing sysctl.o(i.SysCtlResetCauseGet), (12 bytes).
    Removing sysctl.o(i.SysCtlSRAMSizeGet), (20 bytes).
    Removing sysctl.o(i.SysCtlSleep), (4 bytes).
    Removing sysctl.o(i.SysCtlUSBPLLDisable), (16 bytes).
    Removing sysctl.o(i.SysCtlUSBPLLEnable), (16 bytes).
    Removing timer.o(i.TimerControlEvent), (18 bytes).
    Removing timer.o(i.TimerControlLevel), (22 bytes).
    Removing timer.o(i.TimerControlStall), (22 bytes).
    Removing timer.o(i.TimerControlTrigger), (22 bytes).
    Removing timer.o(i.TimerControlWaitOnTrigger), (48 bytes).
    Removing timer.o(i.TimerIntDisable), (10 bytes).
    Removing timer.o(i.TimerIntRegister), (94 bytes).
    Removing timer.o(i.TimerIntStatus), (10 bytes).
    Removing timer.o(i.TimerIntUnregister), (88 bytes).
    Removing timer.o(i.TimerLoadGet), (10 bytes).
    Removing timer.o(i.TimerMatchGet), (10 bytes).
    Removing timer.o(i.TimerMatchSet), (18 bytes).
    Removing timer.o(i.TimerPrescaleGet), (10 bytes).
    Removing timer.o(i.TimerPrescaleMatchGet), (10 bytes).
    Removing timer.o(i.TimerPrescaleMatchSet), (18 bytes).
    Removing timer.o(i.TimerPrescaleSet), (18 bytes).
    Removing timer.o(i.TimerQuiesce), (126 bytes).
    Removing timer.o(i.TimerRTCDisable), (10 bytes).
    Removing timer.o(i.TimerRTCEnable), (10 bytes).
    Removing timer.o(i.TimerValueGet), (10 bytes).
    Removing uart.o(i.UARTBreakCtl), (18 bytes).
    Removing uart.o(i.UARTBusy), (8 bytes).
    Removing uart.o(i.UARTCharGet), (12 bytes).
    Removing uart.o(i.UARTCharPut), (12 bytes).
    Removing uart.o(i.UARTConfigGetExpClk), (46 bytes).
    Removing uart.o(i.UARTDMADisable), (10 bytes).
    Removing uart.o(i.UARTDMAEnable), (8 bytes).
    Removing uart.o(i.UARTDisable), (30 bytes).
    Removing uart.o(i.UARTDisableSIR), (10 bytes).
    Removing uart.o(i.UARTEnable), (20 bytes).
    Removing uart.o(i.UARTEnableSIR), (18 bytes).
    Removing uart.o(i.UARTFIFODisable), (10 bytes).
    Removing uart.o(i.UARTFIFOEnable), (10 bytes).
    Removing uart.o(i.UARTFIFOLevelGet), (16 bytes).
    Removing uart.o(i.UARTFIFOLevelSet), (6 bytes).
    Removing uart.o(i.UARTFlowControlGet), (8 bytes).
    Removing uart.o(i.UARTFlowControlSet), (12 bytes).
    Removing uart.o(i.UARTIntDisable), (10 bytes).
    Removing uart.o(i.UARTIntRegister), (46 bytes).
    Removing uart.o(i.UARTIntUnregister), (46 bytes).
    Removing uart.o(i.UARTModemControlClear), (14 bytes).
    Removing uart.o(i.UARTModemControlGet), (8 bytes).
    Removing uart.o(i.UARTModemControlSet), (12 bytes).
    Removing uart.o(i.UARTModemStatusGet), (10 bytes).
    Removing uart.o(i.UARTParityModeGet), (8 bytes).
    Removing uart.o(i.UARTParityModeSet), (12 bytes).
    Removing uart.o(i.UARTRxErrorClear), (6 bytes).
    Removing uart.o(i.UARTRxErrorGet), (8 bytes).
    Removing uart.o(i.UARTSmartCardDisable), (10 bytes).
    Removing uart.o(i.UARTSmartCardEnable), (22 bytes).
    Removing uart.o(i.UARTTxIntModeGet), (8 bytes).
    Removing uart.o(i.UARTTxIntModeSet), (12 bytes).
    Removing dadd.o(.text), (350 bytes).
    Removing dmul.o(.text), (240 bytes).
    Removing ddiv.o(.text), (280 bytes).
    Removing dfixul.o(.text), (50 bytes).
    Removing cdrcmple.o(.text), (76 bytes).
    Removing depilogue.o(.text), (234 bytes).

155 unused section(s) (total 5566 bytes) removed from the image.

==============================================================================

Image Symbol Table

    Local Symbols

    Symbol Name                              Value     Ov Type        Size  Object(Section)

    RESET                                    0x00000000   Section      292  startup.o(RESET)
    ../../microlib/division.c                0x00000000   Number         0  uldiv.o ABSOLUTE
    ../../microlib/division.c                0x00000000   Number         0  uidiv.o ABSOLUTE
    ../../microlib/fpadd.c                   0x00000000   Number         0  dadd.o ABSOLUTE
    ../../microlib/fpdiv.c                   0x00000000   Number         0  ddiv.o ABSOLUTE
    ../../microlib/fpepilogue.c              0x00000000   Number         0  depilogue.o ABSOLUTE
    ../../microlib/fpfix.c                   0x00000000   Number         0  dfixul.o ABSOLUTE
    ../../microlib/fpmul.c                   0x00000000   Number         0  dmul.o ABSOLUTE
    ../../microlib/init/entry.s              0x00000000   Number         0  entry2.o ABSOLUTE
    ../../microlib/init/entry.s              0x00000000   Number         0  entry5.o ABSOLUTE
    ../../microlib/init/entry.s              0x00000000   Number         0  entry.o ABSOLUTE
    ../../microlib/init/entry.s              0x00000000   Number         0  entry7.o ABSOLUTE
    ../../microlib/longlong.c                0x00000000   Number         0  llsshr.o ABSOLUTE
    ../../microlib/longlong.c                0x00000000   Number         0  llshl.o ABSOLUTE
    ../../microlib/longlong.c                0x00000000   Number         0  llushr.o ABSOLUTE
    ../../microlib/printf/printf.c           0x00000000   Number         0  printfa.o ABSOLUTE
    ../../microlib/printf/printf.c           0x00000000   Number         0  printf7.o ABSOLUTE
    ../../microlib/printf/printf.c           0x00000000   Number         0  printf0.o ABSOLUTE
    ../../microlib/printf/printf.c           0x00000000   Number         0  printf5.o ABSOLUTE
    ../../microlib/printf/printf.c           0x00000000   Number         0  printf4.o ABSOLUTE
    ../../microlib/printf/printf.c           0x00000000   Number         0  printf3.o ABSOLUTE
    ../../microlib/printf/printf.c           0x00000000   Number         0  printf2.o ABSOLUTE
    ../../microlib/printf/printf.c           0x00000000   Number         0  printf1.o ABSOLUTE
    ../../microlib/printf/printf.c           0x00000000   Number         0  printfb.o ABSOLUTE
    ../../microlib/printf/printf.c           0x00000000   Number         0  printf6.o ABSOLUTE
    ../../microlib/printf/printf.c           0x00000000   Number         0  printf8.o ABSOLUTE
    ../../microlib/printf/stubs.s            0x00000000   Number         0  stubs.o ABSOLUTE
    ../../microlib/stdio/fputc.c             0x00000000   Number         0  fputc.o ABSOLUTE
    ../../microlib/stdio/streams.c           0x00000000   Number         0  stdout.o ABSOLUTE
    ../../microlib/string/memset.c           0x00000000   Number         0  memseta.o ABSOLUTE
    ../../microlib/string/strlen.c           0x00000000   Number         0  strlen.o ABSOLUTE
    ../../microlib/string/strncpy.c          0x00000000   Number         0  strncpy.o ABSOLUTE
    ../../microlib/string/strstr.c           0x00000000   Number         0  strstr.o ABSOLUTE
    ../../microlib/stubs.s                   0x00000000   Number         0  iusefp.o ABSOLUTE
    ../../microlib/stubs.s                   0x00000000   Number         0  iusesemip.o ABSOLUTE
    C:\Users\Cruz Monrreal II\Desktop\Dropbox\EE345M\Startup.s 0x00000000   Number         0  startup.o ABSOLUTE
    C:\Users\Cruz Monrreal II\Desktop\Dropbox\EE345M\rit128x96x4.c 0x00000000   Number         0  rit128x96x4.o ABSOLUTE
    cdrcmple.s                               0x00000000   Number         0  cdrcmple.o ABSOLUTE
    cpu.c                                    0x00000000   Number         0  cpu.o ABSOLUTE
    cpu.c                                    0x00000000   Number         0  cpu.o ABSOLUTE
    dc.s                                     0x00000000   Number         0  dc.o ABSOLUTE
    gpio.c                                   0x00000000   Number         0  gpio.o ABSOLUTE
    handlers.s                               0x00000000   Number         0  handlers.o ABSOLUTE
    init.s                                   0x00000000   Number         0  init.o ABSOLUTE
    interrupt.c                              0x00000000   Number         0  interrupt.o ABSOLUTE
    os.c                                     0x00000000   Number         0  os.o ABSOLUTE
    ssi.c                                    0x00000000   Number         0  ssi.o ABSOLUTE
    sysctl.c                                 0x00000000   Number         0  sysctl.o ABSOLUTE
    sysctl.c                                 0x00000000   Number         0  sysctl.o ABSOLUTE
    timer.c                                  0x00000000   Number         0  timer.o ABSOLUTE
    uart.c                                   0x00000000   Number         0  uart.o ABSOLUTE
    uart_echo_mod.c                          0x00000000   Number         0  uart_echo_mod.o ABSOLUTE
    NmiSR                                    0x0000011f   Thumb Code     0  startup.o(RESET)
    FaultISR                                 0x00000121   Thumb Code     0  startup.o(RESET)
    IntDefaultHandler                        0x00000123   Thumb Code     0  startup.o(RESET)
    .ARM.Collect$$$$00000000                 0x00000124   Section        0  entry.o(.ARM.Collect$$$$00000000)
    .ARM.Collect$$$$00000001                 0x00000124   Section        4  entry2.o(.ARM.Collect$$$$00000001)
    .ARM.Collect$$$$00000004                 0x00000128   Section        4  entry5.o(.ARM.Collect$$$$00000004)
    .ARM.Collect$$$$00000007                 0x0000012c   Section        8  entry7.o(.ARM.Collect$$$$00000007)
    .ARM.Collect$$$$00002712                 0x00000134   Section        4  entry2.o(.ARM.Collect$$$$00002712)
    __lit__00000000                          0x00000134   Data           4  entry2.o(.ARM.Collect$$$$00002712)
    .emb_text                                0x00000138   Section        6  sysctl.o(.emb_text)
    .emb_text                                0x00000140   Section       38  cpu.o(.emb_text)
    .text                                    0x00000168   Section        0  uart_echo_mod.o(.text)
    .text                                    0x000004f4   Section        0  rit128x96x4.o(.text)
    RITWriteCommand                          0x000004f5   Thumb Code   124  rit128x96x4.o(.text)
    RITWriteData                             0x00000571   Thumb Code   124  rit128x96x4.o(.text)
    .text                                    0x00000ab8   Section        0  os.o(.text)
    .text                                    0x00000b70   Section        0  memseta.o(.text)
    .text                                    0x00000b96   Section        0  strstr.o(.text)
    .text                                    0x00000bc2   Section        0  strncpy.o(.text)
    .text                                    0x00000bda   Section        0  strlen.o(.text)
    .text                                    0x00000bea   Section        0  uidiv.o(.text)
    .text                                    0x00000c18   Section       36  init.o(.text)
    i.GPIODirModeSet                         0x00000c3c   Section        0  gpio.o(i.GPIODirModeSet)
    i.GPIOPadConfigSet                       0x00000c64   Section        0  gpio.o(i.GPIOPadConfigSet)
    i.GPIOPinTypeGPIOOutput                  0x00000d14   Section        0  gpio.o(i.GPIOPinTypeGPIOOutput)
    i.GPIOPinTypeSSI                         0x00000d30   Section        0  gpio.o(i.GPIOPinTypeSSI)
    i.GPIOPinTypeUART                        0x00000d4c   Section        0  gpio.o(i.GPIOPinTypeUART)
    i.GPIOPinWrite                           0x00000d68   Section        0  gpio.o(i.GPIOPinWrite)
    i.IntEnable                              0x00000d6e   Section        0  interrupt.o(i.IntEnable)
    i.IntMasterEnable                        0x00000dda   Section        0  interrupt.o(i.IntMasterEnable)
    i.SSIBusy                                0x00000de4   Section        0  ssi.o(i.SSIBusy)
    i.SSIConfigSetExpClk                     0x00000dec   Section        0  ssi.o(i.SSIConfigSetExpClk)
    i.SSIDataGetNonBlocking                  0x00000e36   Section        0  ssi.o(i.SSIDataGetNonBlocking)
    i.SSIDataPut                             0x00000e48   Section        0  ssi.o(i.SSIDataPut)
    i.SSIDisable                             0x00000e54   Section        0  ssi.o(i.SSIDisable)
    i.SSIEnable                              0x00000e5e   Section        0  ssi.o(i.SSIEnable)
    i.SysCtlClockGet                         0x00000e68   Section        0  sysctl.o(i.SysCtlClockGet)
    i.SysCtlClockSet                         0x00001050   Section        0  sysctl.o(i.SysCtlClockSet)
    i.SysCtlPeripheralEnable                 0x0000118c   Section        0  sysctl.o(i.SysCtlPeripheralEnable)
    i.TimerConfigure                         0x000011ac   Section        0  timer.o(i.TimerConfigure)
    i.TimerDisable                           0x000011c8   Section        0  timer.o(i.TimerDisable)
    i.TimerEnable                            0x000011d8   Section        0  timer.o(i.TimerEnable)
    i.TimerIntClear                          0x000011e6   Section        0  timer.o(i.TimerIntClear)
    i.TimerIntEnable                         0x000011ea   Section        0  timer.o(i.TimerIntEnable)
    i.TimerLoadSet                           0x000011f2   Section        0  timer.o(i.TimerLoadSet)
    i.UARTCharGetNonBlocking                 0x00001204   Section        0  uart.o(i.UARTCharGetNonBlocking)
    i.UARTCharPutNonBlocking                 0x00001214   Section        0  uart.o(i.UARTCharPutNonBlocking)
    i.UARTCharsAvail                         0x00001224   Section        0  uart.o(i.UARTCharsAvail)
    i.UARTConfigSetExpClk                    0x0000122e   Section        0  uart.o(i.UARTConfigSetExpClk)
    i.UARTIntClear                           0x0000129c   Section        0  uart.o(i.UARTIntClear)
    i.UARTIntEnable                          0x000012a0   Section        0  uart.o(i.UARTIntEnable)
    i.UARTIntStatus                          0x000012a8   Section        0  uart.o(i.UARTIntStatus)
    i.UARTSpaceAvail                         0x000012b2   Section        0  uart.o(i.UARTSpaceAvail)
    i.__0sprintf$1                           0x000012bc   Section        0  printf1.o(i.__0sprintf$1)
    i.__scatterload_copy                     0x000012e4   Section       14  handlers.o(i.__scatterload_copy)
    i.__scatterload_null                     0x000012f2   Section        2  handlers.o(i.__scatterload_null)
    i.__scatterload_zeroinit                 0x000012f4   Section       14  handlers.o(i.__scatterload_zeroinit)
    i._printf_core                           0x00001304   Section        0  printf1.o(i._printf_core)
    _printf_core                             0x00001305   Thumb Code   336  printf1.o(i._printf_core)
    i._sputc                                 0x00001458   Section        0  printf1.o(i._sputc)
    _sputc                                   0x00001459   Thumb Code    10  printf1.o(i._sputc)
    .constdata                               0x00001462   Section      571  rit128x96x4.o(.constdata)
    g_pucRIT128x96x4VerticalInc              0x00001462   Data           2  rit128x96x4.o(.constdata)
    g_pucRIT128x96x4HorizontalInc            0x00001464   Data           2  rit128x96x4.o(.constdata)
    g_pucFont                                0x00001466   Data         480  rit128x96x4.o(.constdata)
    g_pucRIT128x96x4Init                     0x00001646   Data          79  rit128x96x4.o(.constdata)
    pucCommand1                              0x00001695   Data           3  rit128x96x4.o(.constdata)
    pucCommand2                              0x00001698   Data           3  rit128x96x4.o(.constdata)
    pucCommand1                              0x0000169b   Data           2  rit128x96x4.o(.constdata)
    .constdata                               0x000016a0   Section      156  sysctl.o(.constdata)
    g_pulDCRegs                              0x000016a0   Data          16  sysctl.o(.constdata)
    g_pulSRCRRegs                            0x000016b0   Data          12  sysctl.o(.constdata)
    g_pulRCGCRegs                            0x000016bc   Data          12  sysctl.o(.constdata)
    g_pulSCGCRegs                            0x000016c8   Data          12  sysctl.o(.constdata)
    g_pulDCGCRegs                            0x000016d4   Data          12  sysctl.o(.constdata)
    g_pulXtals                               0x000016e0   Data          92  sysctl.o(.constdata)
    .data                                    0x20000000   Section       36  uart_echo_mod.o(.data)
    .data                                    0x20000024   Section       12  rit128x96x4.o(.data)
    g_ulSSIFlags                             0x20000024   Data           4  rit128x96x4.o(.data)
    g_pucBuffer                              0x20000028   Data           8  rit128x96x4.o(.data)
    .data                                    0x20000030   Section        8  os.o(.data)
    .bss                                     0x20000038   Section      320  uart_echo_mod.o(.bss)
    InFifo                                   0x20000038   Data         128  uart_echo_mod.o(.bss)
    OutFifo                                  0x200000b8   Data         128  uart_echo_mod.o(.bss)
    CmdFifo                                  0x20000138   Data          64  uart_echo_mod.o(.bss)
    .bss                                     0x20000178   Section      168  rit128x96x4.o(.bss)
    STACK                                    0x20000220   Section      256  startup.o(STACK)
    StackMem                                 0x20000220   Data           0  startup.o(STACK)

    Global Symbols

    Symbol Name                              Value     Ov Type        Size  Object(Section)

    BuildAttributes$$THM_ISAv4$P$D$K$B$S$PE$A:L22UL41UL21$X:L11$S22US41US21$IEEE1$IW$USESV6$~STKCKD$USESV7$~SHL$OTIME$ROPI$EBA8$MICROLIB$REQ8$PRES8$EABIv2 0x00000000   Number         0  anon$$obj.o ABSOLUTE
    __ARM_use_no_argv                        0x00000000   Number         0  uart_echo_mod.o ABSOLUTE
    __Vectors                                0x00000000   Data           0  startup.o(RESET)
    _printf_a                                0x00000000   Number         0  stubs.o ABSOLUTE
    _printf_c                                0x00000000   Number         0  stubs.o ABSOLUTE
    _printf_charcount                        0x00000000   Number         0  stubs.o ABSOLUTE
    _printf_d                                0x00000000   Number         0  stubs.o ABSOLUTE
    _printf_e                                0x00000000   Number         0  stubs.o ABSOLUTE
    _printf_f                                0x00000000   Number         0  stubs.o ABSOLUTE
    _printf_flags                            0x00000000   Number         0  stubs.o ABSOLUTE
    _printf_fp_dec                           0x00000000   Number         0  stubs.o ABSOLUTE
    _printf_fp_hex                           0x00000000   Number         0  stubs.o ABSOLUTE
    _printf_g                                0x00000000   Number         0  stubs.o ABSOLUTE
    _printf_i                                0x00000000   Number         0  stubs.o ABSOLUTE
    _printf_int_dec                          0x00000000   Number         0  stubs.o ABSOLUTE
    _printf_l                                0x00000000   Number         0  stubs.o ABSOLUTE
    _printf_lc                               0x00000000   Number         0  stubs.o ABSOLUTE
    _printf_ll                               0x00000000   Number         0  stubs.o ABSOLUTE
    _printf_lld                              0x00000000   Number         0  stubs.o ABSOLUTE
    _printf_lli                              0x00000000   Number         0  stubs.o ABSOLUTE
    _printf_llo                              0x00000000   Number         0  stubs.o ABSOLUTE
    _printf_llu                              0x00000000   Number         0  stubs.o ABSOLUTE
    _printf_llx                              0x00000000   Number         0  stubs.o ABSOLUTE
    _printf_longlong_dec                     0x00000000   Number         0  stubs.o ABSOLUTE
    _printf_longlong_hex                     0x00000000   Number         0  stubs.o ABSOLUTE
    _printf_longlong_oct                     0x00000000   Number         0  stubs.o ABSOLUTE
    _printf_ls                               0x00000000   Number         0  stubs.o ABSOLUTE
    _printf_mbtowc                           0x00000000   Number         0  stubs.o ABSOLUTE
    _printf_n                                0x00000000   Number         0  stubs.o ABSOLUTE
    _printf_o                                0x00000000   Number         0  stubs.o ABSOLUTE
    _printf_p                                0x00000000   Number         0  stubs.o ABSOLUTE
    _printf_percent                          0x00000000   Number         0  stubs.o ABSOLUTE
    _printf_pre_padding                      0x00000000   Number         0  stubs.o ABSOLUTE
    _printf_return_value                     0x00000000   Number         0  stubs.o ABSOLUTE
    _printf_s                                0x00000000   Number         0  stubs.o ABSOLUTE
    _printf_sizespec                         0x00000000   Number         0  stubs.o ABSOLUTE
    _printf_str                              0x00000000   Number         0  stubs.o ABSOLUTE
    _printf_truncate_signed                  0x00000000   Number         0  stubs.o ABSOLUTE
    _printf_truncate_unsigned                0x00000000   Number         0  stubs.o ABSOLUTE
    _printf_u                                0x00000000   Number         0  stubs.o ABSOLUTE
    _printf_wc                               0x00000000   Number         0  stubs.o ABSOLUTE
    _printf_wctomb                           0x00000000   Number         0  stubs.o ABSOLUTE
    _printf_widthprec                        0x00000000   Number         0  stubs.o ABSOLUTE
    _printf_x                                0x00000000   Number         0  stubs.o ABSOLUTE
    __decompress                              - Undefined Weak Reference
    DisableInterrupts                        0x00000101   Thumb Code     0  startup.o(RESET)
    EnableInterrupts                         0x00000105   Thumb Code     0  startup.o(RESET)
    StartCritical                            0x00000109   Thumb Code     0  startup.o(RESET)
    EndCritical                              0x00000111   Thumb Code     0  startup.o(RESET)
    WaitForInterrupt                         0x00000117   Thumb Code     0  startup.o(RESET)
    Reset_Handler                            0x0000011b   Thumb Code     0  startup.o(RESET)
    __main                                   0x00000125   Thumb Code     0  entry.o(.ARM.Collect$$$$00000000)
    _main_stk                                0x00000125   Thumb Code     0  entry2.o(.ARM.Collect$$$$00000001)
    _main_scatterload                        0x00000129   Thumb Code     0  entry5.o(.ARM.Collect$$$$00000004)
    __main_after_scatterload                 0x0000012d   Thumb Code     0  entry5.o(.ARM.Collect$$$$00000004)
    _main_init                               0x0000012d   Thumb Code     0  entry7.o(.ARM.Collect$$$$00000007)
    SysCtlDelay                              0x00000139   Thumb Code     6  sysctl.o(.emb_text)
    CPUcpsid                                 0x00000141   Thumb Code     8  cpu.o(.emb_text)
    CPUprimask                               0x00000149   Thumb Code     6  cpu.o(.emb_text)
    CPUcpsie                                 0x0000014f   Thumb Code     8  cpu.o(.emb_text)
    CPUwfi                                   0x00000157   Thumb Code     4  cpu.o(.emb_text)
    CPUbasepriSet                            0x0000015b   Thumb Code     6  cpu.o(.emb_text)
    CPUbasepriGet                            0x00000161   Thumb Code     6  cpu.o(.emb_text)
    InFifo_Init                              0x00000169   Thumb Code    26  uart_echo_mod.o(.text)
    InFifo_Put                               0x00000183   Thumb Code    48  uart_echo_mod.o(.text)
    InFifo_Get                               0x000001b3   Thumb Code    46  uart_echo_mod.o(.text)
    InFifo_Size                              0x000001e1   Thumb Code    14  uart_echo_mod.o(.text)
    OutFifo_Init                             0x000001ef   Thumb Code    26  uart_echo_mod.o(.text)
    OutFifo_Put                              0x00000209   Thumb Code    50  uart_echo_mod.o(.text)
    OutFifo_Get                              0x0000023b   Thumb Code    48  uart_echo_mod.o(.text)
    OutFifo_Size                             0x0000026b   Thumb Code    14  uart_echo_mod.o(.text)
    CmdFifo_Init                             0x00000279   Thumb Code    26  uart_echo_mod.o(.text)
    CmdFifo_Put                              0x00000293   Thumb Code    48  uart_echo_mod.o(.text)
    CmdFifo_Get                              0x000002c3   Thumb Code    46  uart_echo_mod.o(.text)
    CmdFifo_Size                             0x000002f1   Thumb Code    14  uart_echo_mod.o(.text)
    UARTIntHandler                           0x000002ff   Thumb Code    90  uart_echo_mod.o(.text)
    UARTSend                                 0x00000359   Thumb Code    26  uart_echo_mod.o(.text)
    dummy                                    0x00000373   Thumb Code     2  uart_echo_mod.o(.text)
    main                                     0x00000375   Thumb Code   320  uart_echo_mod.o(.text)
    RIT128x96x4Clear                         0x000005ed   Thumb Code    70  rit128x96x4.o(.text)
    RIT128x96x4StringDraw                    0x00000633   Thumb Code   266  rit128x96x4.o(.text)
    RIT128x96x4ImageDraw                     0x0000073d   Thumb Code   114  rit128x96x4.o(.text)
    RIT128x96x4Enable                        0x000007af   Thumb Code    90  rit128x96x4.o(.text)
    RIT128x96x4Disable                       0x00000809   Thumb Code    84  rit128x96x4.o(.text)
    RIT128x96x4Init                          0x0000085d   Thumb Code   180  rit128x96x4.o(.text)
    RIT128x96x4DisplayOn                     0x00000911   Thumb Code    36  rit128x96x4.o(.text)
    RIT128x96x4DisplayOff                    0x00000935   Thumb Code    14  rit128x96x4.o(.text)
    oLED_Message                             0x00000943   Thumb Code   136  rit128x96x4.o(.text)
    oLED_Message_Scroll                      0x000009cb   Thumb Code   224  rit128x96x4.o(.text)
    Timer2A_Handler                          0x00000ab9   Thumb Code    48  os.o(.text)
    OS_AddPeriodicThread                     0x00000ae9   Thumb Code    86  os.o(.text)
    OS_ClearMsTime                           0x00000b3f   Thumb Code    18  os.o(.text)
    OS_MsTime                                0x00000b51   Thumb Code     6  os.o(.text)
    __aeabi_memset                           0x00000b71   Thumb Code    14  memseta.o(.text)
    __aeabi_memset4                          0x00000b71   Thumb Code     0  memseta.o(.text)
    __aeabi_memset8                          0x00000b71   Thumb Code     0  memseta.o(.text)
    __aeabi_memclr                           0x00000b7f   Thumb Code     4  memseta.o(.text)
    __aeabi_memclr4                          0x00000b7f   Thumb Code     0  memseta.o(.text)
    __aeabi_memclr8                          0x00000b7f   Thumb Code     0  memseta.o(.text)
    _memset$wrapper                          0x00000b83   Thumb Code    20  memseta.o(.text)
    strstr                                   0x00000b97   Thumb Code    44  strstr.o(.text)
    strncpy                                  0x00000bc3   Thumb Code    24  strncpy.o(.text)
    strlen                                   0x00000bdb   Thumb Code    16  strlen.o(.text)
    __aeabi_uidiv                            0x00000beb   Thumb Code     0  uidiv.o(.text)
    __aeabi_uidivmod                         0x00000beb   Thumb Code    44  uidiv.o(.text)
    __scatterload                            0x00000c19   Thumb Code    28  init.o(.text)
    __scatterload_rt2                        0x00000c19   Thumb Code     0  init.o(.text)
    GPIODirModeSet                           0x00000c3d   Thumb Code    40  gpio.o(i.GPIODirModeSet)
    GPIOPadConfigSet                         0x00000c65   Thumb Code   176  gpio.o(i.GPIOPadConfigSet)
    GPIOPinTypeGPIOOutput                    0x00000d15   Thumb Code    28  gpio.o(i.GPIOPinTypeGPIOOutput)
    GPIOPinTypeSSI                           0x00000d31   Thumb Code    28  gpio.o(i.GPIOPinTypeSSI)
    GPIOPinTypeUART                          0x00000d4d   Thumb Code    28  gpio.o(i.GPIOPinTypeUART)
    GPIOPinWrite                             0x00000d69   Thumb Code     6  gpio.o(i.GPIOPinWrite)
    IntEnable                                0x00000d6f   Thumb Code   108  interrupt.o(i.IntEnable)
    IntMasterEnable                          0x00000ddb   Thumb Code    10  interrupt.o(i.IntMasterEnable)
    SSIBusy                                  0x00000de5   Thumb Code     8  ssi.o(i.SSIBusy)
    SSIConfigSetExpClk                       0x00000ded   Thumb Code    74  ssi.o(i.SSIConfigSetExpClk)
    SSIDataGetNonBlocking                    0x00000e37   Thumb Code    18  ssi.o(i.SSIDataGetNonBlocking)
    SSIDataPut                               0x00000e49   Thumb Code    12  ssi.o(i.SSIDataPut)
    SSIDisable                               0x00000e55   Thumb Code    10  ssi.o(i.SSIDisable)
    SSIEnable                                0x00000e5f   Thumb Code    10  ssi.o(i.SSIEnable)
    SysCtlClockGet                           0x00000e69   Thumb Code   444  sysctl.o(i.SysCtlClockGet)
    SysCtlClockSet                           0x00001051   Thumb Code   292  sysctl.o(i.SysCtlClockSet)
    SysCtlPeripheralEnable                   0x0000118d   Thumb Code    26  sysctl.o(i.SysCtlPeripheralEnable)
    TimerConfigure                           0x000011ad   Thumb Code    28  timer.o(i.TimerConfigure)
    TimerDisable                             0x000011c9   Thumb Code    16  timer.o(i.TimerDisable)
    TimerEnable                              0x000011d9   Thumb Code    14  timer.o(i.TimerEnable)
    TimerIntClear                            0x000011e7   Thumb Code     4  timer.o(i.TimerIntClear)
    TimerIntEnable                           0x000011eb   Thumb Code     8  timer.o(i.TimerIntEnable)
    TimerLoadSet                             0x000011f3   Thumb Code    18  timer.o(i.TimerLoadSet)
    UARTCharGetNonBlocking                   0x00001205   Thumb Code    16  uart.o(i.UARTCharGetNonBlocking)
    UARTCharPutNonBlocking                   0x00001215   Thumb Code    16  uart.o(i.UARTCharPutNonBlocking)
    UARTCharsAvail                           0x00001225   Thumb Code    10  uart.o(i.UARTCharsAvail)
    UARTConfigSetExpClk                      0x0000122f   Thumb Code   110  uart.o(i.UARTConfigSetExpClk)
    UARTIntClear                             0x0000129d   Thumb Code     4  uart.o(i.UARTIntClear)
    UARTIntEnable                            0x000012a1   Thumb Code     8  uart.o(i.UARTIntEnable)
    UARTIntStatus                            0x000012a9   Thumb Code    10  uart.o(i.UARTIntStatus)
    UARTSpaceAvail                           0x000012b3   Thumb Code    10  uart.o(i.UARTSpaceAvail)
    __0sprintf$1                             0x000012bd   Thumb Code    34  printf1.o(i.__0sprintf$1)
    __1sprintf$1                             0x000012bd   Thumb Code     0  printf1.o(i.__0sprintf$1)
    __2sprintf                               0x000012bd   Thumb Code     0  printf1.o(i.__0sprintf$1)
    __scatterload_copy                       0x000012e5   Thumb Code    14  handlers.o(i.__scatterload_copy)
    __scatterload_null                       0x000012f3   Thumb Code     2  handlers.o(i.__scatterload_null)
    __scatterload_zeroinit                   0x000012f5   Thumb Code    14  handlers.o(i.__scatterload_zeroinit)
    Region$$Table$$Base                      0x0000173c   Number         0  anon$$obj.o(Region$$Table)
    Region$$Table$$Limit                     0x0000175c   Number         0  anon$$obj.o(Region$$Table)
    InPutI                                   0x20000000   Data           4  uart_echo_mod.o(.data)
    InGetI                                   0x20000004   Data           4  uart_echo_mod.o(.data)
    OutPutI                                  0x20000008   Data           4  uart_echo_mod.o(.data)
    OutGetI                                  0x2000000c   Data           4  uart_echo_mod.o(.data)
    CmdPutI                                  0x20000010   Data           4  uart_echo_mod.o(.data)
    CmdGetI                                  0x20000014   Data           4  uart_echo_mod.o(.data)
    outChar                                  0x20000018   Data           1  uart_echo_mod.o(.data)
    check                                    0x2000001c   Data           4  uart_echo_mod.o(.data)
    i                                        0x20000020   Data           4  uart_echo_mod.o(.data)
    os_counter                               0x20000030   Data           4  os.o(.data)
    func                                     0x20000034   Data           4  os.o(.data)
    scrollLines                              0x20000178   Data         168  rit128x96x4.o(.bss)
    __initial_sp                             0x20000320   Data           0  startup.o(STACK)



==============================================================================

Memory Map of the image

  Image Entry point : 0x0000011b

  Load Region LR_1 (Base: 0x00000000, Size: 0x00001794, Max: 0xffffffff, ABSOLUTE)

    Execution Region ER_RO (Base: 0x00000000, Size: 0x0000175c, Max: 0xffffffff, ABSOLUTE)

    Base Addr    Size         Type   Attr      Idx    E Section Name        Object

    0x00000000   0x00000124   Code   RO            3  * RESET               startup.o
    0x00000124   0x00000000   Code   RO         1289  * .ARM.Collect$$$$00000000  entry.o(mc_w.l)
    0x00000124   0x00000004   Code   RO         1561    .ARM.Collect$$$$00000001  entry2.o(mc_w.l)
    0x00000128   0x00000004   Code   RO         1564    .ARM.Collect$$$$00000004  entry5.o(mc_w.l)
    0x0000012c   0x00000008   Code   RO         1565    .ARM.Collect$$$$00000007  entry7.o(mc_w.l)
    0x00000134   0x00000004   Code   RO         1562    .ARM.Collect$$$$00002712  entry2.o(mc_w.l)
    0x00000138   0x00000006   Code   RO          577    .emb_text           sysctl.o(driverlib.lib)
    0x0000013e   0x00000002   PAD
    0x00000140   0x00000026   Code   RO         1279    .emb_text           cpu.o(driverlib.lib)
    0x00000166   0x00000002   PAD
    0x00000168   0x0000038c   Code   RO           11    .text               uart_echo_mod.o
    0x000004f4   0x000005c4   Code   RO           64    .text               rit128x96x4.o
    0x00000ab8   0x000000b8   Code   RO          112    .text               os.o
    0x00000b70   0x00000026   Code   RO         1292    .text               memseta.o(mc_w.l)
    0x00000b96   0x0000002c   Code   RO         1294    .text               strstr.o(mc_w.l)
    0x00000bc2   0x00000018   Code   RO         1296    .text               strncpy.o(mc_w.l)
    0x00000bda   0x00000010   Code   RO         1298    .text               strlen.o(mc_w.l)
    0x00000bea   0x0000002c   Code   RO         1569    .text               uidiv.o(mc_w.l)
    0x00000c16   0x00000002   PAD
    0x00000c18   0x00000024   Code   RO         1584    .text               init.o(mc_w.l)
    0x00000c3c   0x00000028   Code   RO          134    i.GPIODirModeSet    gpio.o(driverlib.lib)
    0x00000c64   0x000000b0   Code   RO          139    i.GPIOPadConfigSet  gpio.o(driverlib.lib)
    0x00000d14   0x0000001c   Code   RO          152    i.GPIOPinTypeGPIOOutput  gpio.o(driverlib.lib)
    0x00000d30   0x0000001c   Code   RO          158    i.GPIOPinTypeSSI    gpio.o(driverlib.lib)
    0x00000d4c   0x0000001c   Code   RO          160    i.GPIOPinTypeUART   gpio.o(driverlib.lib)
    0x00000d68   0x00000006   Code   RO          163    i.GPIOPinWrite      gpio.o(driverlib.lib)
    0x00000d6e   0x0000006c   Code   RO          364    i.IntEnable         interrupt.o(driverlib.lib)
    0x00000dda   0x0000000a   Code   RO          366    i.IntMasterEnable   interrupt.o(driverlib.lib)
    0x00000de4   0x00000008   Code   RO          466    i.SSIBusy           ssi.o(driverlib.lib)
    0x00000dec   0x0000004a   Code   RO          467    i.SSIConfigSetExpClk  ssi.o(driverlib.lib)
    0x00000e36   0x00000012   Code   RO          471    i.SSIDataGetNonBlocking  ssi.o(driverlib.lib)
    0x00000e48   0x0000000c   Code   RO          472    i.SSIDataPut        ssi.o(driverlib.lib)
    0x00000e54   0x0000000a   Code   RO          474    i.SSIDisable        ssi.o(driverlib.lib)
    0x00000e5e   0x0000000a   Code   RO          475    i.SSIEnable         ssi.o(driverlib.lib)
    0x00000e68   0x000001e8   Code   RO          582    i.SysCtlClockGet    sysctl.o(driverlib.lib)
    0x00001050   0x0000013c   Code   RO          583    i.SysCtlClockSet    sysctl.o(driverlib.lib)
    0x0000118c   0x00000020   Code   RO          610    i.SysCtlPeripheralEnable  sysctl.o(driverlib.lib)
    0x000011ac   0x0000001c   Code   RO          860    i.TimerConfigure    timer.o(driverlib.lib)
    0x000011c8   0x00000010   Code   RO          866    i.TimerDisable      timer.o(driverlib.lib)
    0x000011d8   0x0000000e   Code   RO          867    i.TimerEnable       timer.o(driverlib.lib)
    0x000011e6   0x00000004   Code   RO          868    i.TimerIntClear     timer.o(driverlib.lib)
    0x000011ea   0x00000008   Code   RO          870    i.TimerIntEnable    timer.o(driverlib.lib)
    0x000011f2   0x00000012   Code   RO          875    i.TimerLoadSet      timer.o(driverlib.lib)
    0x00001204   0x00000010   Code   RO         1031    i.UARTCharGetNonBlocking  uart.o(driverlib.lib)
    0x00001214   0x00000010   Code   RO         1033    i.UARTCharPutNonBlocking  uart.o(driverlib.lib)
    0x00001224   0x0000000a   Code   RO         1034    i.UARTCharsAvail    uart.o(driverlib.lib)
    0x0000122e   0x0000006e   Code   RO         1036    i.UARTConfigSetExpClk  uart.o(driverlib.lib)
    0x0000129c   0x00000004   Code   RO         1049    i.UARTIntClear      uart.o(driverlib.lib)
    0x000012a0   0x00000008   Code   RO         1051    i.UARTIntEnable     uart.o(driverlib.lib)
    0x000012a8   0x0000000a   Code   RO         1053    i.UARTIntStatus     uart.o(driverlib.lib)
    0x000012b2   0x0000000a   Code   RO         1065    i.UARTSpaceAvail    uart.o(driverlib.lib)
    0x000012bc   0x00000028   Code   RO         1347    i.__0sprintf$1      printf1.o(mc_w.l)
    0x000012e4   0x0000000e   Code   RO         1597    i.__scatterload_copy  handlers.o(mc_w.l)
    0x000012f2   0x00000002   Code   RO         1598    i.__scatterload_null  handlers.o(mc_w.l)
    0x000012f4   0x0000000e   Code   RO         1599    i.__scatterload_zeroinit  handlers.o(mc_w.l)
    0x00001302   0x00000002   PAD
    0x00001304   0x00000154   Code   RO         1352    i._printf_core      printf1.o(mc_w.l)
    0x00001458   0x0000000a   Code   RO         1354    i._sputc            printf1.o(mc_w.l)
    0x00001462   0x0000023b   Data   RO           66    .constdata          rit128x96x4.o
    0x0000169d   0x00000003   PAD
    0x000016a0   0x0000009c   Data   RO          623    .constdata          sysctl.o(driverlib.lib)
    0x0000173c   0x00000020   Data   RO         1595    Region$$Table       anon$$obj.o


    Execution Region ER_RW (Base: 0x20000000, Size: 0x00000038, Max: 0xffffffff, ABSOLUTE)

    Base Addr    Size         Type   Attr      Idx    E Section Name        Object

    0x20000000   0x00000024   Data   RW           13    .data               uart_echo_mod.o
    0x20000024   0x0000000c   Data   RW           67    .data               rit128x96x4.o
    0x20000030   0x00000008   Data   RW          113    .data               os.o


    Execution Region ER_ZI (Base: 0x20000038, Size: 0x000002e8, Max: 0xffffffff, ABSOLUTE)

    Base Addr    Size         Type   Attr      Idx    E Section Name        Object

    0x20000038   0x00000140   Zero   RW           12    .bss                uart_echo_mod.o
    0x20000178   0x000000a8   Zero   RW           65    .bss                rit128x96x4.o
    0x20000220   0x00000100   Zero   RW            1    STACK               startup.o


==============================================================================

Image component sizes


      Code (inc. data)   RO Data    RW Data    ZI Data      Debug   Object Name

       184         26          0          8          0       1762   os.o
      1476         38        571         12        168       5389   rit128x96x4.o
       292        256          0          0        256        344   startup.o
       908         64          0         36        320       5839   uart_echo_mod.o

    ----------------------------------------------------------------------
      2860        384        606         56        744      13334   Object Totals
         0          0         32          0          0          0   (incl. Generated)
         0          0          3          0          0          2   (incl. Padding)

    ----------------------------------------------------------------------

      Code (inc. data)   RO Data    RW Data    ZI Data      Debug   Library Member Name

        38          0          0          0          0        468   cpu.o
         0          0          0          0          0          0   entry.o
         8          4          0          0          0          0   entry2.o
         4          0          0          0          0          0   entry5.o
         8          4          0          0          0          0   entry7.o
       306          0          0          0          0       6594   gpio.o
        30          0          0          0          0          0   handlers.o
        36          8          0          0          0         68   init.o
       118          0          0          0          0        986   interrupt.o
        38          0          0          0          0        108   memseta.o
       390         10          0          0          0        248   printf1.o
       132          0          0          0          0       2961   ssi.o
        16          0          0          0          0         68   strlen.o
        24          0          0          0          0         76   strncpy.o
        44          0          0          0          0         76   strstr.o
       842         74        156          0          0       3851   sysctl.o
        88          0          0          0          0       2750   timer.o
       184          0          0          0          0       4546   uart.o
        44          0          0          0          0         76   uidiv.o

    ----------------------------------------------------------------------
      2358        100        156          0          0      22876   Library Totals
         8          0          0          0          0          0   (incl. Padding)

    ----------------------------------------------------------------------

      Code (inc. data)   RO Data    RW Data    ZI Data      Debug   Library Name

      1708         74        156          0          0      22156   driverlib.lib
       642         26          0          0          0        720   mc_w.l

    ----------------------------------------------------------------------
      2358        100        156          0          0      22876   Library Totals

    ----------------------------------------------------------------------

==============================================================================


      Code (inc. data)   RO Data    RW Data    ZI Data      Debug   

      5218        484        762         56        744      34408   Grand Totals
      5218        484        762         56        744      34408   ELF Image Totals
      5218        484        762         56          0          0   ROM Totals

==============================================================================

    Total RO  Size (Code + RO Data)                 5980 (   5.84kB)
    Total RW  Size (RW Data + ZI Data)               800 (   0.78kB)
    Total ROM Size (Code + RO Data + RW Data)       6036 (   5.89kB)

==============================================================================

