<html>
<body>
<pre>
<h1>µVision Build Log</h1>
<h2>Project:</h2>
D:\Dropbox\EE345M\Lab1\procedure\Lab1-procedure.uvproj
Project File Date:  02/06/2012

<h2>Output:</h2>
Build target 'OLED'
assembling Startup.s...
compiling uart_echo_mod.c...
compiling rit128x96x4.c...
linking...
Program Size: Code=4938 RO-data=762 RW-data=44 ZI-data=748  
"Lab1.axf" - 0 Error(s), 0 Warning(s).
Load "D:\\Dropbox\\EE345M\\Lab1\\procedure\\Lab1.AXF" 
Connecting: Mode=JTAG, Speed=1000000Hz
Erase Done.
Programming Done.
Verify OK.
Build target 'OLED'
assembling Startup.s...
compiling uart_echo_mod.c...
compiling rit128x96x4.c...
linking...
Program Size: Code=4902 RO-data=762 RW-data=44 ZI-data=748  
"Lab1.axf" - 0 Error(s), 0 Warning(s).
Load "D:\\Dropbox\\EE345M\\Lab1\\procedure\\Lab1.AXF" 
Connecting: Mode=JTAG, Speed=1000000Hz
Erase Done.
Programming Done.
Verify OK.
Build target 'OLED'
assembling Startup.s...
compiling uart_echo_mod.c...
compiling rit128x96x4.c...
linking...
Program Size: Code=4910 RO-data=762 RW-data=44 ZI-data=748  
"Lab1.axf" - 0 Error(s), 0 Warning(s).
Load "D:\\Dropbox\\EE345M\\Lab1\\procedure\\Lab1.AXF" 
Connecting: Mode=JTAG, Speed=1000000Hz
Erase Done.
Programming Done.
Verify OK.
Build target 'OLED'
assembling Startup.s...
compiling uart_echo_mod.c...
compiling rit128x96x4.c...
linking...
Program Size: Code=4894 RO-data=762 RW-data=44 ZI-data=748  
"Lab1.axf" - 0 Error(s), 0 Warning(s).
Load "D:\\Dropbox\\EE345M\\Lab1\\procedure\\Lab1.AXF" 
Connecting: Mode=JTAG, Speed=1000000Hz
Erase Done.
Programming Done.
Verify OK.
Build target 'OLED'
assembling Startup.s...
compiling uart_echo_mod.c...
compiling rit128x96x4.c...
linking...
Program Size: Code=4886 RO-data=762 RW-data=44 ZI-data=748  
"Lab1.axf" - 0 Error(s), 0 Warning(s).
Load "D:\\Dropbox\\EE345M\\Lab1\\procedure\\Lab1.AXF" 
Connecting: Mode=JTAG, Speed=1000000Hz
Erase Done.
Programming Done.
Verify OK.
Build target 'OLED'
assembling Startup.s...
compiling uart_echo_mod.c...
compiling rit128x96x4.c...
linking...
Program Size: Code=4882 RO-data=762 RW-data=44 ZI-data=748  
"Lab1.axf" - 0 Error(s), 0 Warning(s).
Load "D:\\Dropbox\\EE345M\\Lab1\\procedure\\Lab1.AXF" 
Connecting: Mode=JTAG, Speed=1000000Hz
Erase Done.
Programming Done.
Verify OK.
Build target 'OLED'
assembling Startup.s...
compiling uart_echo_mod.c...
uart_echo_mod.c(188): error:  #167: argument of type "char *" is incompatible with parameter of type "char"
compiling rit128x96x4.c...
Target not created
Load "D:\\Dropbox\\EE345M\\Lab1\\procedure\\Lab1.AXF" 
_____^
*** error 56: cannot open file
Build target 'OLED'
assembling Startup.s...
compiling uart_echo_mod.c...
uart_echo_mod.c(188): error:  #167: argument of type "char *" is incompatible with parameter of type "char"
compiling rit128x96x4.c...
Target not created
Build target 'OLED'
assembling Startup.s...
compiling uart_echo_mod.c...
uart_echo_mod.c(188): error:  #167: argument of type "char *" is incompatible with parameter of type "char"
compiling rit128x96x4.c...
Target not created
Build target 'OLED'
assembling Startup.s...
compiling uart_echo_mod.c...
compiling rit128x96x4.c...
linking...
Program Size: Code=4882 RO-data=762 RW-data=44 ZI-data=748  
"Lab1.axf" - 0 Error(s), 0 Warning(s).
Build target 'OLED'
assembling Startup.s...
compiling uart_echo_mod.c...
uart_echo_mod.c(188): error:  #167: argument of type "char *" is incompatible with parameter of type "char"
compiling rit128x96x4.c...
Target not created
Load "D:\\Dropbox\\EE345M\\Lab1\\procedure\\Lab1.AXF" 
_____^
*** error 56: cannot open file
Build target 'OLED'
assembling Startup.s...
compiling uart_echo_mod.c...
uart_echo_mod.c(188): error:  #25: quoted string should contain at least one character
compiling rit128x96x4.c...
Target not created
Build target 'OLED'
assembling Startup.s...
compiling uart_echo_mod.c...
compiling rit128x96x4.c...
linking...
Program Size: Code=4886 RO-data=762 RW-data=44 ZI-data=748  
"Lab1.axf" - 0 Error(s), 0 Warning(s).
Load "D:\\Dropbox\\EE345M\\Lab1\\procedure\\Lab1.AXF" 
Connecting: Mode=JTAG, Speed=1000000Hz
Erase Done.
Programming Done.
Verify OK.
Build target 'OLED'
assembling Startup.s...
compiling uart_echo_mod.c...
uart_echo_mod.c(188): error:  #25: quoted string should contain at least one character
compiling rit128x96x4.c...
Target not created
Build target 'OLED'
assembling Startup.s...
compiling uart_echo_mod.c...
compiling rit128x96x4.c...
linking...
Program Size: Code=4882 RO-data=762 RW-data=44 ZI-data=748  
"Lab1.axf" - 0 Error(s), 0 Warning(s).
Build target 'OLED'
assembling Startup.s...
compiling uart_echo_mod.c...
compiling rit128x96x4.c...
linking...
Program Size: Code=4886 RO-data=762 RW-data=44 ZI-data=748  
"Lab1.axf" - 0 Error(s), 0 Warning(s).
Load "D:\\Dropbox\\EE345M\\Lab1\\procedure\\Lab1.AXF" 
Connecting: Mode=JTAG, Speed=1000000Hz
Erase Done.
Programming Done.
Verify OK.
Build target 'OLED'
assembling Startup.s...
compiling uart_echo_mod.c...
compiling rit128x96x4.c...
linking...
Program Size: Code=4886 RO-data=762 RW-data=44 ZI-data=748  
"Lab1.axf" - 0 Error(s), 0 Warning(s).
Load "D:\\Dropbox\\EE345M\\Lab1\\procedure\\Lab1.AXF" 
Connecting: Mode=JTAG, Speed=1000000Hz
Erase Done.
Programming Done.
Verify OK.
Build target 'OLED'
assembling Startup.s...
compiling uart_echo_mod.c...
compiling rit128x96x4.c...
linking...
Program Size: Code=4886 RO-data=762 RW-data=44 ZI-data=748  
"Lab1.axf" - 0 Error(s), 0 Warning(s).
Load "D:\\Dropbox\\EE345M\\Lab1\\procedure\\Lab1.AXF" 
Connecting: Mode=JTAG, Speed=1000000Hz
Erase Done.
Programming Done.
Verify OK.
Build target 'OLED'
assembling Startup.s...
compiling uart_echo_mod.c...
compiling rit128x96x4.c...
linking...
Program Size: Code=4910 RO-data=762 RW-data=44 ZI-data=748  
"Lab1.axf" - 0 Error(s), 0 Warning(s).
Load "D:\\Dropbox\\EE345M\\Lab1\\procedure\\Lab1.AXF" 
Connecting: Mode=JTAG, Speed=1000000Hz
Erase Done.
Programming Done.
Verify OK.
Build target 'OLED'
assembling Startup.s...
compiling uart_echo_mod.c...
uart_echo_mod.c(83): error:  #167: argument of type "int" is incompatible with parameter of type "char *"
compiling rit128x96x4.c...
Target not created
Build target 'OLED'
assembling Startup.s...
compiling uart_echo_mod.c...
uart_echo_mod.c(83): error:  #167: argument of type "char" is incompatible with parameter of type "char *"
compiling rit128x96x4.c...
Target not created
Build target 'OLED'
assembling Startup.s...
compiling uart_echo_mod.c...
uart_echo_mod.c(83): error:  #167: argument of type "int *" is incompatible with parameter of type "char *"
compiling rit128x96x4.c...
Target not created
Build target 'OLED'
assembling Startup.s...
compiling uart_echo_mod.c...
compiling rit128x96x4.c...
linking...
Program Size: Code=4898 RO-data=762 RW-data=44 ZI-data=748  
"Lab1.axf" - 0 Error(s), 0 Warning(s).
Load "D:\\Dropbox\\EE345M\\Lab1\\procedure\\Lab1.AXF" 
Connecting: Mode=JTAG, Speed=1000000Hz
Erase Done.
Programming Done.
Verify OK.
Build target 'OLED'
assembling Startup.s...
compiling uart_echo_mod.c...
compiling rit128x96x4.c...
linking...
Program Size: Code=4894 RO-data=762 RW-data=44 ZI-data=748  
"Lab1.axf" - 0 Error(s), 0 Warning(s).
Load "D:\\Dropbox\\EE345M\\Lab1\\procedure\\Lab1.AXF" 
Connecting: Mode=JTAG, Speed=1000000Hz
Erase Done.
Programming Done.
Verify OK.
Build target 'OLED'
assembling Startup.s...
compiling uart_echo_mod.c...
compiling rit128x96x4.c...
linking...
Program Size: Code=4898 RO-data=762 RW-data=44 ZI-data=748  
"Lab1.axf" - 0 Error(s), 0 Warning(s).
Build target 'OLED'
assembling Startup.s...
compiling uart_echo_mod.c...
compiling rit128x96x4.c...
linking...
Program Size: Code=4902 RO-data=762 RW-data=44 ZI-data=748  
"Lab1.axf" - 0 Error(s), 0 Warning(s).
Load "D:\\Dropbox\\EE345M\\Lab1\\procedure\\Lab1.AXF" 
Connecting: Mode=JTAG, Speed=1000000Hz
Erase Done.
Programming Done.
Verify OK.
Build target 'OLED'
assembling Startup.s...
compiling uart_echo_mod.c...
compiling rit128x96x4.c...
linking...
Program Size: Code=4902 RO-data=762 RW-data=44 ZI-data=748  
"Lab1.axf" - 0 Error(s), 0 Warning(s).
Load "D:\\Dropbox\\EE345M\\Lab1\\procedure\\Lab1.AXF" 
Connecting: Mode=JTAG, Speed=1000000Hz
Erase Done.
Programming Done.
Verify OK.
Build target 'OLED'
assembling Startup.s...
compiling uart_echo_mod.c...
compiling rit128x96x4.c...
linking...
Program Size: Code=4898 RO-data=762 RW-data=44 ZI-data=748  
"Lab1.axf" - 0 Error(s), 0 Warning(s).
Load "D:\\Dropbox\\EE345M\\Lab1\\procedure\\Lab1.AXF" 
Connecting: Mode=JTAG, Speed=1000000Hz
Erase Done.
Programming Done.
Verify OK.
Build target 'OLED'
assembling Startup.s...
compiling uart_echo_mod.c...
compiling rit128x96x4.c...
linking...
Program Size: Code=4886 RO-data=762 RW-data=44 ZI-data=748  
"Lab1.axf" - 0 Error(s), 0 Warning(s).
Load "D:\\Dropbox\\EE345M\\Lab1\\procedure\\Lab1.AXF" 
Connecting: Mode=JTAG, Speed=1000000Hz
Erase Done.
Programming Done.
Verify OK.
Build target 'OLED'
assembling Startup.s...
compiling uart_echo_mod.c...
compiling rit128x96x4.c...
linking...
Program Size: Code=4886 RO-data=762 RW-data=44 ZI-data=748  
"Lab1.axf" - 0 Error(s), 0 Warning(s).
Build target 'OLED'
assembling Startup.s...
compiling uart_echo_mod.c...
compiling rit128x96x4.c...
linking...
Program Size: Code=4886 RO-data=762 RW-data=44 ZI-data=748  
"Lab1.axf" - 0 Error(s), 0 Warning(s).
Load "D:\\Dropbox\\EE345M\\Lab1\\procedure\\Lab1.AXF" 
Connecting: Mode=JTAG, Speed=1000000Hz
Erase Done.
Programming Done.
Verify OK.
Build target 'OLED'
assembling Startup.s...
compiling uart_echo_mod.c...
compiling rit128x96x4.c...
linking...
Program Size: Code=4886 RO-data=762 RW-data=44 ZI-data=748  
"Lab1.axf" - 0 Error(s), 0 Warning(s).
Build target 'OLED'
assembling Startup.s...
compiling uart_echo_mod.c...
compiling rit128x96x4.c...
linking...
Program Size: Code=4886 RO-data=762 RW-data=44 ZI-data=748  
"Lab1.axf" - 0 Error(s), 0 Warning(s).
Load "D:\\Dropbox\\EE345M\\Lab1\\procedure\\Lab1.AXF" 
Connecting: Mode=JTAG, Speed=1000000Hz
Erase Done.
Programming Done.
Verify OK.
Build target 'OLED'
assembling Startup.s...
compiling uart_echo_mod.c...
compiling rit128x96x4.c...
linking...
Program Size: Code=4886 RO-data=762 RW-data=44 ZI-data=748  
"Lab1.axf" - 0 Error(s), 0 Warning(s).
Load "D:\\Dropbox\\EE345M\\Lab1\\procedure\\Lab1.AXF" 
Connecting: Mode=JTAG, Speed=1000000Hz
Erase Done.
Programming Done.
Verify OK.
Build target 'OLED'
assembling Startup.s...
compiling uart_echo_mod.c...
uart_echo_mod.c(63): warning:  #550-D: variable "i" was set but never used
uart_echo_mod.c(231): error:  #165: too few arguments in function call
compiling rit128x96x4.c...
Target not created
Build target 'OLED'
assembling Startup.s...
compiling uart_echo_mod.c...
compiling rit128x96x4.c...
linking...
Program Size: Code=4890 RO-data=762 RW-data=44 ZI-data=748  
"Lab1.axf" - 0 Error(s), 0 Warning(s).
Load "D:\\Dropbox\\EE345M\\Lab1\\procedure\\Lab1.AXF" 
Connecting: Mode=JTAG, Speed=1000000Hz
Erase Done.
Programming Done.
Verify OK.
Load "D:\\Dropbox\\EE345M\\Lab1\\procedure\\Lab1.AXF" 
Connecting: Mode=JTAG, Speed=1000000Hz
Erase Done.
Programming Done.
Verify OK.
Build target 'OLED'
assembling Startup.s...
compiling uart_echo_mod.c...
compiling rit128x96x4.c...
linking...
Program Size: Code=4874 RO-data=762 RW-data=44 ZI-data=748  
"Lab1.axf" - 0 Error(s), 0 Warning(s).
Load "D:\\Dropbox\\EE345M\\Lab1\\procedure\\Lab1.AXF" 
Connecting: Mode=JTAG, Speed=1000000Hz
Erase Done.
Programming Done.
Verify OK.
Build target 'OLED'
assembling Startup.s...
compiling uart_echo_mod.c...
compiling rit128x96x4.c...
linking...
Program Size: Code=4898 RO-data=762 RW-data=44 ZI-data=748  
"Lab1.axf" - 0 Error(s), 0 Warning(s).
Load "D:\\Dropbox\\EE345M\\Lab1\\procedure\\Lab1.AXF" 
Connecting: Mode=JTAG, Speed=1000000Hz
Erase Done.
Programming Done.
Verify OK.
Build target 'OLED'
assembling Startup.s...
compiling uart_echo_mod.c...
uart_echo_mod.c(61): error:  #77-D: this declaration has no storage class or type specifier
compiling rit128x96x4.c...
Target not created
Build target 'OLED'
assembling Startup.s...
compiling uart_echo_mod.c...
compiling rit128x96x4.c...
linking...
Program Size: Code=4906 RO-data=762 RW-data=48 ZI-data=744  
"Lab1.axf" - 0 Error(s), 0 Warning(s).
Load "D:\\Dropbox\\EE345M\\Lab1\\procedure\\Lab1.AXF" 
Connecting: Mode=JTAG, Speed=1000000Hz
Erase Done.
Programming Done.
Verify OK.
Load "D:\\Dropbox\\EE345M\\Lab1\\procedure\\Lab1.AXF" 
Connecting: Mode=JTAG, Speed=1000000Hz
Erase Done.
Programming Done.
Verify OK.
Build target 'OLED'
assembling Startup.s...
compiling uart_echo_mod.c...
compiling rit128x96x4.c...
linking...
Program Size: Code=4858 RO-data=762 RW-data=48 ZI-data=744  
"Lab1.axf" - 0 Error(s), 0 Warning(s).
Load "D:\\Dropbox\\EE345M\\Lab1\\procedure\\Lab1.AXF" 
Connecting: Mode=JTAG, Speed=1000000Hz
Erase Done.
Programming Done.
Verify OK.
Build target 'OLED'
assembling Startup.s...
compiling uart_echo_mod.c...
compiling rit128x96x4.c...
linking...
Program Size: Code=4834 RO-data=762 RW-data=48 ZI-data=744  
"Lab1.axf" - 0 Error(s), 0 Warning(s).
Load "D:\\Dropbox\\EE345M\\Lab1\\procedure\\Lab1.AXF" 
Connecting: Mode=JTAG, Speed=1000000Hz
Erase Done.
Programming Done.
Verify OK.
Build target 'OLED'
assembling Startup.s...
compiling uart_echo_mod.c...
compiling rit128x96x4.c...
linking...
Program Size: Code=4930 RO-data=762 RW-data=48 ZI-data=744  
"Lab1.axf" - 0 Error(s), 0 Warning(s).
Load "D:\\Dropbox\\EE345M\\Lab1\\procedure\\Lab1.AXF" 
Connecting: Mode=JTAG, Speed=1000000Hz
Erase Done.
Programming Done.
Verify OK.
Build target 'OLED'
assembling Startup.s...
compiling uart_echo_mod.c...
compiling rit128x96x4.c...
linking...
Program Size: Code=4850 RO-data=762 RW-data=48 ZI-data=744  
"Lab1.axf" - 0 Error(s), 0 Warning(s).
Load "D:\\Dropbox\\EE345M\\Lab1\\procedure\\Lab1.AXF" 
Connecting: Mode=JTAG, Speed=1000000Hz
Erase Done.
Programming Done.
Verify OK.
Build target 'OLED'
assembling Startup.s...
compiling uart_echo_mod.c...
compiling rit128x96x4.c...
linking...
Program Size: Code=4850 RO-data=762 RW-data=48 ZI-data=744  
"Lab1.axf" - 0 Error(s), 0 Warning(s).
Load "D:\\Dropbox\\EE345M\\Lab1\\procedure\\Lab1.AXF" 
Connecting: Mode=JTAG, Speed=1000000Hz
Erase Done.
Programming Done.
Verify OK.
Build target 'OLED'
assembling Startup.s...
compiling uart_echo_mod.c...
uart_echo_mod.c(90): warning:  #223-D: function "InwhyFifo_Get" declared implicitly
uart_echo_mod.c(136): warning:  #177-D: variable "test" was declared but never referenced
uart_echo_mod.c(137): warning:  #177-D: variable "str" was declared but never referenced
uart_echo_mod.c(138): warning:  #177-D: variable "i" was declared but never referenced
uart_echo_mod.c(138): warning:  #177-D: variable "tmp" was declared but never referenced
compiling rit128x96x4.c...
linking...
Lab1.axf: Error: L6218E: Undefined symbol InwhyFifo_Get (referred from uart_echo_mod.o).
Target not created
Load "D:\\Dropbox\\EE345M\\Lab1\\procedure\\Lab1.AXF" 
_____^
*** error 56: cannot open file
Build target 'OLED'
assembling Startup.s...
compiling uart_echo_mod.c...
compiling rit128x96x4.c...
linking...
Program Size: Code=4850 RO-data=762 RW-data=48 ZI-data=744  
"Lab1.axf" - 0 Error(s), 0 Warning(s).
Build target 'OLED'
assembling Startup.s...
compiling uart_echo_mod.c...
uart_echo_mod.c(136): warning:  #177-D: variable "test" was declared but never referenced
uart_echo_mod.c(137): warning:  #177-D: variable "str" was declared but never referenced
uart_echo_mod.c(138): warning:  #177-D: variable "i" was declared but never referenced
uart_echo_mod.c(138): warning:  #177-D: variable "tmp" was declared but never referenced
compiling rit128x96x4.c...
linking...
Program Size: Code=4682 RO-data=762 RW-data=48 ZI-data=744  
"Lab1.axf" - 0 Error(s), 4 Warning(s).
Load "D:\\Dropbox\\EE345M\\Lab1\\procedure\\Lab1.AXF" 
Connecting: Mode=JTAG, Speed=1000000Hz
Erase Done.
Programming Done.
Verify OK.
Build target 'OLED'
assembling Startup.s...
compiling uart_echo_mod.c...
compiling rit128x96x4.c...
linking...
Program Size: Code=4874 RO-data=762 RW-data=48 ZI-data=744  
"Lab1.axf" - 0 Error(s), 0 Warning(s).
Load "D:\\Dropbox\\EE345M\\Lab1\\procedure\\Lab1.AXF" 
Connecting: Mode=JTAG, Speed=1000000Hz
Erase Done.
Programming Done.
Verify OK.
