<html>
<body>
<pre>
<h1>µVision Build Log</h1>
<h2>Project:</h2>
C:\Users\Cruz Monrreal II\Desktop\Dropbox\EE345M\Lab1\procedure\Lab1-procedure.uvproj
Project File Date:  02/08/2012

<h2>Output:</h2>
Build target 'OLED'
assembling Startup.s...
C:\Users\Cruz Monrreal II\Desktop\Dropbox\EE345M\Startup.s(132): error: A1516E: Bad symbol 'Timer2A_Handler', not defined or external
compiling uart_echo_mod.c...
compiling rit128x96x4.c...
compiling os.c...
..\prepPartA\os.c(11): error:  #20: identifier "NULL" is undefined
..\prepPartA\os.c(31): warning:  #223-D: function "SysCtlPeripheralEnable" declared implicitly
..\prepPartA\os.c(31): error:  #20: identifier "SYSCTL_PERIPH_TIMER0" is undefined
..\prepPartA\os.c(38): warning:  #940-D: missing return statement at end of non-void function "OS_AddPeriodicThread"
..\prepPartA\os.c(42): warning:  #174-D: expression has no effect
..\prepPartA\os.c(42): error:  #29: expected an expression
..\prepPartA\os.c(50): warning:  #1-D: last line of file ends without a newline
Target not created
Build target 'OLED'
assembling Startup.s...
C:\Users\Cruz Monrreal II\Desktop\Dropbox\EE345M\Startup.s(132): error: A1516E: Bad symbol 'Timer2A_Handler', not defined or external
compiling uart_echo_mod.c...
compiling rit128x96x4.c...
compiling os.c...
..\prepPartA\os.c(12): error:  #20: identifier "NULL" is undefined
..\prepPartA\os.c(39): warning:  #940-D: missing return statement at end of non-void function "OS_AddPeriodicThread"
..\prepPartA\os.c(43): warning:  #174-D: expression has no effect
..\prepPartA\os.c(43): error:  #29: expected an expression
..\prepPartA\os.c(51): warning:  #1-D: last line of file ends without a newline
Target not created
Build target 'OLED'
assembling Startup.s...
compiling uart_echo_mod.c...
compiling rit128x96x4.c...
compiling os.c...
..\prepPartA\os.c(12): error:  #20: identifier "NULL" is undefined
..\prepPartA\os.c(39): warning:  #940-D: missing return statement at end of non-void function "OS_AddPeriodicThread"
..\prepPartA\os.c(43): warning:  #174-D: expression has no effect
..\prepPartA\os.c(43): error:  #29: expected an expression
..\prepPartA\os.c(51): warning:  #1-D: last line of file ends without a newline
Target not created
Build target 'OLED'
assembling Startup.s...
compiling uart_echo_mod.c...
compiling rit128x96x4.c...
compiling os.c...
..\prepPartA\os.c(12): error:  #20: identifier "NULL" is undefined
..\prepPartA\os.c(45): warning:  #174-D: expression has no effect
..\prepPartA\os.c(45): error:  #29: expected an expression
..\prepPartA\os.c(53): warning:  #1-D: last line of file ends without a newline
Target not created
Build target 'OLED'
assembling Startup.s...
compiling uart_echo_mod.c...
compiling rit128x96x4.c...
compiling os.c...
..\prepPartA\os.c(12): error:  #20: identifier "NULL" is undefined
..\prepPartA\os.c(53): warning:  #1-D: last line of file ends without a newline
Target not created
Build target 'OLED'
assembling Startup.s...
compiling uart_echo_mod.c...
compiling rit128x96x4.c...
compiling os.c...
linking...
Program Size: Code=5166 RO-data=762 RW-data=56 ZI-data=744  
"Lab1.axf" - 0 Error(s), 0 Warning(s).
Build target 'OLED'
assembling Startup.s...
compiling uart_echo_mod.c...
uart_echo_mod.c(172): warning:  #223-D: function "OS_AddPeriodicThread" declared implicitly
uart_echo_mod.c(172): warning:  #223-D: function "dummy" declared implicitly
uart_echo_mod.c(172): error:  #29: expected an expression
compiling rit128x96x4.c...
compiling os.c...
Target not created
Build target 'OLED'
assembling Startup.s...
compiling uart_echo_mod.c...
uart_echo_mod.c(31): error:  #5: cannot open source input file "os.h": No such file or directory
compiling rit128x96x4.c...
compiling os.c...
Target not created
Build target 'OLED'
assembling Startup.s...
compiling uart_echo_mod.c...
uart_echo_mod.c(173): warning:  #223-D: function "dummy" declared implicitly
uart_echo_mod.c(173): error:  #29: expected an expression
uart_echo_mod.c(173): error:  #167: argument of type "int" is incompatible with parameter of type "void (*)(void)"
compiling rit128x96x4.c...
compiling os.c...
Target not created
Build target 'OLED'
assembling Startup.s...
compiling uart_echo_mod.c...
uart_echo_mod.c(173): error:  #20: identifier "dummy" is undefined
compiling rit128x96x4.c...
compiling os.c...
Target not created
Build target 'OLED'
assembling Startup.s...
compiling uart_echo_mod.c...
uart_echo_mod.c(173): error:  #20: identifier "dummy" is undefined
compiling rit128x96x4.c...
compiling os.c...
Target not created
Build target 'OLED'
assembling Startup.s...
compiling uart_echo_mod.c...
compiling rit128x96x4.c...
compiling os.c...
linking...
Lab1.axf: Error: L6200E: Symbol dummy multiply defined (by os.o and uart_echo_mod.o).
Target not created
Build target 'OLED'
assembling Startup.s...
compiling uart_echo_mod.c...
uart_echo_mod.c(173): error:  #29: expected an expression
compiling rit128x96x4.c...
compiling os.c...
Target not created
Build target 'OLED'
assembling Startup.s...
compiling uart_echo_mod.c...
compiling rit128x96x4.c...
compiling os.c...
linking...
Lab1.axf: Error: L6200E: Symbol dummy multiply defined (by os.o and uart_echo_mod.o).
Target not created
Build target 'OLED'
assembling Startup.s...
compiling uart_echo_mod.c...
compiling rit128x96x4.c...
compiling os.c...
linking...
Lab1.axf: Error: L6200E: Symbol dummy multiply defined (by os.o and uart_echo_mod.o).
Target not created
Build target 'OLED'
assembling Startup.s...
compiling uart_echo_mod.c...
compiling rit128x96x4.c...
compiling os.c...
linking...
Lab1.axf: Error: L6200E: Symbol dummy multiply defined (by os.o and uart_echo_mod.o).
Target not created
Build target 'OLED'
assembling Startup.s...
compiling uart_echo_mod.c...
uart_echo_mod.c(175): error:  #20: identifier "dummy" is undefined
compiling rit128x96x4.c...
compiling os.c...
Target not created
Build target 'OLED'
assembling Startup.s...
compiling uart_echo_mod.c...
uart_echo_mod.c(175): error:  #20: identifier "dummy" is undefined
compiling rit128x96x4.c...
compiling os.c...
Target not created
Build target 'OLED'
assembling Startup.s...
compiling uart_echo_mod.c...
compiling rit128x96x4.c...
compiling os.c...
linking...
Lab1.axf: Error: L6200E: Symbol dummy multiply defined (by os.o and uart_echo_mod.o).
Target not created
Build target 'OLED'
assembling Startup.s...
compiling uart_echo_mod.c...
compiling rit128x96x4.c...
compiling os.c...
linking...
Lab1.axf: Error: L6200E: Symbol dummy multiply defined (by os.o and uart_echo_mod.o).
Target not created
Build target 'OLED'
assembling Startup.s...
compiling uart_echo_mod.c...
compiling rit128x96x4.c...
compiling os.c...
linking...
Program Size: Code=5182 RO-data=762 RW-data=56 ZI-data=744  
"Lab1.axf" - 0 Error(s), 0 Warning(s).
Build target 'OLED'
assembling Startup.s...
compiling uart_echo_mod.c...
compiling rit128x96x4.c...
compiling os.c...
linking...
Program Size: Code=5234 RO-data=762 RW-data=56 ZI-data=744  
"Lab1.axf" - 0 Error(s), 0 Warning(s).
Load "C:\\Users\\Cruz Monrreal II\\Desktop\\Dropbox\\EE345M\\Lab1\\procedure\\Lab1.AXF" 
Connecting: Mode=JTAG, Speed=1000000Hz
Erase Done.
Programming Done.
Verify OK.
Build target 'OLED'
assembling Startup.s...
compiling uart_echo_mod.c...
compiling rit128x96x4.c...
compiling os.c...
linking...
Program Size: Code=5250 RO-data=762 RW-data=56 ZI-data=744  
"Lab1.axf" - 0 Error(s), 0 Warning(s).
Load "C:\\Users\\Cruz Monrreal II\\Desktop\\Dropbox\\EE345M\\Lab1\\procedure\\Lab1.AXF" 
Connecting: Mode=JTAG, Speed=1000000Hz
Erase Done.
Programming Done.
Verify OK.
Load "C:\\Users\\Cruz Monrreal II\\Desktop\\Dropbox\\EE345M\\Lab1\\procedure\\Lab1.AXF" 
Connecting: Mode=JTAG, Speed=1000000Hz
Erase Done.
Programming Done.
Verify OK.
Build target 'OLED'
assembling Startup.s...
compiling uart_echo_mod.c...
compiling rit128x96x4.c...
compiling os.c...
linking...
Program Size: Code=5238 RO-data=762 RW-data=56 ZI-data=744  
"Lab1.axf" - 0 Error(s), 0 Warning(s).
Load "C:\\Users\\Cruz Monrreal II\\Desktop\\Dropbox\\EE345M\\Lab1\\procedure\\Lab1.AXF" 
Connecting: Mode=JTAG, Speed=1000000Hz
Erase Done.
Programming Done.
Verify OK.
Build target 'OLED'
assembling Startup.s...
compiling uart_echo_mod.c...
compiling rit128x96x4.c...
compiling os.c...
linking...
Program Size: Code=5118 RO-data=762 RW-data=56 ZI-data=744  
"Lab1.axf" - 0 Error(s), 0 Warning(s).
Load "C:\\Users\\Cruz Monrreal II\\Desktop\\Dropbox\\EE345M\\Lab1\\procedure\\Lab1.AXF" 
Connecting: Mode=JTAG, Speed=1000000Hz
Erase Done.
Programming Done.
Verify OK.
Build target 'OLED'
assembling Startup.s...
compiling uart_echo_mod.c...
compiling rit128x96x4.c...
compiling os.c...
linking...
Program Size: Code=5118 RO-data=762 RW-data=56 ZI-data=744  
"Lab1.axf" - 0 Error(s), 0 Warning(s).
Load "C:\\Users\\Cruz Monrreal II\\Desktop\\Dropbox\\EE345M\\Lab1\\procedure\\Lab1.AXF" 
Connecting: Mode=JTAG, Speed=1000000Hz
Erase Done.
Programming Done.
Verify OK.
Build target 'OLED'
assembling Startup.s...
compiling uart_echo_mod.c...
compiling rit128x96x4.c...
compiling os.c...
os.c(54): error:  #65: expected a ";"
os.c(55): warning:  #940-D: missing return statement at end of non-void function "OS_AddPeriodicThread"
Target not created
Build target 'OLED'
assembling Startup.s...
compiling uart_echo_mod.c...
compiling rit128x96x4.c...
compiling os.c...
linking...
Program Size: Code=5098 RO-data=762 RW-data=56 ZI-data=744  
"Lab1.axf" - 0 Error(s), 0 Warning(s).
Load "C:\\Users\\Cruz Monrreal II\\Desktop\\Dropbox\\EE345M\\Lab1\\procedure\\Lab1.AXF" 
Connecting: Mode=JTAG, Speed=1000000Hz
Erase Done.
Programming Done.
Verify OK.
Build target 'OLED'
assembling Startup.s...
compiling uart_echo_mod.c...
compiling rit128x96x4.c...
compiling os.c...
linking...
Program Size: Code=5114 RO-data=762 RW-data=56 ZI-data=744  
"Lab1.axf" - 0 Error(s), 0 Warning(s).
Load "C:\\Users\\Cruz Monrreal II\\Desktop\\Dropbox\\EE345M\\Lab1\\procedure\\Lab1.AXF" 
Connecting: Mode=JTAG, Speed=1000000Hz
Erase Done.
Programming Done.
Verify OK.
Build target 'OLED'
assembling Startup.s...
compiling uart_echo_mod.c...
compiling rit128x96x4.c...
compiling os.c...
linking...
Program Size: Code=5114 RO-data=762 RW-data=56 ZI-data=744  
"Lab1.axf" - 0 Error(s), 0 Warning(s).
Load "C:\\Users\\Cruz Monrreal II\\Desktop\\Dropbox\\EE345M\\Lab1\\procedure\\Lab1.AXF" 
Connecting: Mode=JTAG, Speed=1000000Hz
Erase Done.
Programming Done.
Verify OK.
Build target 'OLED'
assembling Startup.s...
compiling uart_echo_mod.c...
compiling rit128x96x4.c...
compiling os.c...
linking...
Program Size: Code=5114 RO-data=762 RW-data=56 ZI-data=744  
"Lab1.axf" - 0 Error(s), 0 Warning(s).
Build target 'OLED'
assembling Startup.s...
compiling uart_echo_mod.c...
compiling rit128x96x4.c...
compiling os.c...
linking...
Program Size: Code=5114 RO-data=762 RW-data=56 ZI-data=744  
"Lab1.axf" - 0 Error(s), 0 Warning(s).
Load "C:\\Users\\Cruz Monrreal II\\Desktop\\Dropbox\\EE345M\\Lab1\\procedure\\Lab1.AXF" 
Connecting: Mode=JTAG, Speed=1000000Hz
Erase Done.
Programming Done.
Verify OK.
Build target 'OLED'
assembling Startup.s...
compiling uart_echo_mod.c...
compiling rit128x96x4.c...
compiling os.c...
linking...
Program Size: Code=5662 RO-data=762 RW-data=56 ZI-data=840  
"Lab1.axf" - 0 Error(s), 0 Warning(s).
Load "C:\\Users\\Cruz Monrreal II\\Desktop\\Dropbox\\EE345M\\Lab1\\procedure\\Lab1.AXF" 
Connecting: Mode=JTAG, Speed=1000000Hz
Erase Done.
Programming Done.
Verify OK.
Build target 'OLED'
assembling Startup.s...
compiling uart_echo_mod.c...
compiling rit128x96x4.c...
compiling os.c...
linking...
Program Size: Code=5662 RO-data=762 RW-data=56 ZI-data=840  
"Lab1.axf" - 0 Error(s), 0 Warning(s).
Build target 'OLED'
assembling Startup.s...
compiling uart_echo_mod.c...
compiling rit128x96x4.c...
compiling os.c...
linking...
Program Size: Code=5114 RO-data=762 RW-data=56 ZI-data=744  
"Lab1.axf" - 0 Error(s), 0 Warning(s).
Load "C:\\Users\\Cruz Monrreal II\\Desktop\\Dropbox\\EE345M\\Lab1\\procedure\\Lab1.AXF" 
Connecting: Mode=JTAG, Speed=1000000Hz
Erase Done.
Programming Done.
Verify OK.
Build target 'OLED'
assembling Startup.s...
compiling uart_echo_mod.c...
compiling rit128x96x4.c...
compiling os.c...
linking...
Program Size: Code=5114 RO-data=762 RW-data=56 ZI-data=744  
"Lab1.axf" - 0 Error(s), 0 Warning(s).
Load "C:\\Users\\Cruz Monrreal II\\Desktop\\Dropbox\\EE345M\\Lab1\\procedure\\Lab1.AXF" 
Connecting: Mode=JTAG, Speed=1000000Hz
Erase Done.
Programming Done.
Verify OK.
Build target 'OLED'
assembling Startup.s...
compiling uart_echo_mod.c...
compiling rit128x96x4.c...
compiling os.c...
linking...
Program Size: Code=5114 RO-data=762 RW-data=56 ZI-data=744  
"Lab1.axf" - 0 Error(s), 0 Warning(s).
Load "C:\\Users\\Cruz Monrreal II\\Desktop\\Dropbox\\EE345M\\Lab1\\procedure\\Lab1.AXF" 
Connecting: Mode=JTAG, Speed=1000000Hz
Erase Done.
Programming Done.
Verify OK.
Build target 'OLED'
assembling Startup.s...
compiling uart_echo_mod.c...
compiling rit128x96x4.c...
compiling os.c...
linking...
Program Size: Code=5114 RO-data=762 RW-data=56 ZI-data=744  
"Lab1.axf" - 0 Error(s), 0 Warning(s).
Load "C:\\Users\\Cruz Monrreal II\\Desktop\\Dropbox\\EE345M\\Lab1\\procedure\\Lab1.AXF" 
Connecting: Mode=JTAG, Speed=1000000Hz
Connection failed!, error code=&d
Load "C:\\Users\\Cruz Monrreal II\\Desktop\\Dropbox\\EE345M\\Lab1\\procedure\\Lab1.AXF" 
Connecting: Mode=JTAG, Speed=1000000Hz
Erase Done.
Programming Done.
Verify OK.
Load "C:\\Users\\Cruz Monrreal II\\Desktop\\Dropbox\\EE345M\\Lab1\\procedure\\Lab1.AXF" 
Connecting: Mode=JTAG, Speed=1000000Hz
Erase Done.
Programming Done.
Verify OK.
Build target 'OLED'
assembling Startup.s...
compiling uart_echo_mod.c...
compiling rit128x96x4.c...
compiling os.c...
linking...
Program Size: Code=5106 RO-data=762 RW-data=56 ZI-data=744  
"Lab1.axf" - 0 Error(s), 0 Warning(s).
Load "C:\\Users\\Cruz Monrreal II\\Desktop\\Dropbox\\EE345M\\Lab1\\procedure\\Lab1.AXF" 
Connecting: Mode=JTAG, Speed=1000000Hz
Erase Done.
Programming Done.
Verify OK.
Build target 'OLED'
assembling Startup.s...
compiling uart_echo_mod.c...
compiling rit128x96x4.c...
compiling os.c...
linking...
Program Size: Code=5106 RO-data=762 RW-data=56 ZI-data=744  
"Lab1.axf" - 0 Error(s), 0 Warning(s).
Load "C:\\Users\\Cruz Monrreal II\\Desktop\\Dropbox\\EE345M\\Lab1\\procedure\\Lab1.AXF" 
Connecting: Mode=JTAG, Speed=1000000Hz
Erase Done.
Programming Done.
Verify OK.
Build target 'OLED'
assembling Startup.s...
compiling uart_echo_mod.c...
compiling rit128x96x4.c...
compiling os.c...
linking...
Program Size: Code=5114 RO-data=762 RW-data=56 ZI-data=744  
"Lab1.axf" - 0 Error(s), 0 Warning(s).
Load "C:\\Users\\Cruz Monrreal II\\Desktop\\Dropbox\\EE345M\\Lab1\\procedure\\Lab1.AXF" 
Connecting: Mode=JTAG, Speed=1000000Hz
Erase Done.
Programming Done.
Verify OK.
Build target 'OLED'
assembling Startup.s...
compiling uart_echo_mod.c...
compiling rit128x96x4.c...
compiling os.c...
linking...
Program Size: Code=5114 RO-data=762 RW-data=56 ZI-data=744  
"Lab1.axf" - 0 Error(s), 0 Warning(s).
Load "C:\\Users\\Cruz Monrreal II\\Desktop\\Dropbox\\EE345M\\Lab1\\procedure\\Lab1.AXF" 
Connecting: Mode=JTAG, Speed=1000000Hz
Erase Done.
Programming Done.
Verify OK.
Build target 'OLED'
assembling Startup.s...
compiling uart_echo_mod.c...
compiling rit128x96x4.c...
compiling os.c...
linking...
Program Size: Code=5090 RO-data=762 RW-data=56 ZI-data=744  
"Lab1.axf" - 0 Error(s), 0 Warning(s).
Load "C:\\Users\\Cruz Monrreal II\\Desktop\\Dropbox\\EE345M\\Lab1\\procedure\\Lab1.AXF" 
Connecting: Mode=JTAG, Speed=1000000Hz
Erase Done.
Programming Done.
Verify OK.
Build target 'OLED'
assembling Startup.s...
compiling uart_echo_mod.c...
compiling rit128x96x4.c...
compiling os.c...
linking...
Program Size: Code=5102 RO-data=762 RW-data=56 ZI-data=744  
"Lab1.axf" - 0 Error(s), 0 Warning(s).
Load "C:\\Users\\Cruz Monrreal II\\Desktop\\Dropbox\\EE345M\\Lab1\\procedure\\Lab1.AXF" 
Connecting: Mode=JTAG, Speed=1000000Hz
Erase Done.
Programming Done.
Verify OK.
Build target 'OLED'
assembling Startup.s...
compiling uart_echo_mod.c...
compiling rit128x96x4.c...
compiling os.c...
linking...
Program Size: Code=5230 RO-data=762 RW-data=56 ZI-data=744  
"Lab1.axf" - 0 Error(s), 0 Warning(s).
Load "C:\\Users\\Cruz Monrreal II\\Desktop\\Dropbox\\EE345M\\Lab1\\procedure\\Lab1.AXF" 
Connecting: Mode=JTAG, Speed=1000000Hz
Connection failed!, error code=&d
Load "C:\\Users\\Cruz Monrreal II\\Desktop\\Dropbox\\EE345M\\Lab1\\procedure\\Lab1.AXF" 
Connecting: Mode=JTAG, Speed=1000000Hz
Erase Done.
Programming Done.
Verify OK.
Build target 'OLED'
assembling Startup.s...
compiling uart_echo_mod.c...
compiling rit128x96x4.c...
compiling os.c...
linking...
Program Size: Code=5234 RO-data=762 RW-data=56 ZI-data=744  
"Lab1.axf" - 0 Error(s), 0 Warning(s).
Load "C:\\Users\\Cruz Monrreal II\\Desktop\\Dropbox\\EE345M\\Lab1\\procedure\\Lab1.AXF" 
Connecting: Mode=JTAG, Speed=1000000Hz
Erase Done.
Programming Done.
Verify OK.
Build target 'OLED'
assembling Startup.s...
compiling uart_echo_mod.c...
compiling rit128x96x4.c...
compiling os.c...
linking...
Program Size: Code=5218 RO-data=762 RW-data=56 ZI-data=744  
"Lab1.axf" - 0 Error(s), 0 Warning(s).
Build target 'OLED'
assembling Startup.s...
compiling uart_echo_mod.c...
compiling rit128x96x4.c...
compiling os.c...
linking...
Program Size: Code=5214 RO-data=762 RW-data=56 ZI-data=744  
"Lab1.axf" - 0 Error(s), 0 Warning(s).
Load "C:\\Users\\Cruz Monrreal II\\Desktop\\Dropbox\\EE345M\\Lab1\\procedure\\Lab1.AXF" 
Connecting: Mode=JTAG, Speed=1000000Hz
Erase Done.
Programming Done.
Verify OK.
Build target 'OLED'
assembling Startup.s...
compiling uart_echo_mod.c...
compiling rit128x96x4.c...
compiling os.c...
linking...
Program Size: Code=5214 RO-data=762 RW-data=56 ZI-data=744  
"Lab1.axf" - 0 Error(s), 0 Warning(s).
Build target 'OLED'
assembling Startup.s...
compiling uart_echo_mod.c...
uart_echo_mod.c(176): error:  #29: expected an expression
compiling rit128x96x4.c...
compiling os.c...
Target not created
Build target 'OLED'
assembling Startup.s...
compiling uart_echo_mod.c...
compiling rit128x96x4.c...
compiling os.c...
linking...
Program Size: Code=5214 RO-data=762 RW-data=56 ZI-data=744  
"Lab1.axf" - 0 Error(s), 0 Warning(s).
Load "C:\\Users\\Cruz Monrreal II\\Desktop\\Dropbox\\EE345M\\Lab1\\procedure\\Lab1.AXF" 
Connecting: Mode=JTAG, Speed=1000000Hz
Erase Done.
Programming Done.
Verify OK.
Build target 'OLED'
assembling Startup.s...
compiling uart_echo_mod.c...
compiling rit128x96x4.c...
compiling os.c...
linking...
Program Size: Code=5214 RO-data=762 RW-data=56 ZI-data=744  
"Lab1.axf" - 0 Error(s), 0 Warning(s).
Build target 'OLED'
assembling Startup.s...
compiling uart_echo_mod.c...
compiling rit128x96x4.c...
compiling os.c...
linking...
Program Size: Code=5214 RO-data=762 RW-data=56 ZI-data=744  
"Lab1.axf" - 0 Error(s), 0 Warning(s).
Load "C:\\Users\\Cruz Monrreal II\\Desktop\\Dropbox\\EE345M\\Lab1\\procedure\\Lab1.AXF" 
Connecting: Mode=JTAG, Speed=1000000Hz
Erase Done.
Programming Done.
Verify OK.
Build target 'OLED'
assembling Startup.s...
compiling uart_echo_mod.c...
compiling rit128x96x4.c...
compiling os.c...
linking...
Program Size: Code=5214 RO-data=762 RW-data=56 ZI-data=744  
"Lab1.axf" - 0 Error(s), 0 Warning(s).
Build target 'OLED'
assembling Startup.s...
compiling uart_echo_mod.c...
compiling rit128x96x4.c...
compiling os.c...
linking...
Program Size: Code=5214 RO-data=762 RW-data=56 ZI-data=744  
"Lab1.axf" - 0 Error(s), 0 Warning(s).
Load "C:\\Users\\Cruz Monrreal II\\Desktop\\Dropbox\\EE345M\\Lab1\\procedure\\Lab1.AXF" 
Connecting: Mode=JTAG, Speed=1000000Hz
Erase Done.
Programming Done.
Verify OK.
compiling C:\Keil\ARM\INC\Luminary\LM3Sxxx.H...
Build target 'OLED'
assembling Startup.s...
compiling uart_echo_mod.c...
compiling rit128x96x4.c...
compiling os.c...
linking...
Program Size: Code=5214 RO-data=762 RW-data=56 ZI-data=744  
"Lab1.axf" - 0 Error(s), 0 Warning(s).
Load "C:\\Users\\Cruz Monrreal II\\Desktop\\Dropbox\\EE345M\\Lab1\\procedure\\Lab1.AXF" 
Connecting: Mode=JTAG, Speed=1000000Hz
Erase Done.
Programming Done.
Verify OK.
Build target 'OLED'
assembling Startup.s...
compiling uart_echo_mod.c...
compiling rit128x96x4.c...
compiling os.c...
linking...
Program Size: Code=5214 RO-data=762 RW-data=56 ZI-data=744  
"Lab1.axf" - 0 Error(s), 0 Warning(s).
Build target 'OLED'
assembling Startup.s...
compiling uart_echo_mod.c...
compiling rit128x96x4.c...
compiling os.c...
linking...
Program Size: Code=5190 RO-data=762 RW-data=56 ZI-data=744  
"Lab1.axf" - 0 Error(s), 0 Warning(s).
Load "C:\\Users\\Cruz Monrreal II\\Desktop\\Dropbox\\EE345M\\Lab1\\procedure\\Lab1.AXF" 
Connecting: Mode=JTAG, Speed=1000000Hz
Erase Done.
Programming Done.
Verify OK.
Build target 'OLED'
assembling Startup.s...
compiling uart_echo_mod.c...
compiling rit128x96x4.c...
compiling os.c...
linking...
Program Size: Code=5190 RO-data=762 RW-data=56 ZI-data=744  
"Lab1.axf" - 0 Error(s), 0 Warning(s).
Load "C:\\Users\\Cruz Monrreal II\\Desktop\\Dropbox\\EE345M\\Lab1\\procedure\\Lab1.AXF" 
Connecting: Mode=JTAG, Speed=1000000Hz
Erase Done.
Programming Done.
Verify OK.
Build target 'OLED'
assembling Startup.s...
compiling uart_echo_mod.c...
compiling rit128x96x4.c...
compiling os.c...
linking...
Lab1.axf: Error: L6218E: Undefined symbol Timer2A_Handler (referred from startup.o).
Target not created
Build target 'OLED'
assembling Startup.s...
compiling uart_echo_mod.c...
compiling rit128x96x4.c...
compiling os.c...
linking...
Program Size: Code=5186 RO-data=762 RW-data=56 ZI-data=744  
"Lab1.axf" - 0 Error(s), 0 Warning(s).
Load "C:\\Users\\Cruz Monrreal II\\Desktop\\Dropbox\\EE345M\\Lab1\\procedure\\Lab1.AXF" 
Connecting: Mode=JTAG, Speed=1000000Hz
Erase Done.
Programming Done.
Verify OK.
Build target 'OLED'
assembling Startup.s...
compiling uart_echo_mod.c...
compiling rit128x96x4.c...
compiling os.c...
linking...
Program Size: Code=5202 RO-data=762 RW-data=56 ZI-data=744  
"Lab1.axf" - 0 Error(s), 0 Warning(s).
Load "C:\\Users\\Cruz Monrreal II\\Desktop\\Dropbox\\EE345M\\Lab1\\procedure\\Lab1.AXF" 
Connecting: Mode=JTAG, Speed=1000000Hz
Erase Done.
Programming Done.
Verify OK.
Build target 'OLED'
assembling Startup.s...
compiling uart_echo_mod.c...
compiling rit128x96x4.c...
compiling os.c...
linking...
Program Size: Code=5218 RO-data=762 RW-data=56 ZI-data=744  
"Lab1.axf" - 0 Error(s), 0 Warning(s).
Load "C:\\Users\\Cruz Monrreal II\\Desktop\\Dropbox\\EE345M\\Lab1\\procedure\\Lab1.AXF" 
Connecting: Mode=JTAG, Speed=1000000Hz
Erase Done.
Programming Done.
Verify OK.
Build target 'OLED'
assembling Startup.s...
compiling uart_echo_mod.c...
compiling rit128x96x4.c...
compiling os.c...
os.c(30): error:  #75: operand of "*" must be a pointer
Target not created
Build target 'OLED'
assembling Startup.s...
compiling uart_echo_mod.c...
compiling rit128x96x4.c...
compiling os.c...
linking...
Program Size: Code=5218 RO-data=762 RW-data=56 ZI-data=744  
"Lab1.axf" - 0 Error(s), 0 Warning(s).
Load "C:\\Users\\Cruz Monrreal II\\Desktop\\Dropbox\\EE345M\\Lab1\\procedure\\Lab1.AXF" 
Connecting: Mode=JTAG, Speed=1000000Hz
Erase Done.
Programming Done.
Verify OK.
Build target 'OLED'
assembling Startup.s...
compiling uart_echo_mod.c...
compiling rit128x96x4.c...
compiling os.c...
os.c(39): error:  #513: a value of type "void (**)(void)" cannot be assigned to an entity of type "void (*)(void)"
Target not created
Load "C:\\Users\\Cruz Monrreal II\\Desktop\\Dropbox\\EE345M\\Lab1\\procedure\\Lab1.AXF" 
_____^
*** error 56: cant open file
Build target 'OLED'
assembling Startup.s...
compiling uart_echo_mod.c...
compiling rit128x96x4.c...
compiling os.c...
os.c(39): error:  #513: a value of type "void (**)(void)" cannot be assigned to an entity of type "void (*)(void)"
Target not created
Build target 'OLED'
assembling Startup.s...
compiling uart_echo_mod.c...
compiling rit128x96x4.c...
compiling os.c...
linking...
Program Size: Code=5218 RO-data=762 RW-data=56 ZI-data=744  
"Lab1.axf" - 0 Error(s), 0 Warning(s).
Load "C:\\Users\\Cruz Monrreal II\\Desktop\\Dropbox\\EE345M\\Lab1\\procedure\\Lab1.AXF" 
Connecting: Mode=JTAG, Speed=1000000Hz
Erase Done.
Programming Done.
Verify OK.
Build target 'OLED'
assembling Startup.s...
compiling uart_echo_mod.c...
compiling rit128x96x4.c...
compiling os.c...
linking...
Program Size: Code=5218 RO-data=762 RW-data=56 ZI-data=744  
"Lab1.axf" - 0 Error(s), 0 Warning(s).
Load "C:\\Users\\Cruz Monrreal II\\Desktop\\Dropbox\\EE345M\\Lab1\\procedure\\Lab1.AXF" 
Connecting: Mode=JTAG, Speed=1000000Hz
Erase Done.
Programming Done.
Verify OK.
Build target 'OLED'
assembling Startup.s...
compiling uart_echo_mod.c...
compiling rit128x96x4.c...
compiling os.c...
linking...
Program Size: Code=5218 RO-data=762 RW-data=56 ZI-data=744  
"Lab1.axf" - 0 Error(s), 0 Warning(s).
Load "C:\\Users\\Cruz Monrreal II\\Desktop\\Dropbox\\EE345M\\Lab1\\procedure\\Lab1.AXF" 
Connecting: Mode=JTAG, Speed=1000000Hz
Erase Done.
Programming Done.
Verify OK.
Load "C:\\Users\\Cruz Monrreal II\\Desktop\\Dropbox\\EE345M\\Lab1\\procedure\\Lab1.AXF" 
Connecting: Mode=JTAG, Speed=1000000Hz
Erase Done.
Programming Done.
Verify OK.
Build target 'OLED'
assembling Startup.s...
compiling uart_echo_mod.c...
compiling rit128x96x4.c...
compiling os.c...
linking...
Program Size: Code=5218 RO-data=762 RW-data=56 ZI-data=744  
"Lab1.axf" - 0 Error(s), 0 Warning(s).
Load "C:\\Users\\Cruz Monrreal II\\Desktop\\Dropbox\\EE345M\\Lab1\\procedure\\Lab1.AXF" 
Connecting: Mode=JTAG, Speed=1000000Hz
Erase Done.
Programming Done.
Verify OK.
Build target 'OLED'
assembling Startup.s...
compiling uart_echo_mod.c...
compiling rit128x96x4.c...
compiling os.c...
os.c(39): error:  #513: a value of type "void (**)()" cannot be assigned to an entity of type "void (*)(void)"
Target not created
Build target 'OLED'
assembling Startup.s...
compiling uart_echo_mod.c...
compiling rit128x96x4.c...
compiling os.c...
os.c(39): error:  #513: a value of type "void (**)()" cannot be assigned to an entity of type "void (*)(void)"
os.c(42): error:  #65: expected a ";"
Target not created
Build target 'OLED'
assembling Startup.s...
compiling uart_echo_mod.c...
compiling rit128x96x4.c...
compiling os.c...
os.c(39): error:  #513: a value of type "void (**)()" cannot be assigned to an entity of type "void (*)(void)"
Target not created
Load "C:\\Users\\Cruz Monrreal II\\Desktop\\Dropbox\\EE345M\\Lab1\\procedure\\Lab1.AXF" 
_____^
*** error 56: cant open file
Build target 'OLED'
assembling Startup.s...
compiling uart_echo_mod.c...
compiling rit128x96x4.c...
compiling os.c...
linking...
Program Size: Code=5218 RO-data=762 RW-data=56 ZI-data=744  
"Lab1.axf" - 0 Error(s), 0 Warning(s).
Load "C:\\Users\\Cruz Monrreal II\\Desktop\\Dropbox\\EE345M\\Lab1\\procedure\\Lab1.AXF" 
Connecting: Mode=JTAG, Speed=1000000Hz
Erase Done.
Programming Done.
Verify OK.
Build target 'OLED'
assembling Startup.s...
compiling uart_echo_mod.c...
compiling rit128x96x4.c...
compiling os.c...
os.c(39): error:  #513: a value of type "void (**)(void)" cannot be assigned to an entity of type "void (*)(void)"
Target not created
Build target 'OLED'
assembling Startup.s...
compiling uart_echo_mod.c...
compiling rit128x96x4.c...
compiling os.c...
linking...
Program Size: Code=5218 RO-data=762 RW-data=56 ZI-data=744  
"Lab1.axf" - 0 Error(s), 0 Warning(s).
Load "C:\\Users\\Cruz Monrreal II\\Desktop\\Dropbox\\EE345M\\Lab1\\procedure\\Lab1.AXF" 
Connecting: Mode=JTAG, Speed=1000000Hz
Erase Done.
Programming Done.
Verify OK.
