<html>
<body>
<pre>
<h1>µVision Build Log</h1>
<h2>Project:</h2>
C:\Users\Jack\EE345M-S2012\Lab2\Lab2.uvproj
Project File Date:  02/22/2012

<h2>Output:</h2>
Build target 'OLED'
assembling Startup.s...
compiling rit128x96x4.c...
compiling os.c...
os.c(55): warning:  #550-D: variable "delay" was set but never used
os.c(192): warning:  #177-D: variable "status" was declared but never referenced
os.c(271): warning:  #513-D: a value of type "void (*)(void)" cannot be assigned to an entity of type "long (*)(void)"
compiling Lab2.c...
assembling os_asm.s...
assembling cr4_fft_64_stm32.s...
assembling PID_stm32.s...
compiling adc.c...
compiling uart.c...
linking...
Program Size: Code=10398 RO-data=762 RW-data=192 ZI-data=7272  
"Lab1.axf" - 0 Error(s), 3 Warning(s).
