ARM Linker, 4.1 [Build 713] [Evaluation]

==============================================================================

Section Cross References

    startup.o(RESET) refers to startup.o(STACK) for StackMem
    startup.o(RESET) refers to os_asm.o(RESET) for PendSV_Handler
    startup.o(RESET) refers to os.o(.text) for OS_SysTick_Handler
    startup.o(RESET) refers to uart.o(.text) for UARTIntHandler
    startup.o(RESET) refers to entry.o(.ARM.Collect$$$$00000000) for __main
    rit128x96x4.o(.text) refers to ssi.o(i.SSIBusy) for SSIBusy
    rit128x96x4.o(.text) refers to gpio.o(i.GPIOPinWrite) for GPIOPinWrite
    rit128x96x4.o(.text) refers to ssi.o(i.SSIDataPut) for SSIDataPut
    rit128x96x4.o(.text) refers to ssi.o(i.SSIDisable) for SSIDisable
    rit128x96x4.o(.text) refers to sysctl.o(i.SysCtlClockGet) for SysCtlClockGet
    rit128x96x4.o(.text) refers to ssi.o(i.SSIConfigSetExpClk) for SSIConfigSetExpClk
    rit128x96x4.o(.text) refers to gpio.o(i.GPIOPinTypeSSI) for GPIOPinTypeSSI
    rit128x96x4.o(.text) refers to gpio.o(i.GPIOPadConfigSet) for GPIOPadConfigSet
    rit128x96x4.o(.text) refers to ssi.o(i.SSIEnable) for SSIEnable
    rit128x96x4.o(.text) refers to ssi.o(i.SSIDataGetNonBlocking) for SSIDataGetNonBlocking
    rit128x96x4.o(.text) refers to gpio.o(i.GPIOPinTypeGPIOOutput) for GPIOPinTypeGPIOOutput
    rit128x96x4.o(.text) refers to sysctl.o(i.SysCtlPeripheralEnable) for SysCtlPeripheralEnable
    rit128x96x4.o(.text) refers to rit128x96x4.o(.data) for g_ulSSIFlags
    rit128x96x4.o(.text) refers to rit128x96x4.o(.constdata) for pucCommand1
    rit128x96x4.o(.text) refers to os.o(.text) for OS_bWait
    rit128x96x4.o(.text) refers to printf1.o(i.__0sprintf$1) for __2sprintf
    rit128x96x4.o(.text) refers to strlen.o(.text) for strlen
    rit128x96x4.o(.text) refers to os.o(.data) for oled_free
    rit128x96x4.o(.text) refers to rit128x96x4.o(.bss) for scrollLines
    os.o(.text) refers to startup.o(RESET) for StartCritical
    os.o(.text) refers to sysctl.o(i.SysCtlClockSet) for SysCtlClockSet
    os.o(.text) refers to rit128x96x4.o(.text) for RIT128x96x4Init
    os.o(.text) refers to uart.o(.text) for UARTInit
    os.o(.text) refers to adc.o(.text) for ADC_Init
    os.o(.text) refers to os.o(.data) for OSGetI
    os.o(.text) refers to os.o(.bss) for OSFifo
    os.o(.text) refers to lab2.o(.data) for NumCreated
    os.o(.text) refers to systick.o(i.SysTickValueGet) for SysTickValueGet
    os.o(.text) refers to os_asm.o(RESET) for StartOS
    lab2.o(.text) refers to adc.o(.text) for ADC_Read
    lab2.o(.text) refers to os.o(.text) for OS_Time
    lab2.o(.text) refers to rit128x96x4.o(.text) for oLED_Message
    lab2.o(.text) refers to cr4_fft_64_stm32.o(.text) for cr4_fft_64_stm32
    lab2.o(.text) refers to pid_stm32.o(.text) for PID_stm32
    lab2.o(.text) refers to uart.o(.text) for UARTParse
    lab2.o(.text) refers to lab2.o(.data) for n
    lab2.o(.text) refers to lab2.o(.bss) for x
    os_asm.o(RESET) refers to os.o(.data) for RUNPT
    pid_stm32.o(.text) refers to lab2.o(.data) for IntTerm
    adc.o(.text) refers to adc.o(i.ADCIntClear) for ADCIntClear
    adc.o(.text) refers to adc.o(i.ADCSequenceDataGet) for ADCSequenceDataGet
    adc.o(.text) refers to adc.o(i.ADCIntDisable) for ADCIntDisable
    adc.o(.text) refers to sysctl.o(i.SysCtlPeripheralEnable) for SysCtlPeripheralEnable
    adc.o(.text) refers to interrupt.o(i.IntEnable) for IntEnable
    adc.o(.text) refers to timer.o(i.TimerConfigure) for TimerConfigure
    adc.o(.text) refers to timer.o(i.TimerControlTrigger) for TimerControlTrigger
    adc.o(.text) refers to sysctl.o(i.SysCtlClockGet) for SysCtlClockGet
    adc.o(.text) refers to timer.o(i.TimerLoadSet) for TimerLoadSet
    adc.o(.text) refers to timer.o(i.TimerEnable) for TimerEnable
    adc.o(.text) refers to adc.o(i.ADCIntEnable) for ADCIntEnable
    adc.o(.text) refers to adc.o(i.ADCSequenceConfigure) for ADCSequenceConfigure
    adc.o(.text) refers to adc.o(i.ADCSequenceStepConfigure) for ADCSequenceStepConfigure
    adc.o(.text) refers to adc.o(.data) for adc_last_value
    uart.o(.text) refers to startup.o(RESET) for StartCritical
    uart.o(.text) refers to uart.o(i.UARTIntStatus) for UARTIntStatus
    uart.o(.text) refers to uart.o(i.UARTIntClear) for UARTIntClear
    uart.o(.text) refers to uart.o(i.UARTCharGetNonBlocking) for UARTCharGetNonBlocking
    uart.o(.text) refers to uart.o(i.UARTCharsAvail) for UARTCharsAvail
    uart.o(.text) refers to uart.o(i.UARTCharPutNonBlocking) for UARTCharPutNonBlocking
    uart.o(.text) refers to uart.o(i.UARTSpaceAvail) for UARTSpaceAvail
    uart.o(.text) refers to strstr.o(.text) for strstr
    uart.o(.text) refers to strlen.o(.text) for strlen
    uart.o(.text) refers to strncpy.o(.text) for strncpy
    uart.o(.text) refers to rit128x96x4.o(.text) for oLED_Message
    uart.o(.text) refers to memseta.o(.text) for __aeabi_memclr
    uart.o(.text) refers to sysctl.o(i.SysCtlPeripheralEnable) for SysCtlPeripheralEnable
    uart.o(.text) refers to gpio.o(i.GPIOPinTypeUART) for GPIOPinTypeUART
    uart.o(.text) refers to sysctl.o(i.SysCtlClockGet) for SysCtlClockGet
    uart.o(.text) refers to uart.o(i.UARTConfigSetExpClk) for UARTConfigSetExpClk
    uart.o(.text) refers to interrupt.o(i.IntEnable) for IntEnable
    uart.o(.text) refers to uart.o(i.UARTIntEnable) for UARTIntEnable
    uart.o(.text) refers to uart.o(.data) for InGetI
    uart.o(.text) refers to uart.o(.bss) for InFifo
    adc.o(i.ADCIntRegister) refers to interrupt.o(i.IntRegister) for IntRegister
    adc.o(i.ADCIntRegister) refers to interrupt.o(i.IntEnable) for IntEnable
    adc.o(i.ADCIntUnregister) refers to interrupt.o(i.IntDisable) for IntDisable
    adc.o(i.ADCIntUnregister) refers to interrupt.o(i.IntUnregister) for IntUnregister
    adc.o(i.ADCSoftwareOversampleConfigure) refers to adc.o(.data) for .data
    adc.o(i.ADCSoftwareOversampleDataGet) refers to adc.o(.data) for .data
    adc.o(i.ADCSoftwareOversampleStepConfigure) refers to adc.o(.data) for .data
    gpio.o(i.GPIOPinConfigure) refers to gpio.o(.constdata) for .constdata
    gpio.o(i.GPIOPinTypeADC) refers to gpio.o(i.GPIODirModeSet) for GPIODirModeSet
    gpio.o(i.GPIOPinTypeADC) refers to gpio.o(i.GPIOPadConfigSet) for GPIOPadConfigSet
    gpio.o(i.GPIOPinTypeCAN) refers to gpio.o(i.GPIODirModeSet) for GPIODirModeSet
    gpio.o(i.GPIOPinTypeCAN) refers to gpio.o(i.GPIOPadConfigSet) for GPIOPadConfigSet
    gpio.o(i.GPIOPinTypeComparator) refers to gpio.o(i.GPIODirModeSet) for GPIODirModeSet
    gpio.o(i.GPIOPinTypeComparator) refers to gpio.o(i.GPIOPadConfigSet) for GPIOPadConfigSet
    gpio.o(i.GPIOPinTypeEPI) refers to gpio.o(i.GPIODirModeSet) for GPIODirModeSet
    gpio.o(i.GPIOPinTypeEPI) refers to gpio.o(i.GPIOPadConfigSet) for GPIOPadConfigSet
    gpio.o(i.GPIOPinTypeEthernetLED) refers to gpio.o(i.GPIODirModeSet) for GPIODirModeSet
    gpio.o(i.GPIOPinTypeEthernetLED) refers to gpio.o(i.GPIOPadConfigSet) for GPIOPadConfigSet
    gpio.o(i.GPIOPinTypeGPIOInput) refers to gpio.o(i.GPIODirModeSet) for GPIODirModeSet
    gpio.o(i.GPIOPinTypeGPIOInput) refers to gpio.o(i.GPIOPadConfigSet) for GPIOPadConfigSet
    gpio.o(i.GPIOPinTypeGPIOOutput) refers to gpio.o(i.GPIOPadConfigSet) for GPIOPadConfigSet
    gpio.o(i.GPIOPinTypeGPIOOutput) refers to gpio.o(i.GPIODirModeSet) for GPIODirModeSet
    gpio.o(i.GPIOPinTypeGPIOOutputOD) refers to gpio.o(i.GPIOPadConfigSet) for GPIOPadConfigSet
    gpio.o(i.GPIOPinTypeGPIOOutputOD) refers to gpio.o(i.GPIODirModeSet) for GPIODirModeSet
    gpio.o(i.GPIOPinTypeI2C) refers to gpio.o(i.GPIODirModeSet) for GPIODirModeSet
    gpio.o(i.GPIOPinTypeI2C) refers to gpio.o(i.GPIOPadConfigSet) for GPIOPadConfigSet
    gpio.o(i.GPIOPinTypeI2S) refers to gpio.o(i.GPIODirModeSet) for GPIODirModeSet
    gpio.o(i.GPIOPinTypeI2S) refers to gpio.o(i.GPIOPadConfigSet) for GPIOPadConfigSet
    gpio.o(i.GPIOPinTypePWM) refers to gpio.o(i.GPIODirModeSet) for GPIODirModeSet
    gpio.o(i.GPIOPinTypePWM) refers to gpio.o(i.GPIOPadConfigSet) for GPIOPadConfigSet
    gpio.o(i.GPIOPinTypeQEI) refers to gpio.o(i.GPIODirModeSet) for GPIODirModeSet
    gpio.o(i.GPIOPinTypeQEI) refers to gpio.o(i.GPIOPadConfigSet) for GPIOPadConfigSet
    gpio.o(i.GPIOPinTypeSSI) refers to gpio.o(i.GPIODirModeSet) for GPIODirModeSet
    gpio.o(i.GPIOPinTypeSSI) refers to gpio.o(i.GPIOPadConfigSet) for GPIOPadConfigSet
    gpio.o(i.GPIOPinTypeTimer) refers to gpio.o(i.GPIODirModeSet) for GPIODirModeSet
    gpio.o(i.GPIOPinTypeTimer) refers to gpio.o(i.GPIOPadConfigSet) for GPIOPadConfigSet
    gpio.o(i.GPIOPinTypeUART) refers to gpio.o(i.GPIODirModeSet) for GPIODirModeSet
    gpio.o(i.GPIOPinTypeUART) refers to gpio.o(i.GPIOPadConfigSet) for GPIOPadConfigSet
    gpio.o(i.GPIOPinTypeUSBAnalog) refers to gpio.o(i.GPIODirModeSet) for GPIODirModeSet
    gpio.o(i.GPIOPinTypeUSBAnalog) refers to gpio.o(i.GPIOPadConfigSet) for GPIOPadConfigSet
    gpio.o(i.GPIOPinTypeUSBDigital) refers to gpio.o(i.GPIODirModeSet) for GPIODirModeSet
    gpio.o(i.GPIOPinTypeUSBDigital) refers to gpio.o(i.GPIOPadConfigSet) for GPIOPadConfigSet
    gpio.o(i.GPIOPortIntRegister) refers to gpio.o(i.GPIOGetIntNumber) for GPIOGetIntNumber
    gpio.o(i.GPIOPortIntRegister) refers to interrupt.o(i.IntRegister) for IntRegister
    gpio.o(i.GPIOPortIntRegister) refers to interrupt.o(i.IntEnable) for IntEnable
    gpio.o(i.GPIOPortIntUnregister) refers to gpio.o(i.GPIOGetIntNumber) for GPIOGetIntNumber
    gpio.o(i.GPIOPortIntUnregister) refers to interrupt.o(i.IntDisable) for IntDisable
    gpio.o(i.GPIOPortIntUnregister) refers to interrupt.o(i.IntUnregister) for IntUnregister
    interrupt.o(i.IntMasterDisable) refers to cpu.o(.emb_text) for CPUcpsid
    interrupt.o(i.IntMasterEnable) refers to cpu.o(.emb_text) for CPUcpsie
    interrupt.o(i.IntPriorityGet) refers to interrupt.o(.constdata) for .constdata
    interrupt.o(i.IntPriorityGroupingGet) refers to interrupt.o(.constdata) for .constdata
    interrupt.o(i.IntPriorityGroupingSet) refers to interrupt.o(.constdata) for .constdata
    interrupt.o(i.IntPriorityMaskGet) refers to cpu.o(.emb_text) for CPUbasepriGet
    interrupt.o(i.IntPriorityMaskSet) refers to cpu.o(.emb_text) for CPUbasepriSet
    interrupt.o(i.IntPrioritySet) refers to interrupt.o(.constdata) for .constdata
    interrupt.o(i.IntRegister) refers to interrupt.o(vtable) for vtable
    interrupt.o(i.IntUnregister) refers to interrupt.o(i.IntDefaultHandler) for IntDefaultHandler
    interrupt.o(i.IntUnregister) refers to interrupt.o(vtable) for vtable
    ssi.o(i.SSIIntRegister) refers to interrupt.o(i.IntRegister) for IntRegister
    ssi.o(i.SSIIntRegister) refers to interrupt.o(i.IntEnable) for IntEnable
    ssi.o(i.SSIIntUnregister) refers to interrupt.o(i.IntDisable) for IntDisable
    ssi.o(i.SSIIntUnregister) refers to interrupt.o(i.IntUnregister) for IntUnregister
    sysctl.o(i.SysCtlClockGet) refers to sysctl.o(.constdata) for .constdata
    sysctl.o(i.SysCtlClockSet) refers to sysctl.o(.emb_text) for SysCtlDelay
    sysctl.o(i.SysCtlDeepSleep) refers to cpu.o(.emb_text) for CPUwfi
    sysctl.o(i.SysCtlI2SMClkSet) refers to sysctl.o(.constdata) for .constdata
    sysctl.o(i.SysCtlIntRegister) refers to interrupt.o(i.IntRegister) for IntRegister
    sysctl.o(i.SysCtlIntRegister) refers to interrupt.o(i.IntEnable) for IntEnable
    sysctl.o(i.SysCtlIntUnregister) refers to interrupt.o(i.IntDisable) for IntDisable
    sysctl.o(i.SysCtlIntUnregister) refers to interrupt.o(i.IntUnregister) for IntUnregister
    sysctl.o(i.SysCtlPeripheralDeepSleepDisable) refers to sysctl.o(.constdata) for .constdata
    sysctl.o(i.SysCtlPeripheralDeepSleepEnable) refers to sysctl.o(.constdata) for .constdata
    sysctl.o(i.SysCtlPeripheralDisable) refers to sysctl.o(.constdata) for .constdata
    sysctl.o(i.SysCtlPeripheralEnable) refers to sysctl.o(.constdata) for .constdata
    sysctl.o(i.SysCtlPeripheralPresent) refers to sysctl.o(.constdata) for .constdata
    sysctl.o(i.SysCtlPeripheralReset) refers to sysctl.o(.constdata) for .constdata
    sysctl.o(i.SysCtlPeripheralSleepDisable) refers to sysctl.o(.constdata) for .constdata
    sysctl.o(i.SysCtlPeripheralSleepEnable) refers to sysctl.o(.constdata) for .constdata
    sysctl.o(i.SysCtlSleep) refers to cpu.o(.emb_text) for CPUwfi
    systick.o(i.SysTickIntRegister) refers to interrupt.o(i.IntRegister) for IntRegister
    systick.o(i.SysTickIntUnregister) refers to interrupt.o(i.IntUnregister) for IntUnregister
    timer.o(i.TimerIntRegister) refers to interrupt.o(i.IntRegister) for IntRegister
    timer.o(i.TimerIntRegister) refers to interrupt.o(i.IntEnable) for IntEnable
    timer.o(i.TimerIntUnregister) refers to interrupt.o(i.IntDisable) for IntDisable
    timer.o(i.TimerIntUnregister) refers to interrupt.o(i.IntUnregister) for IntUnregister
    timer.o(i.TimerQuiesce) refers to interrupt.o(i.IntDisable) for IntDisable
    timer.o(i.TimerQuiesce) refers to interrupt.o(i.IntUnregister) for IntUnregister
    uart.o(i.UARTIntRegister) refers to interrupt.o(i.IntRegister) for IntRegister
    uart.o(i.UARTIntRegister) refers to interrupt.o(i.IntEnable) for IntEnable
    uart.o(i.UARTIntUnregister) refers to interrupt.o(i.IntDisable) for IntDisable
    uart.o(i.UARTIntUnregister) refers to interrupt.o(i.IntUnregister) for IntUnregister
    entry.o(.ARM.Collect$$$$00000000) refers (Special) to entry7.o(.ARM.Collect$$$$00000007) for _main_init
    entry.o(.ARM.Collect$$$$00000000) refers (Special) to entry5.o(.ARM.Collect$$$$00000004) for _main_scatterload
    entry.o(.ARM.Collect$$$$00000000) refers (Special) to entry2.o(.ARM.Collect$$$$00000001) for _main_stk
    printfb.o(i.__0fprintf$bare) refers to printfb.o(i._printf_core) for _printf_core
    printfb.o(i.__0fprintf$bare) refers to fputc.o(i.fputc) for fputc
    printfb.o(i.__0printf$bare) refers to printfb.o(i._printf_core) for _printf_core
    printfb.o(i.__0printf$bare) refers to fputc.o(i.fputc) for fputc
    printfb.o(i.__0printf$bare) refers to stdout.o(.data) for __stdout
    printfb.o(i.__0snprintf$bare) refers to printfb.o(i._printf_core) for _printf_core
    printfb.o(i.__0snprintf$bare) refers to printfb.o(i._snputc) for _snputc
    printfb.o(i.__0sprintf$bare) refers to printfb.o(i._printf_core) for _printf_core
    printfb.o(i.__0sprintf$bare) refers to printfb.o(i._sputc) for _sputc
    printfb.o(i.__0vfprintf$bare) refers to printfb.o(i._printf_core) for _printf_core
    printfb.o(i.__0vfprintf$bare) refers to fputc.o(i.fputc) for fputc
    printfb.o(i.__0vprintf$bare) refers to printfb.o(i._printf_core) for _printf_core
    printfb.o(i.__0vprintf$bare) refers to fputc.o(i.fputc) for fputc
    printfb.o(i.__0vprintf$bare) refers to stdout.o(.data) for __stdout
    printfb.o(i.__0vsnprintf$bare) refers to printfb.o(i._printf_core) for _printf_core
    printfb.o(i.__0vsnprintf$bare) refers to printfb.o(i._snputc) for _snputc
    printfb.o(i.__0vsprintf$bare) refers to printfb.o(i._printf_core) for _printf_core
    printfb.o(i.__0vsprintf$bare) refers to printfb.o(i._sputc) for _sputc
    printf0.o(i.__0fprintf$0) refers to printf0.o(i._printf_core) for _printf_core
    printf0.o(i.__0fprintf$0) refers to fputc.o(i.fputc) for fputc
    printf0.o(i.__0printf$0) refers to printf0.o(i._printf_core) for _printf_core
    printf0.o(i.__0printf$0) refers to fputc.o(i.fputc) for fputc
    printf0.o(i.__0printf$0) refers to stdout.o(.data) for __stdout
    printf0.o(i.__0snprintf$0) refers to printf0.o(i._printf_core) for _printf_core
    printf0.o(i.__0snprintf$0) refers to printf0.o(i._snputc) for _snputc
    printf0.o(i.__0sprintf$0) refers to printf0.o(i._printf_core) for _printf_core
    printf0.o(i.__0sprintf$0) refers to printf0.o(i._sputc) for _sputc
    printf0.o(i.__0vfprintf$0) refers to printf0.o(i._printf_core) for _printf_core
    printf0.o(i.__0vfprintf$0) refers to fputc.o(i.fputc) for fputc
    printf0.o(i.__0vprintf$0) refers to printf0.o(i._printf_core) for _printf_core
    printf0.o(i.__0vprintf$0) refers to fputc.o(i.fputc) for fputc
    printf0.o(i.__0vprintf$0) refers to stdout.o(.data) for __stdout
    printf0.o(i.__0vsnprintf$0) refers to printf0.o(i._printf_core) for _printf_core
    printf0.o(i.__0vsnprintf$0) refers to printf0.o(i._snputc) for _snputc
    printf0.o(i.__0vsprintf$0) refers to printf0.o(i._printf_core) for _printf_core
    printf0.o(i.__0vsprintf$0) refers to printf0.o(i._sputc) for _sputc
    printf1.o(i.__0fprintf$1) refers to printf1.o(i._printf_core) for _printf_core
    printf1.o(i.__0fprintf$1) refers to fputc.o(i.fputc) for fputc
    printf1.o(i.__0printf$1) refers to printf1.o(i._printf_core) for _printf_core
    printf1.o(i.__0printf$1) refers to fputc.o(i.fputc) for fputc
    printf1.o(i.__0printf$1) refers to stdout.o(.data) for __stdout
    printf1.o(i.__0snprintf$1) refers to printf1.o(i._printf_core) for _printf_core
    printf1.o(i.__0snprintf$1) refers to printf1.o(i._snputc) for _snputc
    printf1.o(i.__0sprintf$1) refers to printf1.o(i._printf_core) for _printf_core
    printf1.o(i.__0sprintf$1) refers to printf1.o(i._sputc) for _sputc
    printf1.o(i.__0vfprintf$1) refers to printf1.o(i._printf_core) for _printf_core
    printf1.o(i.__0vfprintf$1) refers to fputc.o(i.fputc) for fputc
    printf1.o(i.__0vprintf$1) refers to printf1.o(i._printf_core) for _printf_core
    printf1.o(i.__0vprintf$1) refers to fputc.o(i.fputc) for fputc
    printf1.o(i.__0vprintf$1) refers to stdout.o(.data) for __stdout
    printf1.o(i.__0vsnprintf$1) refers to printf1.o(i._printf_core) for _printf_core
    printf1.o(i.__0vsnprintf$1) refers to printf1.o(i._snputc) for _snputc
    printf1.o(i.__0vsprintf$1) refers to printf1.o(i._printf_core) for _printf_core
    printf1.o(i.__0vsprintf$1) refers to printf1.o(i._sputc) for _sputc
    printf1.o(i._printf_core) refers to uidiv.o(.text) for __aeabi_uidivmod
    printf2.o(i.__0fprintf$2) refers to printf2.o(i._printf_core) for _printf_core
    printf2.o(i.__0fprintf$2) refers to fputc.o(i.fputc) for fputc
    printf2.o(i.__0printf$2) refers to printf2.o(i._printf_core) for _printf_core
    printf2.o(i.__0printf$2) refers to fputc.o(i.fputc) for fputc
    printf2.o(i.__0printf$2) refers to stdout.o(.data) for __stdout
    printf2.o(i.__0snprintf$2) refers to printf2.o(i._printf_core) for _printf_core
    printf2.o(i.__0snprintf$2) refers to printf2.o(i._snputc) for _snputc
    printf2.o(i.__0sprintf$2) refers to printf2.o(i._printf_core) for _printf_core
    printf2.o(i.__0sprintf$2) refers to printf2.o(i._sputc) for _sputc
    printf2.o(i.__0vfprintf$2) refers to printf2.o(i._printf_core) for _printf_core
    printf2.o(i.__0vfprintf$2) refers to fputc.o(i.fputc) for fputc
    printf2.o(i.__0vprintf$2) refers to printf2.o(i._printf_core) for _printf_core
    printf2.o(i.__0vprintf$2) refers to fputc.o(i.fputc) for fputc
    printf2.o(i.__0vprintf$2) refers to stdout.o(.data) for __stdout
    printf2.o(i.__0vsnprintf$2) refers to printf2.o(i._printf_core) for _printf_core
    printf2.o(i.__0vsnprintf$2) refers to printf2.o(i._snputc) for _snputc
    printf2.o(i.__0vsprintf$2) refers to printf2.o(i._printf_core) for _printf_core
    printf2.o(i.__0vsprintf$2) refers to printf2.o(i._sputc) for _sputc
    printf3.o(i.__0fprintf$3) refers to printf3.o(i._printf_core) for _printf_core
    printf3.o(i.__0fprintf$3) refers to fputc.o(i.fputc) for fputc
    printf3.o(i.__0printf$3) refers to printf3.o(i._printf_core) for _printf_core
    printf3.o(i.__0printf$3) refers to fputc.o(i.fputc) for fputc
    printf3.o(i.__0printf$3) refers to stdout.o(.data) for __stdout
    printf3.o(i.__0snprintf$3) refers to printf3.o(i._printf_core) for _printf_core
    printf3.o(i.__0snprintf$3) refers to printf3.o(i._snputc) for _snputc
    printf3.o(i.__0sprintf$3) refers to printf3.o(i._printf_core) for _printf_core
    printf3.o(i.__0sprintf$3) refers to printf3.o(i._sputc) for _sputc
    printf3.o(i.__0vfprintf$3) refers to printf3.o(i._printf_core) for _printf_core
    printf3.o(i.__0vfprintf$3) refers to fputc.o(i.fputc) for fputc
    printf3.o(i.__0vprintf$3) refers to printf3.o(i._printf_core) for _printf_core
    printf3.o(i.__0vprintf$3) refers to fputc.o(i.fputc) for fputc
    printf3.o(i.__0vprintf$3) refers to stdout.o(.data) for __stdout
    printf3.o(i.__0vsnprintf$3) refers to printf3.o(i._printf_core) for _printf_core
    printf3.o(i.__0vsnprintf$3) refers to printf3.o(i._snputc) for _snputc
    printf3.o(i.__0vsprintf$3) refers to printf3.o(i._printf_core) for _printf_core
    printf3.o(i.__0vsprintf$3) refers to printf3.o(i._sputc) for _sputc
    printf3.o(i._printf_core) refers to uidiv.o(.text) for __aeabi_uidivmod
    printf4.o(i.__0fprintf$4) refers to printf4.o(i._printf_core) for _printf_core
    printf4.o(i.__0fprintf$4) refers to fputc.o(i.fputc) for fputc
    printf4.o(i.__0printf$4) refers to printf4.o(i._printf_core) for _printf_core
    printf4.o(i.__0printf$4) refers to fputc.o(i.fputc) for fputc
    printf4.o(i.__0printf$4) refers to stdout.o(.data) for __stdout
    printf4.o(i.__0snprintf$4) refers to printf4.o(i._printf_core) for _printf_core
    printf4.o(i.__0snprintf$4) refers to printf4.o(i._snputc) for _snputc
    printf4.o(i.__0sprintf$4) refers to printf4.o(i._printf_core) for _printf_core
    printf4.o(i.__0sprintf$4) refers to printf4.o(i._sputc) for _sputc
    printf4.o(i.__0vfprintf$4) refers to printf4.o(i._printf_core) for _printf_core
    printf4.o(i.__0vfprintf$4) refers to fputc.o(i.fputc) for fputc
    printf4.o(i.__0vprintf$4) refers to printf4.o(i._printf_core) for _printf_core
    printf4.o(i.__0vprintf$4) refers to fputc.o(i.fputc) for fputc
    printf4.o(i.__0vprintf$4) refers to stdout.o(.data) for __stdout
    printf4.o(i.__0vsnprintf$4) refers to printf4.o(i._printf_core) for _printf_core
    printf4.o(i.__0vsnprintf$4) refers to printf4.o(i._snputc) for _snputc
    printf4.o(i.__0vsprintf$4) refers to printf4.o(i._printf_core) for _printf_core
    printf4.o(i.__0vsprintf$4) refers to printf4.o(i._sputc) for _sputc
    printf4.o(i._printf_core) refers to uldiv.o(.text) for __aeabi_uldivmod
    printf5.o(i.__0fprintf$5) refers to printf5.o(i._printf_core) for _printf_core
    printf5.o(i.__0fprintf$5) refers to fputc.o(i.fputc) for fputc
    printf5.o(i.__0printf$5) refers to printf5.o(i._printf_core) for _printf_core
    printf5.o(i.__0printf$5) refers to fputc.o(i.fputc) for fputc
    printf5.o(i.__0printf$5) refers to stdout.o(.data) for __stdout
    printf5.o(i.__0snprintf$5) refers to printf5.o(i._printf_core) for _printf_core
    printf5.o(i.__0snprintf$5) refers to printf5.o(i._snputc) for _snputc
    printf5.o(i.__0sprintf$5) refers to printf5.o(i._printf_core) for _printf_core
    printf5.o(i.__0sprintf$5) refers to printf5.o(i._sputc) for _sputc
    printf5.o(i.__0vfprintf$5) refers to printf5.o(i._printf_core) for _printf_core
    printf5.o(i.__0vfprintf$5) refers to fputc.o(i.fputc) for fputc
    printf5.o(i.__0vprintf$5) refers to printf5.o(i._printf_core) for _printf_core
    printf5.o(i.__0vprintf$5) refers to fputc.o(i.fputc) for fputc
    printf5.o(i.__0vprintf$5) refers to stdout.o(.data) for __stdout
    printf5.o(i.__0vsnprintf$5) refers to printf5.o(i._printf_core) for _printf_core
    printf5.o(i.__0vsnprintf$5) refers to printf5.o(i._snputc) for _snputc
    printf5.o(i.__0vsprintf$5) refers to printf5.o(i._printf_core) for _printf_core
    printf5.o(i.__0vsprintf$5) refers to printf5.o(i._sputc) for _sputc
    printf5.o(i._printf_core) refers to uldiv.o(.text) for __aeabi_uldivmod
    printf6.o(i.__0fprintf$6) refers to printf6.o(i._printf_core) for _printf_core
    printf6.o(i.__0fprintf$6) refers to fputc.o(i.fputc) for fputc
    printf6.o(i.__0printf$6) refers to printf6.o(i._printf_core) for _printf_core
    printf6.o(i.__0printf$6) refers to fputc.o(i.fputc) for fputc
    printf6.o(i.__0printf$6) refers to stdout.o(.data) for __stdout
    printf6.o(i.__0snprintf$6) refers to printf6.o(i._printf_core) for _printf_core
    printf6.o(i.__0snprintf$6) refers to printf6.o(i._snputc) for _snputc
    printf6.o(i.__0sprintf$6) refers to printf6.o(i._printf_core) for _printf_core
    printf6.o(i.__0sprintf$6) refers to printf6.o(i._sputc) for _sputc
    printf6.o(i.__0vfprintf$6) refers to printf6.o(i._printf_core) for _printf_core
    printf6.o(i.__0vfprintf$6) refers to fputc.o(i.fputc) for fputc
    printf6.o(i.__0vprintf$6) refers to printf6.o(i._printf_core) for _printf_core
    printf6.o(i.__0vprintf$6) refers to fputc.o(i.fputc) for fputc
    printf6.o(i.__0vprintf$6) refers to stdout.o(.data) for __stdout
    printf6.o(i.__0vsnprintf$6) refers to printf6.o(i._printf_core) for _printf_core
    printf6.o(i.__0vsnprintf$6) refers to printf6.o(i._snputc) for _snputc
    printf6.o(i.__0vsprintf$6) refers to printf6.o(i._printf_core) for _printf_core
    printf6.o(i.__0vsprintf$6) refers to printf6.o(i._sputc) for _sputc
    printf6.o(i._printf_core) refers to printf6.o(i._printf_pre_padding) for _printf_pre_padding
    printf6.o(i._printf_core) refers to uidiv.o(.text) for __aeabi_uidivmod
    printf6.o(i._printf_core) refers to printf6.o(i._printf_post_padding) for _printf_post_padding
    printf7.o(i.__0fprintf$7) refers to printf7.o(i._printf_core) for _printf_core
    printf7.o(i.__0fprintf$7) refers to fputc.o(i.fputc) for fputc
    printf7.o(i.__0printf$7) refers to printf7.o(i._printf_core) for _printf_core
    printf7.o(i.__0printf$7) refers to fputc.o(i.fputc) for fputc
    printf7.o(i.__0printf$7) refers to stdout.o(.data) for __stdout
    printf7.o(i.__0snprintf$7) refers to printf7.o(i._printf_core) for _printf_core
    printf7.o(i.__0snprintf$7) refers to printf7.o(i._snputc) for _snputc
    printf7.o(i.__0sprintf$7) refers to printf7.o(i._printf_core) for _printf_core
    printf7.o(i.__0sprintf$7) refers to printf7.o(i._sputc) for _sputc
    printf7.o(i.__0vfprintf$7) refers to printf7.o(i._printf_core) for _printf_core
    printf7.o(i.__0vfprintf$7) refers to fputc.o(i.fputc) for fputc
    printf7.o(i.__0vprintf$7) refers to printf7.o(i._printf_core) for _printf_core
    printf7.o(i.__0vprintf$7) refers to fputc.o(i.fputc) for fputc
    printf7.o(i.__0vprintf$7) refers to stdout.o(.data) for __stdout
    printf7.o(i.__0vsnprintf$7) refers to printf7.o(i._printf_core) for _printf_core
    printf7.o(i.__0vsnprintf$7) refers to printf7.o(i._snputc) for _snputc
    printf7.o(i.__0vsprintf$7) refers to printf7.o(i._printf_core) for _printf_core
    printf7.o(i.__0vsprintf$7) refers to printf7.o(i._sputc) for _sputc
    printf7.o(i._printf_core) refers to printf7.o(i._printf_pre_padding) for _printf_pre_padding
    printf7.o(i._printf_core) refers to uldiv.o(.text) for __aeabi_uldivmod
    printf7.o(i._printf_core) refers to printf7.o(i._printf_post_padding) for _printf_post_padding
    printf8.o(i.__0fprintf$8) refers to printf8.o(i._printf_core) for _printf_core
    printf8.o(i.__0fprintf$8) refers to fputc.o(i.fputc) for fputc
    printf8.o(i.__0printf$8) refers to printf8.o(i._printf_core) for _printf_core
    printf8.o(i.__0printf$8) refers to fputc.o(i.fputc) for fputc
    printf8.o(i.__0printf$8) refers to stdout.o(.data) for __stdout
    printf8.o(i.__0snprintf$8) refers to printf8.o(i._printf_core) for _printf_core
    printf8.o(i.__0snprintf$8) refers to printf8.o(i._snputc) for _snputc
    printf8.o(i.__0sprintf$8) refers to printf8.o(i._printf_core) for _printf_core
    printf8.o(i.__0sprintf$8) refers to printf8.o(i._sputc) for _sputc
    printf8.o(i.__0vfprintf$8) refers to printf8.o(i._printf_core) for _printf_core
    printf8.o(i.__0vfprintf$8) refers to fputc.o(i.fputc) for fputc
    printf8.o(i.__0vprintf$8) refers to printf8.o(i._printf_core) for _printf_core
    printf8.o(i.__0vprintf$8) refers to fputc.o(i.fputc) for fputc
    printf8.o(i.__0vprintf$8) refers to stdout.o(.data) for __stdout
    printf8.o(i.__0vsnprintf$8) refers to printf8.o(i._printf_core) for _printf_core
    printf8.o(i.__0vsnprintf$8) refers to printf8.o(i._snputc) for _snputc
    printf8.o(i.__0vsprintf$8) refers to printf8.o(i._printf_core) for _printf_core
    printf8.o(i.__0vsprintf$8) refers to printf8.o(i._sputc) for _sputc
    printf8.o(i._printf_core) refers to printf8.o(i._printf_pre_padding) for _printf_pre_padding
    printf8.o(i._printf_core) refers to uldiv.o(.text) for __aeabi_uldivmod
    printf8.o(i._printf_core) refers to printf8.o(i._printf_post_padding) for _printf_post_padding
    printfa.o(i.__0fprintf) refers (Special) to iusefp.o(.text) for __I$use$fp
    printfa.o(i.__0fprintf) refers to printfa.o(i._printf_core) for _printf_core
    printfa.o(i.__0fprintf) refers to fputc.o(i.fputc) for fputc
    printfa.o(i.__0printf) refers (Special) to iusefp.o(.text) for __I$use$fp
    printfa.o(i.__0printf) refers to printfa.o(i._printf_core) for _printf_core
    printfa.o(i.__0printf) refers to fputc.o(i.fputc) for fputc
    printfa.o(i.__0printf) refers to stdout.o(.data) for __stdout
    printfa.o(i.__0snprintf) refers (Special) to iusefp.o(.text) for __I$use$fp
    printfa.o(i.__0snprintf) refers to printfa.o(i._printf_core) for _printf_core
    printfa.o(i.__0snprintf) refers to printfa.o(i._snputc) for _snputc
    printfa.o(i.__0sprintf) refers (Special) to iusefp.o(.text) for __I$use$fp
    printfa.o(i.__0sprintf) refers to printfa.o(i._printf_core) for _printf_core
    printfa.o(i.__0sprintf) refers to printfa.o(i._sputc) for _sputc
    printfa.o(i.__0vfprintf) refers (Special) to iusefp.o(.text) for __I$use$fp
    printfa.o(i.__0vfprintf) refers to printfa.o(i._printf_core) for _printf_core
    printfa.o(i.__0vfprintf) refers to fputc.o(i.fputc) for fputc
    printfa.o(i.__0vprintf) refers (Special) to iusefp.o(.text) for __I$use$fp
    printfa.o(i.__0vprintf) refers to printfa.o(i._printf_core) for _printf_core
    printfa.o(i.__0vprintf) refers to fputc.o(i.fputc) for fputc
    printfa.o(i.__0vprintf) refers to stdout.o(.data) for __stdout
    printfa.o(i.__0vsnprintf) refers (Special) to iusefp.o(.text) for __I$use$fp
    printfa.o(i.__0vsnprintf) refers to printfa.o(i._printf_core) for _printf_core
    printfa.o(i.__0vsnprintf) refers to printfa.o(i._snputc) for _snputc
    printfa.o(i.__0vsprintf) refers (Special) to iusefp.o(.text) for __I$use$fp
    printfa.o(i.__0vsprintf) refers to printfa.o(i._printf_core) for _printf_core
    printfa.o(i.__0vsprintf) refers to printfa.o(i._sputc) for _sputc
    printfa.o(i._fp_digits) refers (Special) to iusefp.o(.text) for __I$use$fp
    printfa.o(i._fp_digits) refers to dmul.o(.text) for __aeabi_dmul
    printfa.o(i._fp_digits) refers to ddiv.o(.text) for __aeabi_ddiv
    printfa.o(i._fp_digits) refers to cdrcmple.o(.text) for __aeabi_cdrcmple
    printfa.o(i._fp_digits) refers to dadd.o(.text) for __aeabi_dadd
    printfa.o(i._fp_digits) refers to dfixul.o(.text) for __aeabi_d2ulz
    printfa.o(i._fp_digits) refers to uldiv.o(.text) for __aeabi_uldivmod
    printfa.o(i._printf_core) refers (Special) to iusefp.o(.text) for __I$use$fp
    printfa.o(i._printf_core) refers to printfa.o(i._printf_pre_padding) for _printf_pre_padding
    printfa.o(i._printf_core) refers to uldiv.o(.text) for __aeabi_uldivmod
    printfa.o(i._printf_core) refers to printfa.o(i._printf_post_padding) for _printf_post_padding
    printfa.o(i._printf_core) refers to printfa.o(i._fp_digits) for _fp_digits
    printfa.o(i._printf_core) refers to uidiv.o(.text) for __aeabi_uidivmod
    printfa.o(i._printf_post_padding) refers (Special) to iusefp.o(.text) for __I$use$fp
    printfa.o(i._printf_pre_padding) refers (Special) to iusefp.o(.text) for __I$use$fp
    printfa.o(i._snputc) refers (Special) to iusefp.o(.text) for __I$use$fp
    printfa.o(i._sputc) refers (Special) to iusefp.o(.text) for __I$use$fp
    entry2.o(.ARM.Collect$$$$00000001) refers to entry2.o(.ARM.Collect$$$$00002712) for __lit__00000000
    entry2.o(.ARM.Collect$$$$00002712) refers to startup.o(STACK) for __initial_sp
    entry2.o(__vectab_stack_and_reset_area) refers to startup.o(STACK) for __initial_sp
    entry2.o(__vectab_stack_and_reset_area) refers to entry.o(.ARM.Collect$$$$00000000) for __main
    entry5.o(.ARM.Collect$$$$00000004) refers to init.o(.text) for __scatterload
    entry7.o(.ARM.Collect$$$$00000007) refers to lab2.o(.text) for main
    fputc.o(i.fputc) refers (Special) to iusesemip.o(.text) for __I$use$semihosting$fputc
    fputc.o(i.fputc) refers (Special) to semi.o(.text) for __semihosting_library_function
    uldiv.o(.text) refers to llushr.o(.text) for __aeabi_llsr
    uldiv.o(.text) refers to llshl.o(.text) for __aeabi_llsl
    dadd.o(.text) refers to llshl.o(.text) for __aeabi_llsl
    dadd.o(.text) refers to llsshr.o(.text) for __aeabi_lasr
    dadd.o(.text) refers to depilogue.o(.text) for _double_epilogue
    dmul.o(.text) refers to depilogue.o(.text) for _double_epilogue
    ddiv.o(.text) refers to depilogue.o(.text) for _double_round
    dfixul.o(.text) refers to llushr.o(.text) for __aeabi_llsr
    dfixul.o(.text) refers to llshl.o(.text) for __aeabi_llsl
    init.o(.text) refers to entry5.o(.ARM.Collect$$$$00000004) for __main_after_scatterload
    depilogue.o(.text) refers to llshl.o(.text) for __aeabi_llsl
    depilogue.o(.text) refers to llushr.o(.text) for __aeabi_llsr


==============================================================================

Removing Unused input sections from the image.

    Removing startup.o(HEAP), (0 bytes).
    Removing startup.o(.text), (0 bytes).
    Removing lab2.o(.constdata), (4 bytes).
    Removing adc.o(i.ADCComparatorConfigure), (10 bytes).
    Removing adc.o(i.ADCComparatorIntClear), (4 bytes).
    Removing adc.o(i.ADCComparatorIntDisable), (18 bytes).
    Removing adc.o(i.ADCComparatorIntEnable), (16 bytes).
    Removing adc.o(i.ADCComparatorIntStatus), (4 bytes).
    Removing adc.o(i.ADCComparatorRegionSet), (14 bytes).
    Removing adc.o(i.ADCComparatorReset), (40 bytes).
    Removing adc.o(i.ADCHardwareOversampleConfigure), (14 bytes).
    Removing adc.o(i.ADCIntRegister), (38 bytes).
    Removing adc.o(i.ADCIntStatus), (52 bytes).
    Removing adc.o(i.ADCIntUnregister), (36 bytes).
    Removing adc.o(i.ADCPhaseDelayGet), (4 bytes).
    Removing adc.o(i.ADCPhaseDelaySet), (4 bytes).
    Removing adc.o(i.ADCProcessorTrigger), (32 bytes).
    Removing adc.o(i.ADCReferenceGet), (8 bytes).
    Removing adc.o(i.ADCReferenceSet), (12 bytes).
    Removing adc.o(i.ADCSequenceDisable), (16 bytes).
    Removing adc.o(i.ADCSequenceEnable), (14 bytes).
    Removing adc.o(i.ADCSequenceOverflow), (12 bytes).
    Removing adc.o(i.ADCSequenceOverflowClear), (10 bytes).
    Removing adc.o(i.ADCSequenceUnderflow), (12 bytes).
    Removing adc.o(i.ADCSequenceUnderflowClear), (10 bytes).
    Removing adc.o(i.ADCSoftwareOversampleConfigure), (24 bytes).
    Removing adc.o(i.ADCSoftwareOversampleDataGet), (72 bytes).
    Removing adc.o(i.ADCSoftwareOversampleStepConfigure), (112 bytes).
    Removing adc.o(.data), (3 bytes).
    Removing gpio.o(i.GPIODirModeGet), (34 bytes).
    Removing gpio.o(i.GPIOGetIntNumber), (152 bytes).
    Removing gpio.o(i.GPIOIntTypeGet), (48 bytes).
    Removing gpio.o(i.GPIOIntTypeSet), (58 bytes).
    Removing gpio.o(i.GPIOPadConfigGet), (138 bytes).
    Removing gpio.o(i.GPIOPinConfigure), (72 bytes).
    Removing gpio.o(i.GPIOPinIntClear), (6 bytes).
    Removing gpio.o(i.GPIOPinIntDisable), (14 bytes).
    Removing gpio.o(i.GPIOPinIntEnable), (12 bytes).
    Removing gpio.o(i.GPIOPinIntStatus), (14 bytes).
    Removing gpio.o(i.GPIOPinRead), (6 bytes).
    Removing gpio.o(i.GPIOPinTypeADC), (28 bytes).
    Removing gpio.o(i.GPIOPinTypeCAN), (28 bytes).
    Removing gpio.o(i.GPIOPinTypeComparator), (28 bytes).
    Removing gpio.o(i.GPIOPinTypeEPI), (28 bytes).
    Removing gpio.o(i.GPIOPinTypeEthernetLED), (28 bytes).
    Removing gpio.o(i.GPIOPinTypeGPIOInput), (28 bytes).
    Removing gpio.o(i.GPIOPinTypeGPIOOutputOD), (28 bytes).
    Removing gpio.o(i.GPIOPinTypeI2C), (28 bytes).
    Removing gpio.o(i.GPIOPinTypeI2S), (28 bytes).
    Removing gpio.o(i.GPIOPinTypePWM), (28 bytes).
    Removing gpio.o(i.GPIOPinTypeQEI), (28 bytes).
    Removing gpio.o(i.GPIOPinTypeTimer), (28 bytes).
    Removing gpio.o(i.GPIOPinTypeUSBAnalog), (28 bytes).
    Removing gpio.o(i.GPIOPinTypeUSBDigital), (28 bytes).
    Removing gpio.o(i.GPIOPortIntRegister), (26 bytes).
    Removing gpio.o(i.GPIOPortIntUnregister), (22 bytes).
    Removing gpio.o(.constdata), (72 bytes).
    Removing interrupt.o(i.IntDefaultHandler), (2 bytes).
    Removing interrupt.o(i.IntDisable), (108 bytes).
    Removing interrupt.o(i.IntMasterDisable), (10 bytes).
    Removing interrupt.o(i.IntMasterEnable), (10 bytes).
    Removing interrupt.o(i.IntPendClear), (76 bytes).
    Removing interrupt.o(i.IntPendSet), (94 bytes).
    Removing interrupt.o(i.IntPriorityGet), (28 bytes).
    Removing interrupt.o(i.IntPriorityGroupingGet), (40 bytes).
    Removing interrupt.o(i.IntPriorityGroupingSet), (28 bytes).
    Removing interrupt.o(i.IntPriorityMaskGet), (4 bytes).
    Removing interrupt.o(i.IntPriorityMaskSet), (4 bytes).
    Removing interrupt.o(i.IntPrioritySet), (40 bytes).
    Removing interrupt.o(i.IntRegister), (56 bytes).
    Removing interrupt.o(i.IntUnregister), (20 bytes).
    Removing interrupt.o(.constdata), (104 bytes).
    Removing interrupt.o(vtable), (284 bytes).
    Removing ssi.o(i.SSIDMADisable), (10 bytes).
    Removing ssi.o(i.SSIDMAEnable), (8 bytes).
    Removing ssi.o(i.SSIDataGet), (14 bytes).
    Removing ssi.o(i.SSIDataPutNonBlocking), (16 bytes).
    Removing ssi.o(i.SSIIntClear), (4 bytes).
    Removing ssi.o(i.SSIIntDisable), (10 bytes).
    Removing ssi.o(i.SSIIntEnable), (8 bytes).
    Removing ssi.o(i.SSIIntRegister), (32 bytes).
    Removing ssi.o(i.SSIIntStatus), (10 bytes).
    Removing ssi.o(i.SSIIntUnregister), (32 bytes).
    Removing sysctl.o(i.SysCtlADCSpeedGet), (16 bytes).
    Removing sysctl.o(i.SysCtlADCSpeedSet), (32 bytes).
    Removing sysctl.o(i.SysCtlBrownOutConfigSet), (16 bytes).
    Removing sysctl.o(i.SysCtlClkVerificationClear), (20 bytes).
    Removing sysctl.o(i.SysCtlDeepSleep), (32 bytes).
    Removing sysctl.o(i.SysCtlDeepSleepClockSet), (12 bytes).
    Removing sysctl.o(i.SysCtlFlashSizeGet), (20 bytes).
    Removing sysctl.o(i.SysCtlGPIOAHBDisable), (20 bytes).
    Removing sysctl.o(i.SysCtlGPIOAHBEnable), (16 bytes).
    Removing sysctl.o(i.SysCtlI2SMClkSet), (216 bytes).
    Removing sysctl.o(i.SysCtlIOSCVerificationSet), (24 bytes).
    Removing sysctl.o(i.SysCtlIntClear), (12 bytes).
    Removing sysctl.o(i.SysCtlIntDisable), (16 bytes).
    Removing sysctl.o(i.SysCtlIntEnable), (16 bytes).
    Removing sysctl.o(i.SysCtlIntRegister), (20 bytes).
    Removing sysctl.o(i.SysCtlIntStatus), (16 bytes).
    Removing sysctl.o(i.SysCtlIntUnregister), (18 bytes).
    Removing sysctl.o(i.SysCtlLDOConfigSet), (12 bytes).
    Removing sysctl.o(i.SysCtlLDOGet), (12 bytes).
    Removing sysctl.o(i.SysCtlLDOSet), (12 bytes).
    Removing sysctl.o(i.SysCtlMOSCConfigSet), (12 bytes).
    Removing sysctl.o(i.SysCtlMOSCVerificationSet), (24 bytes).
    Removing sysctl.o(i.SysCtlPIOSCCalibrate), (76 bytes).
    Removing sysctl.o(i.SysCtlPLLVerificationSet), (24 bytes).
    Removing sysctl.o(i.SysCtlPWMClockGet), (24 bytes).
    Removing sysctl.o(i.SysCtlPWMClockSet), (20 bytes).
    Removing sysctl.o(i.SysCtlPeripheralClockGating), (24 bytes).
    Removing sysctl.o(i.SysCtlPeripheralDeepSleepDisable), (32 bytes).
    Removing sysctl.o(i.SysCtlPeripheralDeepSleepEnable), (32 bytes).
    Removing sysctl.o(i.SysCtlPeripheralDisable), (32 bytes).
    Removing sysctl.o(i.SysCtlPeripheralPresent), (64 bytes).
    Removing sysctl.o(i.SysCtlPeripheralReset), (56 bytes).
    Removing sysctl.o(i.SysCtlPeripheralSleepDisable), (32 bytes).
    Removing sysctl.o(i.SysCtlPeripheralSleepEnable), (32 bytes).
    Removing sysctl.o(i.SysCtlPinPresent), (16 bytes).
    Removing sysctl.o(i.SysCtlReset), (16 bytes).
    Removing sysctl.o(i.SysCtlResetCauseClear), (16 bytes).
    Removing sysctl.o(i.SysCtlResetCauseGet), (12 bytes).
    Removing sysctl.o(i.SysCtlSRAMSizeGet), (20 bytes).
    Removing sysctl.o(i.SysCtlSleep), (4 bytes).
    Removing sysctl.o(i.SysCtlUSBPLLDisable), (16 bytes).
    Removing sysctl.o(i.SysCtlUSBPLLEnable), (16 bytes).
    Removing systick.o(i.SysTickDisable), (14 bytes).
    Removing systick.o(i.SysTickEnable), (14 bytes).
    Removing systick.o(i.SysTickIntDisable), (14 bytes).
    Removing systick.o(i.SysTickIntEnable), (14 bytes).
    Removing systick.o(i.SysTickIntRegister), (24 bytes).
    Removing systick.o(i.SysTickIntUnregister), (18 bytes).
    Removing systick.o(i.SysTickPeriodGet), (10 bytes).
    Removing systick.o(i.SysTickPeriodSet), (10 bytes).
    Removing timer.o(i.TimerControlEvent), (18 bytes).
    Removing timer.o(i.TimerControlLevel), (22 bytes).
    Removing timer.o(i.TimerControlStall), (22 bytes).
    Removing timer.o(i.TimerControlWaitOnTrigger), (48 bytes).
    Removing timer.o(i.TimerDisable), (16 bytes).
    Removing timer.o(i.TimerIntClear), (4 bytes).
    Removing timer.o(i.TimerIntDisable), (10 bytes).
    Removing timer.o(i.TimerIntEnable), (8 bytes).
    Removing timer.o(i.TimerIntRegister), (94 bytes).
    Removing timer.o(i.TimerIntStatus), (10 bytes).
    Removing timer.o(i.TimerIntUnregister), (88 bytes).
    Removing timer.o(i.TimerLoadGet), (10 bytes).
    Removing timer.o(i.TimerMatchGet), (10 bytes).
    Removing timer.o(i.TimerMatchSet), (18 bytes).
    Removing timer.o(i.TimerPrescaleGet), (10 bytes).
    Removing timer.o(i.TimerPrescaleMatchGet), (10 bytes).
    Removing timer.o(i.TimerPrescaleMatchSet), (18 bytes).
    Removing timer.o(i.TimerPrescaleSet), (18 bytes).
    Removing timer.o(i.TimerQuiesce), (126 bytes).
    Removing timer.o(i.TimerRTCDisable), (10 bytes).
    Removing timer.o(i.TimerRTCEnable), (10 bytes).
    Removing timer.o(i.TimerValueGet), (10 bytes).
    Removing uart.o(i.UARTBreakCtl), (18 bytes).
    Removing uart.o(i.UARTBusy), (8 bytes).
    Removing uart.o(i.UARTCharGet), (12 bytes).
    Removing uart.o(i.UARTCharPut), (12 bytes).
    Removing uart.o(i.UARTConfigGetExpClk), (46 bytes).
    Removing uart.o(i.UARTDMADisable), (10 bytes).
    Removing uart.o(i.UARTDMAEnable), (8 bytes).
    Removing uart.o(i.UARTDisable), (30 bytes).
    Removing uart.o(i.UARTDisableSIR), (10 bytes).
    Removing uart.o(i.UARTEnable), (20 bytes).
    Removing uart.o(i.UARTEnableSIR), (18 bytes).
    Removing uart.o(i.UARTFIFODisable), (10 bytes).
    Removing uart.o(i.UARTFIFOEnable), (10 bytes).
    Removing uart.o(i.UARTFIFOLevelGet), (16 bytes).
    Removing uart.o(i.UARTFIFOLevelSet), (6 bytes).
    Removing uart.o(i.UARTFlowControlGet), (8 bytes).
    Removing uart.o(i.UARTFlowControlSet), (12 bytes).
    Removing uart.o(i.UARTIntDisable), (10 bytes).
    Removing uart.o(i.UARTIntRegister), (46 bytes).
    Removing uart.o(i.UARTIntUnregister), (46 bytes).
    Removing uart.o(i.UARTModemControlClear), (14 bytes).
    Removing uart.o(i.UARTModemControlGet), (8 bytes).
    Removing uart.o(i.UARTModemControlSet), (12 bytes).
    Removing uart.o(i.UARTModemStatusGet), (10 bytes).
    Removing uart.o(i.UARTParityModeGet), (8 bytes).
    Removing uart.o(i.UARTParityModeSet), (12 bytes).
    Removing uart.o(i.UARTRxErrorClear), (6 bytes).
    Removing uart.o(i.UARTRxErrorGet), (8 bytes).
    Removing uart.o(i.UARTSmartCardDisable), (10 bytes).
    Removing uart.o(i.UARTSmartCardEnable), (22 bytes).
    Removing uart.o(i.UARTTxIntModeGet), (8 bytes).
    Removing uart.o(i.UARTTxIntModeSet), (12 bytes).
    Removing cpu.o(.emb_text), (38 bytes).
    Removing dadd.o(.text), (330 bytes).
    Removing dmul.o(.text), (224 bytes).
    Removing ddiv.o(.text), (222 bytes).
    Removing dfixul.o(.text), (48 bytes).
    Removing cdrcmple.o(.text), (40 bytes).
    Removing depilogue.o(.text), (194 bytes).

194 unused section(s) (total 6161 bytes) removed from the image.

==============================================================================

Image Symbol Table

    Local Symbols

    Symbol Name                              Value     Ov Type        Size  Object(Section)

    RESET                                    0x00000000   Section      292  startup.o(RESET)
    ../../microlib/division.c                0x00000000   Number         0  uidiv.o ABSOLUTE
    ../../microlib/division.c                0x00000000   Number         0  uldiv.o ABSOLUTE
    ../../microlib/fpadd.c                   0x00000000   Number         0  dadd.o ABSOLUTE
    ../../microlib/fpdiv.c                   0x00000000   Number         0  ddiv.o ABSOLUTE
    ../../microlib/fpepilogue.c              0x00000000   Number         0  depilogue.o ABSOLUTE
    ../../microlib/fpfix.c                   0x00000000   Number         0  dfixul.o ABSOLUTE
    ../../microlib/fpmul.c                   0x00000000   Number         0  dmul.o ABSOLUTE
    ../../microlib/init/entry.s              0x00000000   Number         0  entry5.o ABSOLUTE
    ../../microlib/init/entry.s              0x00000000   Number         0  entry.o ABSOLUTE
    ../../microlib/init/entry.s              0x00000000   Number         0  entry7.o ABSOLUTE
    ../../microlib/init/entry.s              0x00000000   Number         0  entry2.o ABSOLUTE
    ../../microlib/longlong.c                0x00000000   Number         0  llsshr.o ABSOLUTE
    ../../microlib/longlong.c                0x00000000   Number         0  llushr.o ABSOLUTE
    ../../microlib/longlong.c                0x00000000   Number         0  llshl.o ABSOLUTE
    ../../microlib/printf/printf.c           0x00000000   Number         0  printf1.o ABSOLUTE
    ../../microlib/printf/printf.c           0x00000000   Number         0  printf7.o ABSOLUTE
    ../../microlib/printf/printf.c           0x00000000   Number         0  printf0.o ABSOLUTE
    ../../microlib/printf/printf.c           0x00000000   Number         0  printfb.o ABSOLUTE
    ../../microlib/printf/printf.c           0x00000000   Number         0  printf8.o ABSOLUTE
    ../../microlib/printf/printf.c           0x00000000   Number         0  printfa.o ABSOLUTE
    ../../microlib/printf/printf.c           0x00000000   Number         0  printf6.o ABSOLUTE
    ../../microlib/printf/printf.c           0x00000000   Number         0  printf5.o ABSOLUTE
    ../../microlib/printf/printf.c           0x00000000   Number         0  printf4.o ABSOLUTE
    ../../microlib/printf/printf.c           0x00000000   Number         0  printf3.o ABSOLUTE
    ../../microlib/printf/printf.c           0x00000000   Number         0  printf2.o ABSOLUTE
    ../../microlib/printf/stubs.s            0x00000000   Number         0  stubs.o ABSOLUTE
    ../../microlib/stdio/fputc.c             0x00000000   Number         0  fputc.o ABSOLUTE
    ../../microlib/stdio/semi.s              0x00000000   Number         0  semi.o ABSOLUTE
    ../../microlib/stdio/streams.c           0x00000000   Number         0  stdout.o ABSOLUTE
    ../../microlib/string/memset.c           0x00000000   Number         0  memseta.o ABSOLUTE
    ../../microlib/string/strlen.c           0x00000000   Number         0  strlen.o ABSOLUTE
    ../../microlib/string/strncpy.c          0x00000000   Number         0  strncpy.o ABSOLUTE
    ../../microlib/string/strstr.c           0x00000000   Number         0  strstr.o ABSOLUTE
    ../../microlib/stubs.s                   0x00000000   Number         0  iusefp.o ABSOLUTE
    ../../microlib/stubs.s                   0x00000000   Number         0  iusesemip.o ABSOLUTE
    ..\adc.c                                 0x00000000   Number         0  adc.o ABSOLUTE
    ..\uart.c                                0x00000000   Number         0  uart.o ABSOLUTE
    C:\Users\Jack\EE345M-S2012\Startup.s     0x00000000   Number         0  startup.o ABSOLUTE
    C:\Users\Jack\EE345M-S2012\rit128x96x4.c 0x00000000   Number         0  rit128x96x4.o ABSOLUTE
    Lab2.c                                   0x00000000   Number         0  lab2.o ABSOLUTE
    PID_stm32.s                              0x00000000   Number         0  pid_stm32.o ABSOLUTE
    adc.c                                    0x00000000   Number         0  adc.o ABSOLUTE
    cdrcmple.s                               0x00000000   Number         0  cdrcmple.o ABSOLUTE
    cpu.c                                    0x00000000   Number         0  cpu.o ABSOLUTE
    cpu.c                                    0x00000000   Number         0  cpu.o ABSOLUTE
    cr4_fft_64_stm32.s                       0x00000000   Number         0  cr4_fft_64_stm32.o ABSOLUTE
    dc.s                                     0x00000000   Number         0  dc.o ABSOLUTE
    gpio.c                                   0x00000000   Number         0  gpio.o ABSOLUTE
    handlers.s                               0x00000000   Number         0  handlers.o ABSOLUTE
    init.s                                   0x00000000   Number         0  init.o ABSOLUTE
    interrupt.c                              0x00000000   Number         0  interrupt.o ABSOLUTE
    os.c                                     0x00000000   Number         0  os.o ABSOLUTE
    os_asm.s                                 0x00000000   Number         0  os_asm.o ABSOLUTE
    ssi.c                                    0x00000000   Number         0  ssi.o ABSOLUTE
    sysctl.c                                 0x00000000   Number         0  sysctl.o ABSOLUTE
    sysctl.c                                 0x00000000   Number         0  sysctl.o ABSOLUTE
    systick.c                                0x00000000   Number         0  systick.o ABSOLUTE
    timer.c                                  0x00000000   Number         0  timer.o ABSOLUTE
    uart.c                                   0x00000000   Number         0  uart.o ABSOLUTE
    NmiSR                                    0x0000011f   Thumb Code     0  startup.o(RESET)
    FaultISR                                 0x00000121   Thumb Code     0  startup.o(RESET)
    IntDefaultHandler                        0x00000123   Thumb Code     0  startup.o(RESET)
    .ARM.Collect$$$$00000000                 0x00000124   Section        0  entry.o(.ARM.Collect$$$$00000000)
    .ARM.Collect$$$$00000001                 0x00000124   Section        4  entry2.o(.ARM.Collect$$$$00000001)
    .ARM.Collect$$$$00000004                 0x00000128   Section        4  entry5.o(.ARM.Collect$$$$00000004)
    .ARM.Collect$$$$00000007                 0x0000012c   Section        8  entry7.o(.ARM.Collect$$$$00000007)
    .ARM.Collect$$$$00002712                 0x00000134   Section        4  entry2.o(.ARM.Collect$$$$00002712)
    __lit__00000000                          0x00000134   Data           4  entry2.o(.ARM.Collect$$$$00002712)
    .emb_text                                0x00000138   Section        6  sysctl.o(.emb_text)
    .text                                    0x00000140   Section        0  rit128x96x4.o(.text)
    RITWriteCommand                          0x00000141   Thumb Code   130  rit128x96x4.o(.text)
    RITWriteData                             0x000001c3   Thumb Code   130  rit128x96x4.o(.text)
    .text                                    0x00000764   Section        0  os.o(.text)
    .text                                    0x00000d68   Section        0  lab2.o(.text)
    .text                                    0x00001680   Section      718  cr4_fft_64_stm32.o(.text)
    .text                                    0x00001950   Section       72  pid_stm32.o(.text)
    .text                                    0x00001998   Section        0  adc.o(.text)
    .text                                    0x00001b20   Section        0  uart.o(.text)
    .text                                    0x00001e80   Section        0  memseta.o(.text)
    .text                                    0x00001ea6   Section        0  strstr.o(.text)
    .text                                    0x00001ed2   Section        0  strncpy.o(.text)
    .text                                    0x00001eea   Section        0  strlen.o(.text)
    .text                                    0x00001efa   Section        0  uidiv.o(.text)
    .text                                    0x00001f28   Section       36  init.o(.text)
    RESET                                    0x00001f4c   Section       72  os_asm.o(RESET)
    i.ADCIntClear                            0x00001f94   Section        0  adc.o(i.ADCIntClear)
    i.ADCIntDisable                          0x00001f9e   Section        0  adc.o(i.ADCIntDisable)
    i.ADCIntEnable                           0x00001fae   Section        0  adc.o(i.ADCIntEnable)
    i.ADCSequenceConfigure                   0x00001fbe   Section        0  adc.o(i.ADCSequenceConfigure)
    i.ADCSequenceDataGet                     0x00001ff0   Section        0  adc.o(i.ADCSequenceDataGet)
    i.ADCSequenceStepConfigure               0x00002014   Section        0  adc.o(i.ADCSequenceStepConfigure)
    i.GPIODirModeSet                         0x00002082   Section        0  gpio.o(i.GPIODirModeSet)
    i.GPIOPadConfigSet                       0x000020aa   Section        0  gpio.o(i.GPIOPadConfigSet)
    i.GPIOPinTypeGPIOOutput                  0x0000215a   Section        0  gpio.o(i.GPIOPinTypeGPIOOutput)
    i.GPIOPinTypeSSI                         0x00002176   Section        0  gpio.o(i.GPIOPinTypeSSI)
    i.GPIOPinTypeUART                        0x00002192   Section        0  gpio.o(i.GPIOPinTypeUART)
    i.GPIOPinWrite                           0x000021ae   Section        0  gpio.o(i.GPIOPinWrite)
    i.IntEnable                              0x000021b4   Section        0  interrupt.o(i.IntEnable)
    i.SSIBusy                                0x00002220   Section        0  ssi.o(i.SSIBusy)
    i.SSIConfigSetExpClk                     0x00002228   Section        0  ssi.o(i.SSIConfigSetExpClk)
    i.SSIDataGetNonBlocking                  0x00002272   Section        0  ssi.o(i.SSIDataGetNonBlocking)
    i.SSIDataPut                             0x00002284   Section        0  ssi.o(i.SSIDataPut)
    i.SSIDisable                             0x00002290   Section        0  ssi.o(i.SSIDisable)
    i.SSIEnable                              0x0000229a   Section        0  ssi.o(i.SSIEnable)
    i.SysCtlClockGet                         0x000022a4   Section        0  sysctl.o(i.SysCtlClockGet)
    i.SysCtlClockSet                         0x0000248c   Section        0  sysctl.o(i.SysCtlClockSet)
    i.SysCtlPeripheralEnable                 0x000025c8   Section        0  sysctl.o(i.SysCtlPeripheralEnable)
    i.SysTickValueGet                        0x000025e8   Section        0  systick.o(i.SysTickValueGet)
    i.TimerConfigure                         0x000025f0   Section        0  timer.o(i.TimerConfigure)
    i.TimerControlTrigger                    0x0000260c   Section        0  timer.o(i.TimerControlTrigger)
    i.TimerEnable                            0x00002622   Section        0  timer.o(i.TimerEnable)
    i.TimerLoadSet                           0x00002630   Section        0  timer.o(i.TimerLoadSet)
    i.UARTCharGetNonBlocking                 0x00002642   Section        0  uart.o(i.UARTCharGetNonBlocking)
    i.UARTCharPutNonBlocking                 0x00002652   Section        0  uart.o(i.UARTCharPutNonBlocking)
    i.UARTCharsAvail                         0x00002662   Section        0  uart.o(i.UARTCharsAvail)
    i.UARTConfigSetExpClk                    0x0000266c   Section        0  uart.o(i.UARTConfigSetExpClk)
    i.UARTIntClear                           0x000026da   Section        0  uart.o(i.UARTIntClear)
    i.UARTIntEnable                          0x000026de   Section        0  uart.o(i.UARTIntEnable)
    i.UARTIntStatus                          0x000026e6   Section        0  uart.o(i.UARTIntStatus)
    i.UARTSpaceAvail                         0x000026f0   Section        0  uart.o(i.UARTSpaceAvail)
    i.__0sprintf$1                           0x000026fc   Section        0  printf1.o(i.__0sprintf$1)
    i.__scatterload_copy                     0x00002724   Section       14  handlers.o(i.__scatterload_copy)
    i.__scatterload_null                     0x00002732   Section        2  handlers.o(i.__scatterload_null)
    i.__scatterload_zeroinit                 0x00002734   Section       14  handlers.o(i.__scatterload_zeroinit)
    i._printf_core                           0x00002744   Section        0  printf1.o(i._printf_core)
    _printf_core                             0x00002745   Thumb Code   332  printf1.o(i._printf_core)
    i._sputc                                 0x00002894   Section        0  printf1.o(i._sputc)
    _sputc                                   0x00002895   Thumb Code    10  printf1.o(i._sputc)
    .constdata                               0x0000289e   Section      571  rit128x96x4.o(.constdata)
    g_pucRIT128x96x4VerticalInc              0x0000289e   Data           2  rit128x96x4.o(.constdata)
    g_pucRIT128x96x4HorizontalInc            0x000028a0   Data           2  rit128x96x4.o(.constdata)
    g_pucFont                                0x000028a2   Data         480  rit128x96x4.o(.constdata)
    g_pucRIT128x96x4Init                     0x00002a82   Data          79  rit128x96x4.o(.constdata)
    pucCommand1                              0x00002ad1   Data           3  rit128x96x4.o(.constdata)
    pucCommand2                              0x00002ad4   Data           3  rit128x96x4.o(.constdata)
    pucCommand1                              0x00002ad7   Data           2  rit128x96x4.o(.constdata)
    .constdata                               0x00002adc   Section      156  sysctl.o(.constdata)
    g_pulDCRegs                              0x00002adc   Data          16  sysctl.o(.constdata)
    g_pulSRCRRegs                            0x00002aec   Data          12  sysctl.o(.constdata)
    g_pulRCGCRegs                            0x00002af8   Data          12  sysctl.o(.constdata)
    g_pulSCGCRegs                            0x00002b04   Data          12  sysctl.o(.constdata)
    g_pulDCGCRegs                            0x00002b10   Data          12  sysctl.o(.constdata)
    g_pulXtals                               0x00002b1c   Data          92  sysctl.o(.constdata)
    .data                                    0x20000000   Section       12  rit128x96x4.o(.data)
    g_ulSSIFlags                             0x20000000   Data           4  rit128x96x4.o(.data)
    g_pucBuffer                              0x20000004   Data           8  rit128x96x4.o(.data)
    .data                                    0x2000000c   Section       44  os.o(.data)
    .data                                    0x20000038   Section       92  lab2.o(.data)
    n                                        0x20000038   Data           4  lab2.o(.data)
    LastTime                                 0x2000003c   Data           4  lab2.o(.data)
    i                                        0x20000040   Data           4  lab2.o(.data)
    .data                                    0x20000094   Section       16  adc.o(.data)
    .data                                    0x200000a4   Section       25  uart.o(.data)
    .bss                                     0x200000c0   Section      168  rit128x96x4.o(.bss)
    .bss                                     0x20000168   Section     5736  os.o(.bss)
    OSFifo                                   0x200016d0   Data         256  os.o(.bss)
    .bss                                     0x200017d0   Section      792  lab2.o(.bss)
    x                                        0x200018d0   Data          12  lab2.o(.bss)
    y                                        0x200018dc   Data          12  lab2.o(.bss)
    .bss                                     0x20001ae8   Section      320  uart.o(.bss)
    InFifo                                   0x20001ae8   Data         128  uart.o(.bss)
    OutFifo                                  0x20001b68   Data         128  uart.o(.bss)
    CmdFifo                                  0x20001be8   Data          64  uart.o(.bss)
    STACK                                    0x20001c28   Section      256  startup.o(STACK)
    StackMem                                 0x20001c28   Data           0  startup.o(STACK)

    Global Symbols

    Symbol Name                              Value     Ov Type        Size  Object(Section)

    BuildAttributes$$THM_ISAv4$P$D$K$B$S$PE$A:L22UL41UL21$X:L11$S22US41US21$IEEE1$IW$USESV6$~STKCKD$USESV7$~SHL$OTIME$ROPI$EBA8$MICROLIB$REQ8$EABIv2 0x00000000   Number         0  anon$$obj.o ABSOLUTE
    __ARM_use_no_argv                        0x00000000   Number         0  lab2.o ABSOLUTE
    __Vectors                                0x00000000   Data           0  startup.o(RESET)
    _printf_a                                0x00000000   Number         0  stubs.o ABSOLUTE
    _printf_c                                0x00000000   Number         0  stubs.o ABSOLUTE
    _printf_charcount                        0x00000000   Number         0  stubs.o ABSOLUTE
    _printf_d                                0x00000000   Number         0  stubs.o ABSOLUTE
    _printf_e                                0x00000000   Number         0  stubs.o ABSOLUTE
    _printf_f                                0x00000000   Number         0  stubs.o ABSOLUTE
    _printf_flags                            0x00000000   Number         0  stubs.o ABSOLUTE
    _printf_fp_dec                           0x00000000   Number         0  stubs.o ABSOLUTE
    _printf_fp_hex                           0x00000000   Number         0  stubs.o ABSOLUTE
    _printf_g                                0x00000000   Number         0  stubs.o ABSOLUTE
    _printf_i                                0x00000000   Number         0  stubs.o ABSOLUTE
    _printf_int_dec                          0x00000000   Number         0  stubs.o ABSOLUTE
    _printf_l                                0x00000000   Number         0  stubs.o ABSOLUTE
    _printf_lc                               0x00000000   Number         0  stubs.o ABSOLUTE
    _printf_ll                               0x00000000   Number         0  stubs.o ABSOLUTE
    _printf_lld                              0x00000000   Number         0  stubs.o ABSOLUTE
    _printf_lli                              0x00000000   Number         0  stubs.o ABSOLUTE
    _printf_llo                              0x00000000   Number         0  stubs.o ABSOLUTE
    _printf_llu                              0x00000000   Number         0  stubs.o ABSOLUTE
    _printf_llx                              0x00000000   Number         0  stubs.o ABSOLUTE
    _printf_longlong_dec                     0x00000000   Number         0  stubs.o ABSOLUTE
    _printf_longlong_hex                     0x00000000   Number         0  stubs.o ABSOLUTE
    _printf_longlong_oct                     0x00000000   Number         0  stubs.o ABSOLUTE
    _printf_ls                               0x00000000   Number         0  stubs.o ABSOLUTE
    _printf_mbtowc                           0x00000000   Number         0  stubs.o ABSOLUTE
    _printf_n                                0x00000000   Number         0  stubs.o ABSOLUTE
    _printf_o                                0x00000000   Number         0  stubs.o ABSOLUTE
    _printf_p                                0x00000000   Number         0  stubs.o ABSOLUTE
    _printf_percent                          0x00000000   Number         0  stubs.o ABSOLUTE
    _printf_pre_padding                      0x00000000   Number         0  stubs.o ABSOLUTE
    _printf_return_value                     0x00000000   Number         0  stubs.o ABSOLUTE
    _printf_s                                0x00000000   Number         0  stubs.o ABSOLUTE
    _printf_sizespec                         0x00000000   Number         0  stubs.o ABSOLUTE
    _printf_str                              0x00000000   Number         0  stubs.o ABSOLUTE
    _printf_truncate_signed                  0x00000000   Number         0  stubs.o ABSOLUTE
    _printf_truncate_unsigned                0x00000000   Number         0  stubs.o ABSOLUTE
    _printf_u                                0x00000000   Number         0  stubs.o ABSOLUTE
    _printf_wc                               0x00000000   Number         0  stubs.o ABSOLUTE
    _printf_wctomb                           0x00000000   Number         0  stubs.o ABSOLUTE
    _printf_widthprec                        0x00000000   Number         0  stubs.o ABSOLUTE
    _printf_x                                0x00000000   Number         0  stubs.o ABSOLUTE
    __decompress                              - Undefined Weak Reference
    DisableInterrupts                        0x00000101   Thumb Code     0  startup.o(RESET)
    EnableInterrupts                         0x00000105   Thumb Code     0  startup.o(RESET)
    StartCritical                            0x00000109   Thumb Code     0  startup.o(RESET)
    EndCritical                              0x00000111   Thumb Code     0  startup.o(RESET)
    WaitForInterrupt                         0x00000117   Thumb Code     0  startup.o(RESET)
    Reset_Handler                            0x0000011b   Thumb Code     0  startup.o(RESET)
    __main                                   0x00000125   Thumb Code     0  entry.o(.ARM.Collect$$$$00000000)
    _main_stk                                0x00000125   Thumb Code     0  entry2.o(.ARM.Collect$$$$00000001)
    _main_scatterload                        0x00000129   Thumb Code     0  entry5.o(.ARM.Collect$$$$00000004)
    __main_after_scatterload                 0x0000012d   Thumb Code     0  entry5.o(.ARM.Collect$$$$00000004)
    _main_init                               0x0000012d   Thumb Code     0  entry7.o(.ARM.Collect$$$$00000007)
    SysCtlDelay                              0x00000139   Thumb Code     6  sysctl.o(.emb_text)
    RIT128x96x4Clear                         0x00000245   Thumb Code    76  rit128x96x4.o(.text)
    RIT128x96x4StringDraw                    0x00000291   Thumb Code   254  rit128x96x4.o(.text)
    RIT128x96x4ImageDraw                     0x0000038f   Thumb Code   120  rit128x96x4.o(.text)
    RIT128x96x4Enable                        0x00000407   Thumb Code    92  rit128x96x4.o(.text)
    RIT128x96x4Disable                       0x00000463   Thumb Code    86  rit128x96x4.o(.text)
    RIT128x96x4Init                          0x000004b9   Thumb Code   196  rit128x96x4.o(.text)
    RIT128x96x4DisplayOn                     0x0000057d   Thumb Code    40  rit128x96x4.o(.text)
    RIT128x96x4DisplayOff                    0x000005a5   Thumb Code    12  rit128x96x4.o(.text)
    oLED_Message                             0x000005b1   Thumb Code   164  rit128x96x4.o(.text)
    oLED_Message_Scroll                      0x00000655   Thumb Code   252  rit128x96x4.o(.text)
    OSFifo_Init                              0x00000765   Thumb Code    28  os.o(.text)
    OSFifo_Put                               0x00000781   Thumb Code    56  os.o(.text)
    OSFifo_Get                               0x000007b9   Thumb Code    52  os.o(.text)
    OSFifo_Size                              0x000007ed   Thumb Code    14  os.o(.text)
    OS_InitSemaphore                         0x000007fb   Thumb Code     4  os.o(.text)
    OS_MailBox_Init                          0x000007ff   Thumb Code    12  os.o(.text)
    OS_Init                                  0x0000080b   Thumb Code   206  os.o(.text)
    OS_Wait                                  0x000008d9   Thumb Code    38  os.o(.text)
    OS_Signal                                0x000008ff   Thumb Code    26  os.o(.text)
    OS_bWait                                 0x00000919   Thumb Code    36  os.o(.text)
    OS_bSignal                               0x0000093d   Thumb Code    24  os.o(.text)
    OS_ThreadInit                            0x00000955   Thumb Code   172  os.o(.text)
    OS_AddThread                             0x00000a01   Thumb Code   328  os.o(.text)
    OS_Id                                    0x00000b49   Thumb Code    96  os.o(.text)
    OS_AddPeriodicThread                     0x00000ba9   Thumb Code     8  os.o(.text)
    OS_AddButtonTask                         0x00000bb1   Thumb Code    28  os.o(.text)
    OS_AddDownTask                           0x00000bcd   Thumb Code     8  os.o(.text)
    OS_Sleep                                 0x00000bd5   Thumb Code    26  os.o(.text)
    OS_Kill                                  0x00000bef   Thumb Code    76  os.o(.text)
    OS_Suspend                               0x00000c3b   Thumb Code    20  os.o(.text)
    OS_Fifo_Init                             0x00000c4f   Thumb Code     2  os.o(.text)
    OS_Fifo_Put                              0x00000c51   Thumb Code    12  os.o(.text)
    OS_Fifo_Get                              0x00000c5d   Thumb Code    10  os.o(.text)
    OS_Fifo_Size                             0x00000c67   Thumb Code     8  os.o(.text)
    OS_MailBox_Send                          0x00000c6f   Thumb Code    16  os.o(.text)
    OS_MailBox_Recv                          0x00000c7f   Thumb Code    26  os.o(.text)
    OS_Time                                  0x00000c99   Thumb Code     8  os.o(.text)
    OS_TimeDifference                        0x00000ca1   Thumb Code     8  os.o(.text)
    OS_ClearMsTime                           0x00000ca9   Thumb Code    24  os.o(.text)
    OS_MsTime                                0x00000cc1   Thumb Code     8  os.o(.text)
    OS_Launch                                0x00000cc9   Thumb Code    26  os.o(.text)
    OS_SysTick_Handler                       0x00000ce3   Thumb Code    48  os.o(.text)
    OS_SelectSwitch_Handler                  0x00000d13   Thumb Code    42  os.o(.text)
    Filter                                   0x00000d69   Thumb Code   198  lab2.o(.text)
    DAS                                      0x00000e2f   Thumb Code   150  lab2.o(.text)
    ButtonWork                               0x00000ec5   Thumb Code   112  lab2.o(.text)
    ButtonPush                               0x00000f35   Thumb Code    30  lab2.o(.text)
    Producer                                 0x00000f53   Thumb Code    50  lab2.o(.text)
    Display                                  0x00000f85   Thumb Code    98  lab2.o(.text)
    Consumer                                 0x00000fe7   Thumb Code   122  lab2.o(.text)
    PID                                      0x00001061   Thumb Code   112  lab2.o(.text)
    Interpreter                              0x000010d1   Thumb Code     8  lab2.o(.text)
    main                                     0x000010d9   Thumb Code   348  lab2.o(.text)
    Thread1                                  0x00001235   Thumb Code    28  lab2.o(.text)
    Thread2                                  0x00001251   Thumb Code    28  lab2.o(.text)
    Thread3                                  0x0000126d   Thumb Code    28  lab2.o(.text)
    testmain1                                0x00001289   Thumb Code   102  lab2.o(.text)
    Thread1b                                 0x000012ef   Thumb Code    24  lab2.o(.text)
    Thread2b                                 0x00001307   Thumb Code    24  lab2.o(.text)
    Thread3b                                 0x0000131f   Thumb Code    24  lab2.o(.text)
    testmain2                                0x00001337   Thumb Code   102  lab2.o(.text)
    BackgroundThread1c                       0x0000139d   Thumb Code    22  lab2.o(.text)
    Thread5c                                 0x000013b3   Thumb Code    44  lab2.o(.text)
    Thread2c                                 0x000013df   Thumb Code    88  lab2.o(.text)
    Thread3c                                 0x00001437   Thumb Code    24  lab2.o(.text)
    Thread4c                                 0x0000144f   Thumb Code    50  lab2.o(.text)
    BackgroundThread5c                       0x00001481   Thumb Code    26  lab2.o(.text)
    Testmain3                                0x0000149b   Thumb Code   118  lab2.o(.text)
    BackgroundThread1d                       0x00001511   Thumb Code    48  lab2.o(.text)
    Thread2d                                 0x00001541   Thumb Code    42  lab2.o(.text)
    Thread3d                                 0x0000156b   Thumb Code    24  lab2.o(.text)
    Thread4d                                 0x00001583   Thumb Code    44  lab2.o(.text)
    BackgroundThread5d                       0x000015af   Thumb Code    26  lab2.o(.text)
    Testmain4                                0x000015c9   Thumb Code   176  lab2.o(.text)
    cr4_fft_64_stm32                         0x00001681   Thumb Code     0  cr4_fft_64_stm32.o(.text)
    PID_stm32                                0x00001951   Thumb Code     0  pid_stm32.o(.text)
    ADCIntHandler                            0x00001999   Thumb Code    62  adc.o(.text)
    ADC_Init                                 0x000019d7   Thumb Code    80  adc.o(.text)
    ADC_Status                               0x00001a27   Thumb Code     6  adc.o(.text)
    ADC_Enable                               0x00001a2d   Thumb Code    28  adc.o(.text)
    ADC_Read                                 0x00001a49   Thumb Code    58  adc.o(.text)
    ADC_Collect                              0x00001a83   Thumb Code   124  adc.o(.text)
    InFifo_Init                              0x00001b21   Thumb Code    28  uart.o(.text)
    InFifo_Put                               0x00001b3d   Thumb Code    54  uart.o(.text)
    InFifo_Get                               0x00001b73   Thumb Code    50  uart.o(.text)
    InFifo_Size                              0x00001ba5   Thumb Code    14  uart.o(.text)
    OutFifo_Init                             0x00001bb3   Thumb Code    28  uart.o(.text)
    OutFifo_Put                              0x00001bcf   Thumb Code    54  uart.o(.text)
    OutFifo_Get                              0x00001c05   Thumb Code    50  uart.o(.text)
    OutFifo_Size                             0x00001c37   Thumb Code    14  uart.o(.text)
    CmdFifo_Init                             0x00001c45   Thumb Code    28  uart.o(.text)
    CmdFifo_Put                              0x00001c61   Thumb Code    54  uart.o(.text)
    CmdFifo_Get                              0x00001c97   Thumb Code    50  uart.o(.text)
    CmdFifo_Size                             0x00001cc9   Thumb Code    14  uart.o(.text)
    UARTIntHandler                           0x00001cd7   Thumb Code    78  uart.o(.text)
    UARTParse                                0x00001d25   Thumb Code   194  uart.o(.text)
    UARTInit                                 0x00001de7   Thumb Code    92  uart.o(.text)
    __aeabi_memset                           0x00001e81   Thumb Code    14  memseta.o(.text)
    __aeabi_memset4                          0x00001e81   Thumb Code     0  memseta.o(.text)
    __aeabi_memset8                          0x00001e81   Thumb Code     0  memseta.o(.text)
    __aeabi_memclr                           0x00001e8f   Thumb Code     4  memseta.o(.text)
    __aeabi_memclr4                          0x00001e8f   Thumb Code     0  memseta.o(.text)
    __aeabi_memclr8                          0x00001e8f   Thumb Code     0  memseta.o(.text)
    _memset$wrapper                          0x00001e93   Thumb Code    20  memseta.o(.text)
    strstr                                   0x00001ea7   Thumb Code    44  strstr.o(.text)
    strncpy                                  0x00001ed3   Thumb Code    24  strncpy.o(.text)
    strlen                                   0x00001eeb   Thumb Code    16  strlen.o(.text)
    __aeabi_uidiv                            0x00001efb   Thumb Code     0  uidiv.o(.text)
    __aeabi_uidivmod                         0x00001efb   Thumb Code    44  uidiv.o(.text)
    __scatterload                            0x00001f29   Thumb Code    28  init.o(.text)
    __scatterload_rt2                        0x00001f29   Thumb Code     0  init.o(.text)
    StartOS                                  0x00001f4d   Thumb Code     0  os_asm.o(RESET)
    PendSV_Handler                           0x00001f6d   Thumb Code     0  os_asm.o(RESET)
    ADCIntClear                              0x00001f95   Thumb Code    10  adc.o(i.ADCIntClear)
    ADCIntDisable                            0x00001f9f   Thumb Code    16  adc.o(i.ADCIntDisable)
    ADCIntEnable                             0x00001faf   Thumb Code    16  adc.o(i.ADCIntEnable)
    ADCSequenceConfigure                     0x00001fbf   Thumb Code    50  adc.o(i.ADCSequenceConfigure)
    ADCSequenceDataGet                       0x00001ff1   Thumb Code    36  adc.o(i.ADCSequenceDataGet)
    ADCSequenceStepConfigure                 0x00002015   Thumb Code   110  adc.o(i.ADCSequenceStepConfigure)
    GPIODirModeSet                           0x00002083   Thumb Code    40  gpio.o(i.GPIODirModeSet)
    GPIOPadConfigSet                         0x000020ab   Thumb Code   176  gpio.o(i.GPIOPadConfigSet)
    GPIOPinTypeGPIOOutput                    0x0000215b   Thumb Code    28  gpio.o(i.GPIOPinTypeGPIOOutput)
    GPIOPinTypeSSI                           0x00002177   Thumb Code    28  gpio.o(i.GPIOPinTypeSSI)
    GPIOPinTypeUART                          0x00002193   Thumb Code    28  gpio.o(i.GPIOPinTypeUART)
    GPIOPinWrite                             0x000021af   Thumb Code     6  gpio.o(i.GPIOPinWrite)
    IntEnable                                0x000021b5   Thumb Code   108  interrupt.o(i.IntEnable)
    SSIBusy                                  0x00002221   Thumb Code     8  ssi.o(i.SSIBusy)
    SSIConfigSetExpClk                       0x00002229   Thumb Code    74  ssi.o(i.SSIConfigSetExpClk)
    SSIDataGetNonBlocking                    0x00002273   Thumb Code    18  ssi.o(i.SSIDataGetNonBlocking)
    SSIDataPut                               0x00002285   Thumb Code    12  ssi.o(i.SSIDataPut)
    SSIDisable                               0x00002291   Thumb Code    10  ssi.o(i.SSIDisable)
    SSIEnable                                0x0000229b   Thumb Code    10  ssi.o(i.SSIEnable)
    SysCtlClockGet                           0x000022a5   Thumb Code   444  sysctl.o(i.SysCtlClockGet)
    SysCtlClockSet                           0x0000248d   Thumb Code   292  sysctl.o(i.SysCtlClockSet)
    SysCtlPeripheralEnable                   0x000025c9   Thumb Code    26  sysctl.o(i.SysCtlPeripheralEnable)
    SysTickValueGet                          0x000025e9   Thumb Code     8  systick.o(i.SysTickValueGet)
    TimerConfigure                           0x000025f1   Thumb Code    28  timer.o(i.TimerConfigure)
    TimerControlTrigger                      0x0000260d   Thumb Code    22  timer.o(i.TimerControlTrigger)
    TimerEnable                              0x00002623   Thumb Code    14  timer.o(i.TimerEnable)
    TimerLoadSet                             0x00002631   Thumb Code    18  timer.o(i.TimerLoadSet)
    UARTCharGetNonBlocking                   0x00002643   Thumb Code    16  uart.o(i.UARTCharGetNonBlocking)
    UARTCharPutNonBlocking                   0x00002653   Thumb Code    16  uart.o(i.UARTCharPutNonBlocking)
    UARTCharsAvail                           0x00002663   Thumb Code    10  uart.o(i.UARTCharsAvail)
    UARTConfigSetExpClk                      0x0000266d   Thumb Code   110  uart.o(i.UARTConfigSetExpClk)
    UARTIntClear                             0x000026db   Thumb Code     4  uart.o(i.UARTIntClear)
    UARTIntEnable                            0x000026df   Thumb Code     8  uart.o(i.UARTIntEnable)
    UARTIntStatus                            0x000026e7   Thumb Code    10  uart.o(i.UARTIntStatus)
    UARTSpaceAvail                           0x000026f1   Thumb Code    10  uart.o(i.UARTSpaceAvail)
    __0sprintf$1                             0x000026fd   Thumb Code    34  printf1.o(i.__0sprintf$1)
    __1sprintf$1                             0x000026fd   Thumb Code     0  printf1.o(i.__0sprintf$1)
    __2sprintf                               0x000026fd   Thumb Code     0  printf1.o(i.__0sprintf$1)
    __scatterload_copy                       0x00002725   Thumb Code    14  handlers.o(i.__scatterload_copy)
    __scatterload_null                       0x00002733   Thumb Code     2  handlers.o(i.__scatterload_null)
    __scatterload_zeroinit                   0x00002735   Thumb Code    14  handlers.o(i.__scatterload_zeroinit)
    Region$$Table$$Base                      0x00002b78   Number         0  anon$$obj.o(Region$$Table)
    Region$$Table$$Limit                     0x00002b98   Number         0  anon$$obj.o(Region$$Table)
    RUNPT                                    0x2000000c   Data           4  os.o(.data)
    NEXTRUNPT                                0x20000010   Data           4  os.o(.data)
    IDCOUNT                                  0x20000014   Data           4  os.o(.data)
    OSMAILBOX                                0x20000018   Data           4  os.o(.data)
    BUTTONTASK                               0x2000001c   Data           4  os.o(.data)
    SDEBOUNCEPREV                            0x20000020   Data           4  os.o(.data)
    TIMELORD                                 0x20000024   Data           4  os.o(.data)
    oled_free                                0x20000028   Data           4  os.o(.data)
    OSMailBoxSema4                           0x2000002c   Data           4  os.o(.data)
    OSPutI                                   0x20000030   Data           4  os.o(.data)
    OSGetI                                   0x20000034   Data           4  os.o(.data)
    NumCreated                               0x20000044   Data           4  lab2.o(.data)
    PIDWork                                  0x20000048   Data           4  lab2.o(.data)
    FilterWork                               0x2000004c   Data           4  lab2.o(.data)
    NumSamples                               0x20000050   Data           4  lab2.o(.data)
    DataLost                                 0x20000054   Data           4  lab2.o(.data)
    MaxJitter                                0x20000058   Data           4  lab2.o(.data)
    MinJitter                                0x2000005c   Data           4  lab2.o(.data)
    DASoutput                                0x20000060   Data           2  lab2.o(.data)
    IntTerm                                  0x20000062   Data           2  lab2.o(.data)
    PrevError                                0x20000064   Data           2  lab2.o(.data)
    Coeff                                    0x20000066   Data           6  lab2.o(.data)
    Actuator                                 0x2000006c   Data           2  lab2.o(.data)
    Count1                                   0x20000070   Data           4  lab2.o(.data)
    Count2                                   0x20000074   Data           4  lab2.o(.data)
    Count3                                   0x20000078   Data           4  lab2.o(.data)
    Count4                                   0x2000007c   Data           4  lab2.o(.data)
    Count5                                   0x20000080   Data           4  lab2.o(.data)
    Free                                     0x20000084   Data           4  lab2.o(.data)
    Readyc                                   0x20000088   Data           4  lab2.o(.data)
    Lost                                     0x2000008c   Data           4  lab2.o(.data)
    Readyd                                   0x20000090   Data           4  lab2.o(.data)
    adc_last_value                           0x20000094   Data           4  adc.o(.data)
    adc_samples                              0x20000098   Data           4  adc.o(.data)
    adc_status                               0x2000009c   Data           1  adc.o(.data)
    function                                 0x200000a0   Data           4  adc.o(.data)
    InPutI                                   0x200000a4   Data           4  uart.o(.data)
    InGetI                                   0x200000a8   Data           4  uart.o(.data)
    OutPutI                                  0x200000ac   Data           4  uart.o(.data)
    OutGetI                                  0x200000b0   Data           4  uart.o(.data)
    CmdPutI                                  0x200000b4   Data           4  uart.o(.data)
    CmdGetI                                  0x200000b8   Data           4  uart.o(.data)
    uart_outChar                             0x200000bc   Data           1  uart.o(.data)
    scrollLines                              0x200000c0   Data         168  rit128x96x4.o(.bss)
    tcbs                                     0x20000168   Data        5480  os.o(.bss)
    JitterHistogram                          0x200017d0   Data         256  lab2.o(.bss)
    x                                        0x200018e8   Data         256  lab2.o(.bss)
    y                                        0x200019e8   Data         256  lab2.o(.bss)
    __initial_sp                             0x20001d28   Data           0  startup.o(STACK)



==============================================================================

Memory Map of the image

  Image Entry point : 0x0000011b

  Load Region LR_1 (Base: 0x00000000, Size: 0x00002c58, Max: 0xffffffff, ABSOLUTE)

    Execution Region ER_RO (Base: 0x00000000, Size: 0x00002b98, Max: 0xffffffff, ABSOLUTE)

    Base Addr    Size         Type   Attr      Idx    E Section Name        Object

    0x00000000   0x00000124   Code   RO            3  * RESET               startup.o
    0x00000124   0x00000000   Code   RO         1623  * .ARM.Collect$$$$00000000  mc_w.l(entry.o)
    0x00000124   0x00000004   Code   RO         1895    .ARM.Collect$$$$00000001  mc_w.l(entry2.o)
    0x00000128   0x00000004   Code   RO         1898    .ARM.Collect$$$$00000004  mc_w.l(entry5.o)
    0x0000012c   0x00000008   Code   RO         1899    .ARM.Collect$$$$00000007  mc_w.l(entry7.o)
    0x00000134   0x00000004   Code   RO         1896    .ARM.Collect$$$$00002712  mc_w.l(entry2.o)
    0x00000138   0x00000006   Code   RO          849    .emb_text           driverlib.lib(sysctl.o)
    0x0000013e   0x00000002   PAD
    0x00000140   0x00000624   Code   RO           11    .text               rit128x96x4.o
    0x00000764   0x00000604   Code   RO           67    .text               os.o
    0x00000d68   0x00000918   Code   RO          129    .text               lab2.o
    0x00001680   0x000002ce   Code   RO          156    .text               cr4_fft_64_stm32.o
    0x0000194e   0x00000002   PAD
    0x00001950   0x00000048   Code   RO          159    .text               pid_stm32.o
    0x00001998   0x00000188   Code   RO          162    .text               adc.o
    0x00001b20   0x00000360   Code   RO          186    .text               uart.o
    0x00001e80   0x00000026   Code   RO         1626    .text               mc_w.l(memseta.o)
    0x00001ea6   0x0000002c   Code   RO         1628    .text               mc_w.l(strstr.o)
    0x00001ed2   0x00000018   Code   RO         1630    .text               mc_w.l(strncpy.o)
    0x00001eea   0x00000010   Code   RO         1632    .text               mc_w.l(strlen.o)
    0x00001efa   0x0000002c   Code   RO         1903    .text               mc_w.l(uidiv.o)
    0x00001f26   0x00000002   PAD
    0x00001f28   0x00000024   Code   RO         1918    .text               mc_w.l(init.o)
    0x00001f4c   0x00000048   Code   RO          153    RESET               os_asm.o
    0x00001f94   0x0000000a   Code   RO          213    i.ADCIntClear       driverlib.lib(adc.o)
    0x00001f9e   0x00000010   Code   RO          214    i.ADCIntDisable     driverlib.lib(adc.o)
    0x00001fae   0x00000010   Code   RO          215    i.ADCIntEnable      driverlib.lib(adc.o)
    0x00001fbe   0x00000032   Code   RO          224    i.ADCSequenceConfigure  driverlib.lib(adc.o)
    0x00001ff0   0x00000024   Code   RO          225    i.ADCSequenceDataGet  driverlib.lib(adc.o)
    0x00002014   0x0000006e   Code   RO          230    i.ADCSequenceStepConfigure  driverlib.lib(adc.o)
    0x00002082   0x00000028   Code   RO          421    i.GPIODirModeSet    driverlib.lib(gpio.o)
    0x000020aa   0x000000b0   Code   RO          426    i.GPIOPadConfigSet  driverlib.lib(gpio.o)
    0x0000215a   0x0000001c   Code   RO          439    i.GPIOPinTypeGPIOOutput  driverlib.lib(gpio.o)
    0x00002176   0x0000001c   Code   RO          445    i.GPIOPinTypeSSI    driverlib.lib(gpio.o)
    0x00002192   0x0000001c   Code   RO          447    i.GPIOPinTypeUART   driverlib.lib(gpio.o)
    0x000021ae   0x00000006   Code   RO          450    i.GPIOPinWrite      driverlib.lib(gpio.o)
    0x000021b4   0x0000006c   Code   RO          636    i.IntEnable         driverlib.lib(interrupt.o)
    0x00002220   0x00000008   Code   RO          738    i.SSIBusy           driverlib.lib(ssi.o)
    0x00002228   0x0000004a   Code   RO          739    i.SSIConfigSetExpClk  driverlib.lib(ssi.o)
    0x00002272   0x00000012   Code   RO          743    i.SSIDataGetNonBlocking  driverlib.lib(ssi.o)
    0x00002284   0x0000000c   Code   RO          744    i.SSIDataPut        driverlib.lib(ssi.o)
    0x00002290   0x0000000a   Code   RO          746    i.SSIDisable        driverlib.lib(ssi.o)
    0x0000229a   0x0000000a   Code   RO          747    i.SSIEnable         driverlib.lib(ssi.o)
    0x000022a4   0x000001e8   Code   RO          854    i.SysCtlClockGet    driverlib.lib(sysctl.o)
    0x0000248c   0x0000013c   Code   RO          855    i.SysCtlClockSet    driverlib.lib(sysctl.o)
    0x000025c8   0x00000020   Code   RO          882    i.SysCtlPeripheralEnable  driverlib.lib(sysctl.o)
    0x000025e8   0x00000008   Code   RO         1139    i.SysTickValueGet   driverlib.lib(systick.o)
    0x000025f0   0x0000001c   Code   RO         1194    i.TimerConfigure    driverlib.lib(timer.o)
    0x0000260c   0x00000016   Code   RO         1198    i.TimerControlTrigger  driverlib.lib(timer.o)
    0x00002622   0x0000000e   Code   RO         1201    i.TimerEnable       driverlib.lib(timer.o)
    0x00002630   0x00000012   Code   RO         1209    i.TimerLoadSet      driverlib.lib(timer.o)
    0x00002642   0x00000010   Code   RO         1365    i.UARTCharGetNonBlocking  driverlib.lib(uart.o)
    0x00002652   0x00000010   Code   RO         1367    i.UARTCharPutNonBlocking  driverlib.lib(uart.o)
    0x00002662   0x0000000a   Code   RO         1368    i.UARTCharsAvail    driverlib.lib(uart.o)
    0x0000266c   0x0000006e   Code   RO         1370    i.UARTConfigSetExpClk  driverlib.lib(uart.o)
    0x000026da   0x00000004   Code   RO         1383    i.UARTIntClear      driverlib.lib(uart.o)
    0x000026de   0x00000008   Code   RO         1385    i.UARTIntEnable     driverlib.lib(uart.o)
    0x000026e6   0x0000000a   Code   RO         1387    i.UARTIntStatus     driverlib.lib(uart.o)
    0x000026f0   0x0000000a   Code   RO         1399    i.UARTSpaceAvail    driverlib.lib(uart.o)
    0x000026fa   0x00000002   PAD
    0x000026fc   0x00000028   Code   RO         1681    i.__0sprintf$1      mc_w.l(printf1.o)
    0x00002724   0x0000000e   Code   RO         1932    i.__scatterload_copy  mc_w.l(handlers.o)
    0x00002732   0x00000002   Code   RO         1933    i.__scatterload_null  mc_w.l(handlers.o)
    0x00002734   0x0000000e   Code   RO         1934    i.__scatterload_zeroinit  mc_w.l(handlers.o)
    0x00002742   0x00000002   PAD
    0x00002744   0x00000150   Code   RO         1686    i._printf_core      mc_w.l(printf1.o)
    0x00002894   0x0000000a   Code   RO         1688    i._sputc            mc_w.l(printf1.o)
    0x0000289e   0x0000023b   Data   RO           13    .constdata          rit128x96x4.o
    0x00002ad9   0x00000003   PAD
    0x00002adc   0x0000009c   Data   RO          895    .constdata          driverlib.lib(sysctl.o)
    0x00002b78   0x00000020   Data   RO         1930    Region$$Table       anon$$obj.o


    Execution Region ER_RW (Base: 0x20000000, Size: 0x000000c0, Max: 0xffffffff, ABSOLUTE)

    Base Addr    Size         Type   Attr      Idx    E Section Name        Object

    0x20000000   0x0000000c   Data   RW           14    .data               rit128x96x4.o
    0x2000000c   0x0000002c   Data   RW           69    .data               os.o
    0x20000038   0x0000005c   Data   RW          132    .data               lab2.o
    0x20000094   0x00000010   Data   RW          163    .data               adc.o
    0x200000a4   0x00000019   Data   RW          188    .data               uart.o


    Execution Region ER_ZI (Base: 0x200000c0, Size: 0x00001c68, Max: 0xffffffff, ABSOLUTE)

    Base Addr    Size         Type   Attr      Idx    E Section Name        Object

    0x200000c0   0x000000a8   Zero   RW           12    .bss                rit128x96x4.o
    0x20000168   0x00001668   Zero   RW           68    .bss                os.o
    0x200017d0   0x00000318   Zero   RW          130    .bss                lab2.o
    0x20001ae8   0x00000140   Zero   RW          187    .bss                uart.o
    0x20001c28   0x00000100   Zero   RW            1    STACK               startup.o


==============================================================================

Image component sizes


      Code (inc. data)   RO Data    RW Data    ZI Data      Debug   Object Name

       392         34          0         16          0       2421   adc.o
       718        240          0          0          0        216   cr4_fft_64_stm32.o
      2328        240          0         92        792       6557   lab2.o
      1540        132          0         44       5736       8062   os.o
        72          8          0          0          0        180   os_asm.o
        72          8          0          0          0        184   pid_stm32.o
      1572         60        571         12        168       7357   rit128x96x4.o
       292        256          0          0        256        276   startup.o
       864         62          0         25        320       3763   uart.o

    ----------------------------------------------------------------------
      7852       1042        606        192       7272      29016   Object Totals
         0          0         32          0          0          0   (incl. Generated)
         2          2          3          3          0          0   (incl. Padding)

    ----------------------------------------------------------------------

      Code (inc. data)   RO Data    RW Data    ZI Data      Debug   Library Member Name

       238          0          0          0          0       5892   adc.o
       306          0          0          0          0       3846   gpio.o
       108          0          0          0          0        572   interrupt.o
       132          0          0          0          0       2961   ssi.o
       842         74        156          0          0       3819   sysctl.o
         8          0          0          0          0        402   systick.o
        82          0          0          0          0       1888   timer.o
       184          0          0          0          0       4546   uart.o
         0          0          0          0          0          0   entry.o
         8          4          0          0          0          0   entry2.o
         4          0          0          0          0          0   entry5.o
         8          4          0          0          0          0   entry7.o
        30          0          0          0          0          0   handlers.o
        36          8          0          0          0         68   init.o
        38          0          0          0          0        108   memseta.o
       386         10          0          0          0        248   printf1.o
        16          0          0          0          0         68   strlen.o
        24          0          0          0          0         76   strncpy.o
        44          0          0          0          0         80   strstr.o
        44          0          0          0          0         80   uidiv.o

    ----------------------------------------------------------------------
      2546        100        156          0          0      24654   Library Totals
         8          0          0          0          0          0   (incl. Padding)

    ----------------------------------------------------------------------

      Code (inc. data)   RO Data    RW Data    ZI Data      Debug   Library Name

      1900         74        156          0          0      23926   driverlib.lib
       638         26          0          0          0        728   mc_w.l

    ----------------------------------------------------------------------
      2546        100        156          0          0      24654   Library Totals

    ----------------------------------------------------------------------

==============================================================================


      Code (inc. data)   RO Data    RW Data    ZI Data      Debug   

     10398       1142        762        192       7272      51174   Grand Totals
     10398       1142        762        192       7272      51174   ELF Image Totals
     10398       1142        762        192          0          0   ROM Totals

==============================================================================

    Total RO  Size (Code + RO Data)                11160 (  10.90kB)
    Total RW  Size (RW Data + ZI Data)              7464 (   7.29kB)
    Total ROM Size (Code + RO Data + RW Data)      11352 (  11.09kB)

==============================================================================

