<html>
<body>
<pre>
<h1>µVision Build Log</h1>
<h2>Project:</h2>
D:\Dropbox\EE345M\Lab1\prepPartA\Lab1.uvproj
Project File Date:  01/25/2012

<h2>Output:</h2>
Build target 'OLED'
compiling rit128x96x4.c...
compiling OLED_SplitScreen.c...
OLED_SplitScreen.c(19): error:  #169: expected a declaration
compiling OLED_SplitScreen_TestMain.c...
OLED_SplitScreen_TestMain.c(42): error:  #20: identifier "top" is undefined
OLED_SplitScreen_TestMain.c(43): error:  #20: identifier "bottom" is undefined
OLED_SplitScreen_TestMain.c(39): warning:  #177-D: variable "i" was declared but never referenced
Target not created
Build target 'OLED'
compiling OLED_SplitScreen.c...
OLED_SplitScreen.c(19): error:  #169: expected a declaration
compiling OLED_SplitScreen_TestMain.c...
OLED_SplitScreen_TestMain.c(39): warning:  #177-D: variable "i" was declared but never referenced
Target not created
Build target 'OLED'
compiling OLED_SplitScreen.c...
OLED_SplitScreen.c(23): error:  #167: argument of type "char" is incompatible with parameter of type "const char *"
OLED_SplitScreen.c(25): error:  #65: expected a ";"
OLED_SplitScreen.c(27): error:  #167: argument of type "char" is incompatible with parameter of type "const char *"
OLED_SplitScreen.c(29): error:  #65: expected a ";"
OLED_SplitScreen.c: ERROR: Top/Bottom not specified");
Target not created
Build target 'OLED'
compiling OLED_SplitScreen.c...
OLED_SplitScreen.c(25): error:  #65: expected a ";"
OLED_SplitScreen.c(29): error:  #65: expected a ";"
OLED_SplitScreen.c: ERROR: Top/Bottom not specified");
Target not created
Build target 'OLED'
compiling OLED_SplitScreen.c...
linking...
Lab1.axf: Error: L6218E: Undefined symbol Output_Clear (referred from oled_splitscreen_testmain.o).
Lab1.axf: Error: L6218E: Undefined symbol Output_Color (referred from oled_splitscreen_testmain.o).
Lab1.axf: Error: L6218E: Undefined symbol Output_Init (referred from oled_splitscreen_testmain.o).
Target not created
Build target 'OLED'
compiling OLED_SplitScreen_TestMain.c...
OLED_SplitScreen_TestMain.c(40): warning:  #177-D: variable "i" was declared but never referenced
linking...
Program Size: Code=3824 RO-data=760 RW-data=24 ZI-data=760  
"Lab1.axf" - 0 Error(s), 1 Warning(s).
Load "D:\\Dropbox\\EE345M\\Lab1\\prepPartA\\Lab1.AXF" 
Connecting: Mode=JTAG, Speed=1000000Hz
Erase Done.
Programming Done.
Verify OK.
Build target 'OLED'
compiling OLED_SplitScreen_TestMain.c...
OLED_SplitScreen_TestMain.c(40): warning:  #177-D: variable "i" was declared but never referenced
linking...
Program Size: Code=3804 RO-data=760 RW-data=24 ZI-data=760  
"Lab1.axf" - 0 Error(s), 1 Warning(s).
Load "D:\\Dropbox\\EE345M\\Lab1\\prepPartA\\Lab1.AXF" 
Connecting: Mode=JTAG, Speed=1000000Hz
Erase Done.
Programming Done.
Verify OK.
Build target 'OLED'
compiling OLED_SplitScreen.c...
compiling OLED_SplitScreen_TestMain.c...
OLED_SplitScreen_TestMain.c(49): warning:  #128-D: loop is not reachable from preceding code
linking...
Program Size: Code=3856 RO-data=760 RW-data=24 ZI-data=760  
"Lab1.axf" - 0 Error(s), 1 Warning(s).
Load "D:\\Dropbox\\EE345M\\Lab1\\prepPartA\\Lab1.AXF" 
Connecting: Mode=JTAG, Speed=1000000Hz
Erase Done.
Programming Done.
Verify OK.
Build target 'OLED'
compiling OLED_SplitScreen.c...
compiling OLED_SplitScreen_TestMain.c...
OLED_SplitScreen_TestMain.c(49): warning:  #128-D: loop is not reachable from preceding code
linking...
Program Size: Code=3872 RO-data=760 RW-data=24 ZI-data=760  
"Lab1.axf" - 0 Error(s), 1 Warning(s).
Build target 'OLED'
linking...
Program Size: Code=3872 RO-data=760 RW-data=24 ZI-data=760  
"Lab1.axf" - 0 Error(s), 0 Warning(s).
Load "D:\\Dropbox\\EE345M\\Lab1\\prepPartA\\Lab1.AXF" 
Connecting: Mode=JTAG, Speed=1000000Hz
Erase Done.
Programming Done.
Verify OK.
