<html>
<body>
<pre>
<h1>µVision Build Log</h1>
<h2>Project:</h2>
D:\Dropbox\EE345M\Lab1\prepPartA\Lab1.uvproj
Project File Date:  01/25/2012

<h2>Output:</h2>
Build target 'OLED'
compiling OLED_SplitScreen.c...
OLED_SplitScreen.c(23): error:  #268: declaration may not appear after executable statement in block
OLED_SplitScreen.c(23): warning:  #175-D: subscript out of range
OLED_SplitScreen.c(24): error:  #268: declaration may not appear after executable statement in block
OLED_SplitScreen.c(26): warning:  #223-D: function "itoa" declared implicitly
OLED_SplitScreen.c(23): warning:  #550-D: variable "combined" was set but never used
compiling OLED_SplitScreen_TestMain.c...
OLED_SplitScreen_TestMain.c(49): warning:  #128-D: loop is not reachable from preceding code
Target not created
Build target 'OLED'
compiling OLED_SplitScreen.c...
OLED_SplitScreen.c(23): error:  #268: declaration may not appear after executable statement in block
OLED_SplitScreen.c(23): warning:  #175-D: subscript out of range
OLED_SplitScreen.c(24): error:  #268: declaration may not appear after executable statement in block
OLED_SplitScreen.c(26): warning:  #223-D: function "itoa" declared implicitly
OLED_SplitScreen.c(23): warning:  #550-D: variable "combined" was set but never used
Target not created
Build target 'OLED'
compiling OLED_SplitScreen.c...
OLED_SplitScreen.c(23): error:  #268: declaration may not appear after executable statement in block
OLED_SplitScreen.c(24): warning:  #175-D: subscript out of range
OLED_SplitScreen.c(25): error:  #268: declaration may not appear after executable statement in block
OLED_SplitScreen.c(27): warning:  #223-D: function "itoa" declared implicitly
OLED_SplitScreen.c(23): warning:  #550-D: variable "combined" was set but never used
Target not created
Build target 'OLED'
compiling OLED_SplitScreen.c...
OLED_SplitScreen.c(25): warning:  #175-D: subscript out of range
OLED_SplitScreen.c(27): warning:  #223-D: function "itoa" declared implicitly
OLED_SplitScreen.c(23): warning:  #550-D: variable "combined" was set but never used
OLED_SplitScreen.c(44): warning: C3488E: write to variable 'combined' with offset out of bounds
linking...
Lab1.axf: error: L6002U: Could not open file ..\..\..\S2012\EE345M\driverlib\rvmdk\driverlib.lib: No such file or directory
Target not created
Build target 'OLED'
compiling rit128x96x4.c...
compiling OLED_SplitScreen.c...
OLED_SplitScreen.c(25): warning:  #175-D: subscript out of range
OLED_SplitScreen.c(27): warning:  #223-D: function "itoa" declared implicitly
OLED_SplitScreen.c(23): warning:  #550-D: variable "combined" was set but never used
OLED_SplitScreen.c(44): warning: C3488E: write to variable 'combined' with offset out of bounds
compiling OLED_SplitScreen_TestMain.c...
OLED_SplitScreen_TestMain.c(49): warning:  #128-D: loop is not reachable from preceding code
linking...
Lab1.axf: error: L6002U: Could not open file ..\..\..\S2012\EE345M\driverlib\rvmdk\driverlib.lib: No such file or directory
Target not created
Build target 'OLED'
linking...
Lab1.axf: Error: L6218E: Undefined symbol itoa (referred from oled_splitscreen.o).
Target not created
Build target 'OLED'
compiling OLED_SplitScreen.c...
OLED_SplitScreen.c(25): warning:  #175-D: subscript out of range
OLED_SplitScreen.c(28): warning:  #167-D: argument of type "unsigned char *" is incompatible with parameter of type "char *restrict"
OLED_SplitScreen.c(29): warning:  #223-D: function "strcat" declared implicitly
OLED_SplitScreen.c(31): error:  #137: expression must be a modifiable lvalue
OLED_SplitScreen.c(39): warning:  #167-D: argument of type "unsigned char *" is incompatible with parameter of type "const char *"
OLED_SplitScreen.c(43): warning:  #167-D: argument of type "unsigned char *" is incompatible with parameter of type "const char *"
Target not created
Build target 'OLED'
compiling OLED_SplitScreen.c...
OLED_SplitScreen.c(21): error:  #147-D: declaration is incompatible with "void oLED_Message(int, int, char *, long)" (declared at line 19 of "OLED_SplitScreen.h")
OLED_SplitScreen.c(25): warning:  #175-D: subscript out of range
OLED_SplitScreen.c(28): warning:  #167-D: argument of type "unsigned char *" is incompatible with parameter of type "char *restrict"
OLED_SplitScreen.c(29): warning:  #223-D: function "strcat" declared implicitly
OLED_SplitScreen.c(31): error:  #137: expression must be a modifiable lvalue
OLED_SplitScreen.c(39): warning:  #167-D: argument of type "unsigned char *" is incompatible with parameter of type "const char *"
OLED_SplitScreen.c(43): warning:  #167-D: argument of type "unsigned char *" is incompatible with parameter of type "const char *"
Target not created
Build target 'OLED'
compiling OLED_SplitScreen.c...
OLED_SplitScreen.c(21): error:  #147-D: declaration is incompatible with "void oLED_Message(int, int, char *, long)" (declared at line 19 of "OLED_SplitScreen.h")
OLED_SplitScreen.c(25): warning:  #175-D: subscript out of range
OLED_SplitScreen.c(26): error:  #137: expression must be a modifiable lvalue
OLED_SplitScreen.c(30): warning:  #167-D: argument of type "unsigned char *" is incompatible with parameter of type "char *restrict"
OLED_SplitScreen.c(31): warning:  #223-D: function "strcat" declared implicitly
OLED_SplitScreen.c(39): warning:  #167-D: argument of type "unsigned char *" is incompatible with parameter of type "const char *"
OLED_SplitScreen.c(43): warning:  #167-D: argument of type "unsigned char *" is incompatible with parameter of type "const char *"
Target not created
Build target 'OLED'
compiling OLED_SplitScreen.c...
OLED_SplitScreen.c(21): error:  #147-D: declaration is incompatible with "void oLED_Message(int, int, char *, long)" (declared at line 19 of "OLED_SplitScreen.h")
OLED_SplitScreen.c(26): error:  #137: expression must be a modifiable lvalue
OLED_SplitScreen.c(30): warning:  #167-D: argument of type "unsigned char *" is incompatible with parameter of type "char *restrict"
OLED_SplitScreen.c(31): warning:  #223-D: function "strcat" declared implicitly
OLED_SplitScreen.c(39): warning:  #167-D: argument of type "unsigned char *" is incompatible with parameter of type "const char *"
OLED_SplitScreen.c(43): warning:  #167-D: argument of type "unsigned char *" is incompatible with parameter of type "const char *"
Target not created
Build target 'OLED'
compiling OLED_SplitScreen.c...
OLED_SplitScreen.c(26): error:  #137: expression must be a modifiable lvalue
OLED_SplitScreen.c(30): warning:  #167-D: argument of type "unsigned char *" is incompatible with parameter of type "char *restrict"
OLED_SplitScreen.c(31): warning:  #223-D: function "strcat" declared implicitly
OLED_SplitScreen.c(39): warning:  #167-D: argument of type "unsigned char *" is incompatible with parameter of type "const char *"
OLED_SplitScreen.c(43): warning:  #167-D: argument of type "unsigned char *" is incompatible with parameter of type "const char *"
Target not created
Build target 'OLED'
compiling OLED_SplitScreen.c...
OLED_SplitScreen.c(30): warning:  #167-D: argument of type "unsigned char *" is incompatible with parameter of type "char *restrict"
OLED_SplitScreen.c(31): warning:  #223-D: function "strcat" declared implicitly
OLED_SplitScreen.c(23): warning:  #177-D: variable "combined" was declared but never referenced
linking...
Program Size: Code=4338 RO-data=762 RW-data=24 ZI-data=760  
"Lab1.axf" - 0 Error(s), 3 Warning(s).
Build target 'OLED'
compiling OLED_SplitScreen.c...
OLED_SplitScreen.c(31): warning:  #223-D: function "strcat" declared implicitly
OLED_SplitScreen.c(23): warning:  #177-D: variable "combined" was declared but never referenced
linking...
Program Size: Code=4338 RO-data=762 RW-data=24 ZI-data=760  
"Lab1.axf" - 0 Error(s), 2 Warning(s).
Build target 'OLED'
compiling OLED_SplitScreen.c...
OLED_SplitScreen.c(26): error:  #137: expression must be a modifiable lvalue
OLED_SplitScreen.c(31): warning:  #223-D: function "strcat" declared implicitly
Target not created
Build target 'OLED'
compiling OLED_SplitScreen.c...
OLED_SplitScreen.c(31): warning:  #223-D: function "strcat" declared implicitly
OLED_SplitScreen.c(23): warning:  #177-D: variable "combined" was declared but never referenced
linking...
Program Size: Code=4338 RO-data=762 RW-data=24 ZI-data=760  
"Lab1.axf" - 0 Error(s), 2 Warning(s).
Build target 'OLED'
compiling OLED_SplitScreen.c...
OLED_SplitScreen.c(31): warning:  #223-D: function "strcat" declared implicitly
linking...
Program Size: Code=4338 RO-data=762 RW-data=24 ZI-data=760  
"Lab1.axf" - 0 Error(s), 1 Warning(s).
Build target 'OLED'
linking...
Program Size: Code=4338 RO-data=762 RW-data=24 ZI-data=760  
"Lab1.axf" - 0 Error(s), 0 Warning(s).
Load "D:\\Dropbox\\EE345M\\Lab1\\prepPartA\\Lab1.AXF" 
Connecting: Mode=JTAG, Speed=1000000Hz
Erase Done.
Programming Done.
Verify OK.
Build target 'OLED'
compiling OLED_SplitScreen_TestMain.c...
OLED_SplitScreen_TestMain.c(49): warning:  #128-D: loop is not reachable from preceding code
linking...
Program Size: Code=4322 RO-data=762 RW-data=24 ZI-data=760  
"Lab1.axf" - 0 Error(s), 1 Warning(s).
Load "D:\\Dropbox\\EE345M\\Lab1\\prepPartA\\Lab1.AXF" 
Connecting: Mode=JTAG, Speed=1000000Hz
Erase Done.
Programming Done.
Verify OK.
Build target 'OLED'
compiling OLED_SplitScreen.c...
OLED_SplitScreen.c(31): warning:  #223-D: function "strcat" declared implicitly
linking...
Program Size: Code=4318 RO-data=762 RW-data=24 ZI-data=760  
"Lab1.axf" - 0 Error(s), 1 Warning(s).
Load "D:\\Dropbox\\EE345M\\Lab1\\prepPartA\\Lab1.AXF" 
Connecting: Mode=JTAG, Speed=1000000Hz
Erase Done.
Programming Done.
Verify OK.
Build target 'OLED'
compiling OLED_SplitScreen.c...
OLED_SplitScreen.c(31): warning:  #223-D: function "strcat" declared implicitly
linking...
Program Size: Code=4318 RO-data=762 RW-data=24 ZI-data=760  
"Lab1.axf" - 0 Error(s), 1 Warning(s).
Load "D:\\Dropbox\\EE345M\\Lab1\\prepPartA\\Lab1.AXF" 
Connecting: Mode=JTAG, Speed=1000000Hz
Erase Done.
Programming Done.
Verify OK.
Build target 'OLED'
compiling OLED_SplitScreen.c...
OLED_SplitScreen.c(31): warning:  #223-D: function "strcat" declared implicitly
linking...
Program Size: Code=4326 RO-data=762 RW-data=24 ZI-data=760  
"Lab1.axf" - 0 Error(s), 1 Warning(s).
Load "D:\\Dropbox\\EE345M\\Lab1\\prepPartA\\Lab1.AXF" 
Connecting: Mode=JTAG, Speed=1000000Hz
Erase Done.
Programming Done.
Verify OK.
Build target 'OLED'
compiling OLED_SplitScreen.c...
OLED_SplitScreen.c(31): warning:  #223-D: function "strcat" declared implicitly
linking...
Program Size: Code=4326 RO-data=762 RW-data=24 ZI-data=760  
"Lab1.axf" - 0 Error(s), 1 Warning(s).
Load "D:\\Dropbox\\EE345M\\Lab1\\prepPartA\\Lab1.AXF" 
Connecting: Mode=JTAG, Speed=1000000Hz
Erase Done.
Programming Done.
Verify OK.
Build target 'OLED'
compiling OLED_SplitScreen.c...
OLED_SplitScreen.c(32): error:  #167: argument of type "char" is incompatible with parameter of type "char *restrict"
OLED_SplitScreen.c(32): error:  #137: expression must be a modifiable lvalue
Target not created
Build target 'OLED'
compiling OLED_SplitScreen.c...
OLED_SplitScreen.c(32): error:  #137: expression must be a modifiable lvalue
Target not created
Build target 'OLED'
compiling OLED_SplitScreen.c...
OLED_SplitScreen.c(32): error:  #167: argument of type "char (*)[21]" is incompatible with parameter of type "char *restrict"
OLED_SplitScreen.c(32): error:  #167: argument of type "char **" is incompatible with parameter of type "const char *restrict"
OLED_SplitScreen.c(32): error:  #137: expression must be a modifiable lvalue
Target not created
Build target 'OLED'
assembling Startup.s...
compiling rit128x96x4.c...
compiling OLED_SplitScreen.c...
OLED_SplitScreen.c(32): error:  #167: argument of type "char" is incompatible with parameter of type "char *restrict"
OLED_SplitScreen.c(32): error:  #167: argument of type "char" is incompatible with parameter of type "const char *restrict"
OLED_SplitScreen.c(32): error:  #137: expression must be a modifiable lvalue
compiling OLED_SplitScreen_TestMain.c...
OLED_SplitScreen_TestMain.c(49): warning:  #128-D: loop is not reachable from preceding code
Target not created
Build target 'OLED'
compiling OLED_SplitScreen.c...
OLED_SplitScreen.c(32): error:  #167: argument of type "char" is incompatible with parameter of type "char *restrict"
OLED_SplitScreen.c(32): error:  #137: expression must be a modifiable lvalue
Target not created
Build target 'OLED'
compiling OLED_SplitScreen.c...
OLED_SplitScreen.c(23): warning:  #177-D: variable "combined" was declared but never referenced
linking...
Program Size: Code=4334 RO-data=762 RW-data=24 ZI-data=760  
"Lab1.axf" - 0 Error(s), 1 Warning(s).
Load "D:\\Dropbox\\EE345M\\Lab1\\prepPartA\\Lab1.AXF" 
Connecting: Mode=JTAG, Speed=1000000Hz
Erase Done.
Programming Done.
Verify OK.
Build target 'OLED'
assembling Startup.s...
compiling rit128x96x4.c...
compiling OLED_SplitScreen.c...
OLED_SplitScreen.c(24): warning:  #177-D: variable "combined" was declared but never referenced
compiling OLED_SplitScreen_TestMain.c...
OLED_SplitScreen_TestMain.c(49): warning:  #128-D: loop is not reachable from preceding code
linking...
Program Size: Code=4342 RO-data=762 RW-data=24 ZI-data=760  
"Lab1.axf" - 0 Error(s), 2 Warning(s).
Load "D:\\Dropbox\\EE345M\\Lab1\\prepPartA\\Lab1.AXF" 
Connecting: Mode=JTAG, Speed=1000000Hz
Erase Done.
Programming Done.
Verify OK.
Build target 'OLED'
compiling OLED_SplitScreen_TestMain.c...
OLED_SplitScreen_TestMain.c(49): warning:  #128-D: loop is not reachable from preceding code
linking...
Program Size: Code=4342 RO-data=762 RW-data=24 ZI-data=760  
"Lab1.axf" - 0 Error(s), 1 Warning(s).
Load "D:\\Dropbox\\EE345M\\Lab1\\prepPartA\\Lab1.AXF" 
Connecting: Mode=JTAG, Speed=1000000Hz
Erase Done.
Programming Done.
Verify OK.
Build target 'OLED'
assembling Startup.s...
compiling rit128x96x4.c...
compiling OLED_SplitScreen.c...
OLED_SplitScreen.c(24): warning:  #177-D: variable "combined" was declared but never referenced
compiling OLED_SplitScreen_TestMain.c...
OLED_SplitScreen_TestMain.c(49): warning:  #128-D: loop is not reachable from preceding code
linking...
Program Size: Code=4322 RO-data=762 RW-data=24 ZI-data=760  
"Lab1.axf" - 0 Error(s), 2 Warning(s).
Load "D:\\Dropbox\\EE345M\\Lab1\\prepPartA\\Lab1.AXF" 
Connecting: Mode=JTAG, Speed=1000000Hz
Erase Done.
Programming Done.
Verify OK.
Build target 'OLED'
assembling Startup.s...
compiling rit128x96x4.c...
rit128x96x4.c(942): warning:  #223-D: function "sprintf" declared implicitly
rit128x96x4.c(953): warning:  #223-D: function "printf" declared implicitly
rit128x96x4.c: ERROR: Top/Bottom not specified");
rit128x96x4.c(939): warning:  #177-D: variable "combined" was declared but never referenced
Target not created
Build target 'OLED'
assembling Startup.s...
compiling rit128x96x4.c...
rit128x96x4.c(942): warning:  #223-D: function "sprintf" declared implicitly
rit128x96x4.c(953): warning:  #223-D: function "printf" declared implicitly
rit128x96x4.c: ERROR: Top/Bottom not specified");
rit128x96x4.c(939): warning:  #177-D: variable "combined" was declared but never referenced
Target not created
Build target 'OLED'
assembling Startup.s...
compiling rit128x96x4.c...
rit128x96x4.c(944): warning:  #223-D: function "sprintf" declared implicitly
rit128x96x4.c(955): warning:  #223-D: function "printf" declared implicitly
rit128x96x4.c: ERROR: Top/Bottom not specified");
rit128x96x4.c(941): warning:  #177-D: variable "combined" was declared but never referenced
Target not created
Build target 'OLED'
assembling Startup.s...
compiling rit128x96x4.c...
rit128x96x4.c(944): warning:  #223-D: function "sprintf" declared implicitly
rit128x96x4.c(955): warning:  #223-D: function "printf" declared implicitly
rit128x96x4.c: ERROR: Top/Bottom not specified");
rit128x96x4.c(941): warning:  #177-D: variable "combined" was declared but never referenced
Target not created
Build target 'OLED'
assembling Startup.s...
compiling rit128x96x4.c...
rit128x96x4.c(944): warning:  #223-D: function "sprintf" declared implicitly
rit128x96x4.c(955): warning:  #223-D: function "printf" declared implicitly
rit128x96x4.c: ERROR: Top/Bottom not specified");
rit128x96x4.c(941): warning:  #177-D: variable "combined" was declared but never referenced
Target not created
Build target 'OLED'
assembling Startup.s...
compiling rit128x96x4.c...
rit128x96x4.c(944): warning:  #223-D: function "sprintf" declared implicitly
rit128x96x4.c(955): warning:  #223-D: function "printf" declared implicitly
rit128x96x4.c: ERROR: Top/Bottom not specified");
rit128x96x4.c(941): warning:  #177-D: variable "combined" was declared but never referenced
Target not created
Build target 'OLED'
assembling Startup.s...
compiling rit128x96x4.c...
rit128x96x4.c(944): warning:  #223-D: function "sprintf" declared implicitly
rit128x96x4.c(955): warning:  #223-D: function "printf" declared implicitly
rit128x96x4.c: ERROR: Top/Bottom not specified");
rit128x96x4.c(941): warning:  #177-D: variable "combined" was declared but never referenced
Target not created
Build target 'OLED'
assembling Startup.s...
compiling rit128x96x4.c...
rit128x96x4.c(944): warning:  #223-D: function "sprintf" declared implicitly
rit128x96x4.c(955): warning:  #223-D: function "printf" declared implicitly
rit128x96x4.c: ERROR: Top/Bottom not specified");
rit128x96x4.c(941): warning:  #177-D: variable "combined" was declared but never referenced
Target not created
Build target 'OLED'
assembling Startup.s...
compiling OLED_SplitScreen_TestMain.c...
OLED_SplitScreen_TestMain.c(43): warning:  #223-D: function "Output_Init" declared implicitly
OLED_SplitScreen_TestMain.c(44): warning:  #223-D: function "Output_Color" declared implicitly
OLED_SplitScreen_TestMain.c(50): warning:  #128-D: loop is not reachable from preceding code
linking...
Lab1.axf: Error: L6218E: Undefined symbol Output_Color (referred from oled_splitscreen_testmain.o).
Lab1.axf: Error: L6218E: Undefined symbol Output_Init (referred from oled_splitscreen_testmain.o).
Lab1.axf: Error: L6218E: Undefined symbol oLED_Message (referred from oled_splitscreen_testmain.o).
Target not created
Build target 'OLED'
assembling Startup.s...
compiling OLED_SplitScreen_TestMain.c...
OLED_SplitScreen_TestMain.c(43): warning:  #223-D: function "Output_Init" declared implicitly
OLED_SplitScreen_TestMain.c(44): warning:  #223-D: function "Output_Color" declared implicitly
OLED_SplitScreen_TestMain.c(50): warning:  #128-D: loop is not reachable from preceding code
compiling rit128x96x4.c...
rit128x96x4.c(944): warning:  #223-D: function "sprintf" declared implicitly
rit128x96x4.c(955): warning:  #223-D: function "printf" declared implicitly
rit128x96x4.c: ERROR: Top/Bottom not specified");
rit128x96x4.c(941): warning:  #177-D: variable "combined" was declared but never referenced
Target not created
Build target 'OLED'
assembling Startup.s...
compiling OLED_SplitScreen_TestMain.c...
OLED_SplitScreen_TestMain.c(43): warning:  #223-D: function "Output_Init" declared implicitly
OLED_SplitScreen_TestMain.c(44): warning:  #223-D: function "Output_Color" declared implicitly
OLED_SplitScreen_TestMain.c(50): warning:  #128-D: loop is not reachable from preceding code
compiling rit128x96x4.c...
rit128x96x4.c(944): warning:  #223-D: function "sprintf" declared implicitly
rit128x96x4.c(941): warning:  #177-D: variable "combined" was declared but never referenced
linking...
Lab1.axf: Error: L6218E: Undefined symbol Output_Color (referred from oled_splitscreen_testmain.o).
Lab1.axf: Error: L6218E: Undefined symbol Output_Init (referred from oled_splitscreen_testmain.o).
Target not created
Build target 'OLED'
assembling Startup.s...
compiling OLED_SplitScreen_TestMain.c...
OLED_SplitScreen_TestMain.c(50): warning:  #128-D: loop is not reachable from preceding code
compiling rit128x96x4.c...
rit128x96x4.c(944): warning:  #223-D: function "sprintf" declared implicitly
rit128x96x4.c(941): warning:  #177-D: variable "combined" was declared but never referenced
linking...
Program Size: Code=4250 RO-data=762 RW-data=20 ZI-data=764  
"Lab1.axf" - 0 Error(s), 3 Warning(s).
